Archive member included to satisfy reference by file (symbol)

/opt/st/stm32cubeide_1.5.1/plugins/com.st.stm32cube.ide.mcu.externaltools.gnu-tools-for-stm32.7-2018-q2-update.linux64_1.5.0.202011040924/tools/bin/../lib/gcc/arm-none-eabi/7.3.1/../../../../arm-none-eabi/lib/thumb/v7e-m/fpv4-sp/hard/libc_nano.a(lib_a-errno.o)
                              Core/Src/syscalls.o (__errno)
/opt/st/stm32cubeide_1.5.1/plugins/com.st.stm32cube.ide.mcu.externaltools.gnu-tools-for-stm32.7-2018-q2-update.linux64_1.5.0.202011040924/tools/bin/../lib/gcc/arm-none-eabi/7.3.1/../../../../arm-none-eabi/lib/thumb/v7e-m/fpv4-sp/hard/libc_nano.a(lib_a-exit.o)
                              /opt/st/stm32cubeide_1.5.1/plugins/com.st.stm32cube.ide.mcu.externaltools.gnu-tools-for-stm32.7-2018-q2-update.linux64_1.5.0.202011040924/tools/bin/../lib/gcc/arm-none-eabi/7.3.1/../../../../arm-none-eabi/lib/thumb/v7e-m/fpv4-sp/hard/crt0.o (exit)
/opt/st/stm32cubeide_1.5.1/plugins/com.st.stm32cube.ide.mcu.externaltools.gnu-tools-for-stm32.7-2018-q2-update.linux64_1.5.0.202011040924/tools/bin/../lib/gcc/arm-none-eabi/7.3.1/../../../../arm-none-eabi/lib/thumb/v7e-m/fpv4-sp/hard/libc_nano.a(lib_a-impure.o)
                              /opt/st/stm32cubeide_1.5.1/plugins/com.st.stm32cube.ide.mcu.externaltools.gnu-tools-for-stm32.7-2018-q2-update.linux64_1.5.0.202011040924/tools/bin/../lib/gcc/arm-none-eabi/7.3.1/../../../../arm-none-eabi/lib/thumb/v7e-m/fpv4-sp/hard/libc_nano.a(lib_a-exit.o) (_global_impure_ptr)
/opt/st/stm32cubeide_1.5.1/plugins/com.st.stm32cube.ide.mcu.externaltools.gnu-tools-for-stm32.7-2018-q2-update.linux64_1.5.0.202011040924/tools/bin/../lib/gcc/arm-none-eabi/7.3.1/../../../../arm-none-eabi/lib/thumb/v7e-m/fpv4-sp/hard/libc_nano.a(lib_a-init.o)
                              /opt/st/stm32cubeide_1.5.1/plugins/com.st.stm32cube.ide.mcu.externaltools.gnu-tools-for-stm32.7-2018-q2-update.linux64_1.5.0.202011040924/tools/bin/../lib/gcc/arm-none-eabi/7.3.1/../../../../arm-none-eabi/lib/thumb/v7e-m/fpv4-sp/hard/crt0.o (__libc_init_array)
/opt/st/stm32cubeide_1.5.1/plugins/com.st.stm32cube.ide.mcu.externaltools.gnu-tools-for-stm32.7-2018-q2-update.linux64_1.5.0.202011040924/tools/bin/../lib/gcc/arm-none-eabi/7.3.1/../../../../arm-none-eabi/lib/thumb/v7e-m/fpv4-sp/hard/libc_nano.a(lib_a-memcpy-stub.o)
                              FreeRTOS/queue.o (memcpy)
/opt/st/stm32cubeide_1.5.1/plugins/com.st.stm32cube.ide.mcu.externaltools.gnu-tools-for-stm32.7-2018-q2-update.linux64_1.5.0.202011040924/tools/bin/../lib/gcc/arm-none-eabi/7.3.1/../../../../arm-none-eabi/lib/thumb/v7e-m/fpv4-sp/hard/libc_nano.a(lib_a-memset.o)
                              /opt/st/stm32cubeide_1.5.1/plugins/com.st.stm32cube.ide.mcu.externaltools.gnu-tools-for-stm32.7-2018-q2-update.linux64_1.5.0.202011040924/tools/bin/../lib/gcc/arm-none-eabi/7.3.1/../../../../arm-none-eabi/lib/thumb/v7e-m/fpv4-sp/hard/crt0.o (memset)
/opt/st/stm32cubeide_1.5.1/plugins/com.st.stm32cube.ide.mcu.externaltools.gnu-tools-for-stm32.7-2018-q2-update.linux64_1.5.0.202011040924/tools/bin/../lib/gcc/arm-none-eabi/7.3.1/thumb/v7e-m/fpv4-sp/hard/libgcc.a(_aeabi_uldivmod.o)
                              Drivers/STM32F4xx_HAL_Driver/Src/stm32f4xx_hal_rcc.o (__aeabi_uldivmod)
/opt/st/stm32cubeide_1.5.1/plugins/com.st.stm32cube.ide.mcu.externaltools.gnu-tools-for-stm32.7-2018-q2-update.linux64_1.5.0.202011040924/tools/bin/../lib/gcc/arm-none-eabi/7.3.1/thumb/v7e-m/fpv4-sp/hard/libgcc.a(_udivmoddi4.o)
                              /opt/st/stm32cubeide_1.5.1/plugins/com.st.stm32cube.ide.mcu.externaltools.gnu-tools-for-stm32.7-2018-q2-update.linux64_1.5.0.202011040924/tools/bin/../lib/gcc/arm-none-eabi/7.3.1/thumb/v7e-m/fpv4-sp/hard/libgcc.a(_aeabi_uldivmod.o) (__udivmoddi4)
/opt/st/stm32cubeide_1.5.1/plugins/com.st.stm32cube.ide.mcu.externaltools.gnu-tools-for-stm32.7-2018-q2-update.linux64_1.5.0.202011040924/tools/bin/../lib/gcc/arm-none-eabi/7.3.1/thumb/v7e-m/fpv4-sp/hard/libgcc.a(_dvmd_tls.o)
                              /opt/st/stm32cubeide_1.5.1/plugins/com.st.stm32cube.ide.mcu.externaltools.gnu-tools-for-stm32.7-2018-q2-update.linux64_1.5.0.202011040924/tools/bin/../lib/gcc/arm-none-eabi/7.3.1/thumb/v7e-m/fpv4-sp/hard/libgcc.a(_aeabi_uldivmod.o) (__aeabi_ldiv0)

Allocating common symbols
Common symbol       size              file

xSemaphore          0x4               Core/Src/main.o
uwTick              0x4               Drivers/STM32F4xx_HAL_Driver/Src/stm32f4xx_hal.o
xQueueRegistry      0x40              FreeRTOS/queue.o
pFlash              0x20              Drivers/STM32F4xx_HAL_Driver/Src/stm32f4xx_hal_flash.o
htim6               0x40              Core/Src/stm32f4xx_hal_timebase_tim.o
hspi1               0x58              Core/Src/main.o

Discarded input sections

[...]
Memory Configuration

Name             Origin             Length             Attributes
CCMRAM           0x0000000010000000 0x0000000000010000 xrw
RAM              0x0000000020000000 0x0000000000020000 xrw
FLASH            0x0000000008000000 0x0000000000100000 xr
*default*        0x0000000000000000 0xffffffffffffffff

Linker script and memory map

LOAD /opt/st/stm32cubeide_1.5.1/plugins/com.st.stm32cube.ide.mcu.externaltools.gnu-tools-for-stm32.7-2018-q2-update.linux64_1.5.0.202011040924/tools/bin/../lib/gcc/arm-none-eabi/7.3.1/thumb/v7e-m/fpv4-sp/hard/crti.o
LOAD /opt/st/stm32cubeide_1.5.1/plugins/com.st.stm32cube.ide.mcu.externaltools.gnu-tools-for-stm32.7-2018-q2-update.linux64_1.5.0.202011040924/tools/bin/../lib/gcc/arm-none-eabi/7.3.1/thumb/v7e-m/fpv4-sp/hard/crtbegin.o
LOAD /opt/st/stm32cubeide_1.5.1/plugins/com.st.stm32cube.ide.mcu.externaltools.gnu-tools-for-stm32.7-2018-q2-update.linux64_1.5.0.202011040924/tools/bin/../lib/gcc/arm-none-eabi/7.3.1/../../../../arm-none-eabi/lib/thumb/v7e-m/fpv4-sp/hard/crt0.o
LOAD Core/Src/main.o
LOAD Core/Src/stm32f4xx_hal_msp.o
LOAD Core/Src/stm32f4xx_hal_timebase_tim.o
LOAD Core/Src/stm32f4xx_it.o
LOAD Core/Src/syscalls.o
LOAD Core/Src/sysmem.o
LOAD Core/Src/system_stm32f4xx.o
LOAD Core/Startup/startup_stm32f407vgtx.o
LOAD Drivers/STM32F4xx_HAL_Driver/Src/stm32f4xx_hal.o
LOAD Drivers/STM32F4xx_HAL_Driver/Src/stm32f4xx_hal_cortex.o
LOAD Drivers/STM32F4xx_HAL_Driver/Src/stm32f4xx_hal_dma.o
LOAD Drivers/STM32F4xx_HAL_Driver/Src/stm32f4xx_hal_dma_ex.o
LOAD Drivers/STM32F4xx_HAL_Driver/Src/stm32f4xx_hal_exti.o
LOAD Drivers/STM32F4xx_HAL_Driver/Src/stm32f4xx_hal_flash.o
LOAD Drivers/STM32F4xx_HAL_Driver/Src/stm32f4xx_hal_flash_ex.o
LOAD Drivers/STM32F4xx_HAL_Driver/Src/stm32f4xx_hal_flash_ramfunc.o
LOAD Drivers/STM32F4xx_HAL_Driver/Src/stm32f4xx_hal_gpio.o
LOAD Drivers/STM32F4xx_HAL_Driver/Src/stm32f4xx_hal_pwr.o
LOAD Drivers/STM32F4xx_HAL_Driver/Src/stm32f4xx_hal_pwr_ex.o
LOAD Drivers/STM32F4xx_HAL_Driver/Src/stm32f4xx_hal_rcc.o
LOAD Drivers/STM32F4xx_HAL_Driver/Src/stm32f4xx_hal_rcc_ex.o
LOAD Drivers/STM32F4xx_HAL_Driver/Src/stm32f4xx_hal_spi.o
LOAD Drivers/STM32F4xx_HAL_Driver/Src/stm32f4xx_hal_tim.o
LOAD Drivers/STM32F4xx_HAL_Driver/Src/stm32f4xx_hal_tim_ex.o
LOAD FreeRTOS/croutine.o
LOAD FreeRTOS/event_groups.o
LOAD FreeRTOS/list.o
LOAD FreeRTOS/queue.o
LOAD FreeRTOS/stream_buffer.o
LOAD FreeRTOS/tasks.o
LOAD FreeRTOS/timers.o
LOAD FreeRTOS/portable/ARM_CM4F/port.o
LOAD FreeRTOS/portable/MemMang/heap_4.o
START GROUP
LOAD /opt/st/stm32cubeide_1.5.1/plugins/com.st.stm32cube.ide.mcu.externaltools.gnu-tools-for-stm32.7-2018-q2-update.linux64_1.5.0.202011040924/tools/bin/../lib/gcc/arm-none-eabi/7.3.1/../../../../arm-none-eabi/lib/thumb/v7e-m/fpv4-sp/hard/libc_nano.a
LOAD /opt/st/stm32cubeide_1.5.1/plugins/com.st.stm32cube.ide.mcu.externaltools.gnu-tools-for-stm32.7-2018-q2-update.linux64_1.5.0.202011040924/tools/bin/../lib/gcc/arm-none-eabi/7.3.1/../../../../arm-none-eabi/lib/thumb/v7e-m/fpv4-sp/hard/libm.a
END GROUP
START GROUP
LOAD /opt/st/stm32cubeide_1.5.1/plugins/com.st.stm32cube.ide.mcu.externaltools.gnu-tools-for-stm32.7-2018-q2-update.linux64_1.5.0.202011040924/tools/bin/../lib/gcc/arm-none-eabi/7.3.1/thumb/v7e-m/fpv4-sp/hard/libgcc.a
LOAD /opt/st/stm32cubeide_1.5.1/plugins/com.st.stm32cube.ide.mcu.externaltools.gnu-tools-for-stm32.7-2018-q2-update.linux64_1.5.0.202011040924/tools/bin/../lib/gcc/arm-none-eabi/7.3.1/../../../../arm-none-eabi/lib/thumb/v7e-m/fpv4-sp/hard/libc_nano.a
END GROUP
START GROUP
LOAD /opt/st/stm32cubeide_1.5.1/plugins/com.st.stm32cube.ide.mcu.externaltools.gnu-tools-for-stm32.7-2018-q2-update.linux64_1.5.0.202011040924/tools/bin/../lib/gcc/arm-none-eabi/7.3.1/thumb/v7e-m/fpv4-sp/hard/libgcc.a
LOAD /opt/st/stm32cubeide_1.5.1/plugins/com.st.stm32cube.ide.mcu.externaltools.gnu-tools-for-stm32.7-2018-q2-update.linux64_1.5.0.202011040924/tools/bin/../lib/gcc/arm-none-eabi/7.3.1/../../../../arm-none-eabi/lib/thumb/v7e-m/fpv4-sp/hard/libc_nano.a
LOAD /opt/st/stm32cubeide_1.5.1/plugins/com.st.stm32cube.ide.mcu.externaltools.gnu-tools-for-stm32.7-2018-q2-update.linux64_1.5.0.202011040924/tools/bin/../lib/gcc/arm-none-eabi/7.3.1/../../../../arm-none-eabi/lib/thumb/v7e-m/fpv4-sp/hard/libnosys.a
END GROUP
START GROUP
LOAD /opt/st/stm32cubeide_1.5.1/plugins/com.st.stm32cube.ide.mcu.externaltools.gnu-tools-for-stm32.7-2018-q2-update.linux64_1.5.0.202011040924/tools/bin/../lib/gcc/arm-none-eabi/7.3.1/thumb/v7e-m/fpv4-sp/hard/libgcc.a
LOAD /opt/st/stm32cubeide_1.5.1/plugins/com.st.stm32cube.ide.mcu.externaltools.gnu-tools-for-stm32.7-2018-q2-update.linux64_1.5.0.202011040924/tools/bin/../lib/gcc/arm-none-eabi/7.3.1/../../../../arm-none-eabi/lib/thumb/v7e-m/fpv4-sp/hard/libc_nano.a
LOAD /opt/st/stm32cubeide_1.5.1/plugins/com.st.stm32cube.ide.mcu.externaltools.gnu-tools-for-stm32.7-2018-q2-update.linux64_1.5.0.202011040924/tools/bin/../lib/gcc/arm-none-eabi/7.3.1/../../../../arm-none-eabi/lib/thumb/v7e-m/fpv4-sp/hard/libnosys.a
END GROUP
LOAD /opt/st/stm32cubeide_1.5.1/plugins/com.st.stm32cube.ide.mcu.externaltools.gnu-tools-for-stm32.7-2018-q2-update.linux64_1.5.0.202011040924/tools/bin/../lib/gcc/arm-none-eabi/7.3.1/thumb/v7e-m/fpv4-sp/hard/crtend.o
LOAD /opt/st/stm32cubeide_1.5.1/plugins/com.st.stm32cube.ide.mcu.externaltools.gnu-tools-for-stm32.7-2018-q2-update.linux64_1.5.0.202011040924/tools/bin/../lib/gcc/arm-none-eabi/7.3.1/thumb/v7e-m/fpv4-sp/hard/crtn.o
                0x0000000020020000                _estack = (ORIGIN (RAM) + LENGTH (RAM))
                0x0000000000000200                _Min_Heap_Size = 0x200
                0x0000000000000400                _Min_Stack_Size = 0x400

.isr_vector     0x0000000008000000      0x188
                0x0000000008000000                . = ALIGN (0x4)
 *(.isr_vector)
 .isr_vector    0x0000000008000000      0x188 Core/Startup/startup_stm32f407vgtx.o
                0x0000000008000000                g_pfnVectors
                0x0000000008000188                . = ALIGN (0x4)

.text           0x0000000008000190     0x56ec
                0x0000000008000190                . = ALIGN (0x4)
 *(.text)
 .text          0x0000000008000190       0x40 /opt/st/stm32cubeide_1.5.1/plugins/com.st.stm32cube.ide.mcu.externaltools.gnu-tools-for-stm32.7-2018-q2-update.linux64_1.5.0.202011040924/tools/bin/../lib/gcc/arm-none-eabi/7.3.1/thumb/v7e-m/fpv4-sp/hard/crtbegin.o
 .text          0x00000000080001d0       0x30 /opt/st/stm32cubeide_1.5.1/plugins/com.st.stm32cube.ide.mcu.externaltools.gnu-tools-for-stm32.7-2018-q2-update.linux64_1.5.0.202011040924/tools/bin/../lib/gcc/arm-none-eabi/7.3.1/thumb/v7e-m/fpv4-sp/hard/libgcc.a(_aeabi_uldivmod.o)
                0x00000000080001d0                __aeabi_uldivmod
 .text          0x0000000008000200      0x2cc /opt/st/stm32cubeide_1.5.1/plugins/com.st.stm32cube.ide.mcu.externaltools.gnu-tools-for-stm32.7-2018-q2-update.linux64_1.5.0.202011040924/tools/bin/../lib/gcc/arm-none-eabi/7.3.1/thumb/v7e-m/fpv4-sp/hard/libgcc.a(_udivmoddi4.o)
                0x0000000008000200                __udivmoddi4
 .text          0x00000000080004cc        0x4 /opt/st/stm32cubeide_1.5.1/plugins/com.st.stm32cube.ide.mcu.externaltools.gnu-tools-for-stm32.7-2018-q2-update.linux64_1.5.0.202011040924/tools/bin/../lib/gcc/arm-none-eabi/7.3.1/thumb/v7e-m/fpv4-sp/hard/libgcc.a(_dvmd_tls.o)
                0x00000000080004cc                __aeabi_ldiv0
                0x00000000080004cc                __aeabi_idiv0
 *(.text*)
 .text.MEMS_Write
                0x00000000080004d0       0x4c Core/Src/main.o
                0x00000000080004d0                MEMS_Write
 .text.MEMS_Read
                0x000000000800051c       0x54 Core/Src/main.o
                0x000000000800051c                MEMS_Read
 .text.main     0x0000000008000570       0xbc Core/Src/main.o
                0x0000000008000570                main
 .text.SystemClock_Config
                0x000000000800062c       0xd4 Core/Src/main.o
                0x000000000800062c                SystemClock_Config
 .text.MX_SPI1_Init
                0x0000000008000700       0x6c Core/Src/main.o
 .text.MX_GPIO_Init
                0x000000000800076c      0x294 Core/Src/main.o
 .text.green_blinking
                0x0000000008000a00       0x1c Core/Src/main.o
                0x0000000008000a00                green_blinking
 .text.orange_blinking
                0x0000000008000a1c       0x64 Core/Src/main.o
                0x0000000008000a1c                orange_blinking
 .text.HAL_GPIO_EXTI_Callback
                0x0000000008000a80       0x78 Core/Src/main.o
                0x0000000008000a80                HAL_GPIO_EXTI_Callback
 .text.HAL_TIM_PeriodElapsedCallback
                0x0000000008000af8       0x24 Core/Src/main.o
                0x0000000008000af8                HAL_TIM_PeriodElapsedCallback
 .text.Error_Handler
                0x0000000008000b1c        0x8 Core/Src/main.o
                0x0000000008000b1c                Error_Handler
 .text.HAL_MspInit
                0x0000000008000b24       0x50 Core/Src/stm32f4xx_hal_msp.o
                0x0000000008000b24                HAL_MspInit
 .text.HAL_SPI_MspInit
                0x0000000008000b74       0x90 Core/Src/stm32f4xx_hal_msp.o
                0x0000000008000b74                HAL_SPI_MspInit
 .text.HAL_InitTick
                0x0000000008000c04       0xb4 Core/Src/stm32f4xx_hal_timebase_tim.o
                0x0000000008000c04                HAL_InitTick
 .text.NMI_Handler
                0x0000000008000cb8        0x6 Core/Src/stm32f4xx_it.o
                0x0000000008000cb8                NMI_Handler
 .text.HardFault_Handler
                0x0000000008000cbe        0x6 Core/Src/stm32f4xx_it.o
                0x0000000008000cbe                HardFault_Handler
 .text.MemManage_Handler
                0x0000000008000cc4        0x6 Core/Src/stm32f4xx_it.o
                0x0000000008000cc4                MemManage_Handler
 .text.BusFault_Handler
                0x0000000008000cca        0x6 Core/Src/stm32f4xx_it.o
                0x0000000008000cca                BusFault_Handler
 .text.UsageFault_Handler
                0x0000000008000cd0        0x6 Core/Src/stm32f4xx_it.o
                0x0000000008000cd0                UsageFault_Handler
 .text.DebugMon_Handler
                0x0000000008000cd6        0xe Core/Src/stm32f4xx_it.o
                0x0000000008000cd6                DebugMon_Handler
 .text.EXTI0_IRQHandler
                0x0000000008000ce4        0xe Core/Src/stm32f4xx_it.o
                0x0000000008000ce4                EXTI0_IRQHandler
 *fill*         0x0000000008000cf2        0x2 
 .text.TIM6_DAC_IRQHandler
                0x0000000008000cf4       0x14 Core/Src/stm32f4xx_it.o
                0x0000000008000cf4                TIM6_DAC_IRQHandler
 .text.SystemInit
                0x0000000008000d08       0x2c Core/Src/system_stm32f4xx.o
                0x0000000008000d08                SystemInit
 .text.Reset_Handler
                0x0000000008000d34       0x50 Core/Startup/startup_stm32f407vgtx.o
                0x0000000008000d34                Reset_Handler
 .text.Default_Handler
                0x0000000008000d84        0x2 Core/Startup/startup_stm32f407vgtx.o
                0x0000000008000d84                RTC_Alarm_IRQHandler
                0x0000000008000d84                HASH_RNG_IRQHandler
                0x0000000008000d84                EXTI2_IRQHandler
                0x0000000008000d84                TIM8_CC_IRQHandler
                0x0000000008000d84                TIM1_CC_IRQHandler
                0x0000000008000d84                DMA2_Stream5_IRQHandler
                0x0000000008000d84                DMA1_Stream5_IRQHandler
                0x0000000008000d84                PVD_IRQHandler
                0x0000000008000d84                SDIO_IRQHandler
                0x0000000008000d84                TAMP_STAMP_IRQHandler
                0x0000000008000d84                CAN2_RX1_IRQHandler
                0x0000000008000d84                EXTI3_IRQHandler
                0x0000000008000d84                TIM8_TRG_COM_TIM14_IRQHandler
                0x0000000008000d84                TIM1_UP_TIM10_IRQHandler
                0x0000000008000d84                TIM8_UP_TIM13_IRQHandler
                0x0000000008000d84                I2C3_ER_IRQHandler
                0x0000000008000d84                I2C2_EV_IRQHandler
                0x0000000008000d84                DMA1_Stream2_IRQHandler
                0x0000000008000d84                CAN1_RX0_IRQHandler
                0x0000000008000d84                FPU_IRQHandler
                0x0000000008000d84                OTG_HS_WKUP_IRQHandler
                0x0000000008000d84                CAN2_SCE_IRQHandler
                0x0000000008000d84                DMA2_Stream2_IRQHandler
                0x0000000008000d84                SPI1_IRQHandler
                0x0000000008000d84                TIM1_BRK_TIM9_IRQHandler
                0x0000000008000d84                DCMI_IRQHandler
                0x0000000008000d84                CAN2_RX0_IRQHandler
                0x0000000008000d84                DMA2_Stream3_IRQHandler
                0x0000000008000d84                USART6_IRQHandler
                0x0000000008000d84                USART3_IRQHandler
                0x0000000008000d84                CAN1_RX1_IRQHandler
                0x0000000008000d84                UART5_IRQHandler
                0x0000000008000d84                DMA2_Stream0_IRQHandler
                0x0000000008000d84                TIM4_IRQHandler
                0x0000000008000d84                I2C1_EV_IRQHandler
                0x0000000008000d84                DMA1_Stream6_IRQHandler
                0x0000000008000d84                DMA1_Stream1_IRQHandler
                0x0000000008000d84                UART4_IRQHandler
                0x0000000008000d84                TIM3_IRQHandler
                0x0000000008000d84                RCC_IRQHandler
                0x0000000008000d84                TIM8_BRK_TIM12_IRQHandler
                0x0000000008000d84                Default_Handler
                0x0000000008000d84                EXTI15_10_IRQHandler
                0x0000000008000d84                ADC_IRQHandler
                0x0000000008000d84                DMA1_Stream7_IRQHandler
                0x0000000008000d84                TIM7_IRQHandler
                0x0000000008000d84                CAN2_TX_IRQHandler
                0x0000000008000d84                TIM5_IRQHandler
                0x0000000008000d84                DMA2_Stream7_IRQHandler
                0x0000000008000d84                I2C3_EV_IRQHandler
                0x0000000008000d84                EXTI9_5_IRQHandler
                0x0000000008000d84                RTC_WKUP_IRQHandler
                0x0000000008000d84                ETH_WKUP_IRQHandler
                0x0000000008000d84                SPI2_IRQHandler
                0x0000000008000d84                OTG_HS_EP1_IN_IRQHandler
                0x0000000008000d84                DMA1_Stream0_IRQHandler
                0x0000000008000d84                CAN1_TX_IRQHandler
                0x0000000008000d84                EXTI4_IRQHandler
                0x0000000008000d84                FSMC_IRQHandler
                0x0000000008000d84                ETH_IRQHandler
                0x0000000008000d84                OTG_HS_EP1_OUT_IRQHandler
                0x0000000008000d84                WWDG_IRQHandler
                0x0000000008000d84                TIM2_IRQHandler
                0x0000000008000d84                OTG_FS_WKUP_IRQHandler
                0x0000000008000d84                TIM1_TRG_COM_TIM11_IRQHandler
                0x0000000008000d84                OTG_HS_IRQHandler
                0x0000000008000d84                EXTI1_IRQHandler
                0x0000000008000d84                USART2_IRQHandler
                0x0000000008000d84                I2C2_ER_IRQHandler
                0x0000000008000d84                DMA2_Stream1_IRQHandler
                0x0000000008000d84                CAN1_SCE_IRQHandler
                0x0000000008000d84                FLASH_IRQHandler
                0x0000000008000d84                DMA2_Stream4_IRQHandler
                0x0000000008000d84                USART1_IRQHandler
                0x0000000008000d84                OTG_FS_IRQHandler
                0x0000000008000d84                SPI3_IRQHandler
                0x0000000008000d84                DMA1_Stream4_IRQHandler
                0x0000000008000d84                I2C1_ER_IRQHandler
                0x0000000008000d84                DMA2_Stream6_IRQHandler
                0x0000000008000d84                DMA1_Stream3_IRQHandler
 *fill*         0x0000000008000d86        0x2 
 .text.HAL_Init
                0x0000000008000d88       0x44 Drivers/STM32F4xx_HAL_Driver/Src/stm32f4xx_hal.o
                0x0000000008000d88                HAL_Init
 .text.HAL_IncTick
                0x0000000008000dcc       0x28 Drivers/STM32F4xx_HAL_Driver/Src/stm32f4xx_hal.o
                0x0000000008000dcc                HAL_IncTick
 .text.HAL_GetTick
                0x0000000008000df4       0x18 Drivers/STM32F4xx_HAL_Driver/Src/stm32f4xx_hal.o
                0x0000000008000df4                HAL_GetTick
 .text.__NVIC_SetPriorityGrouping
                0x0000000008000e0c       0x48 Drivers/STM32F4xx_HAL_Driver/Src/stm32f4xx_hal_cortex.o
 .text.__NVIC_GetPriorityGrouping
                0x0000000008000e54       0x1c Drivers/STM32F4xx_HAL_Driver/Src/stm32f4xx_hal_cortex.o
 .text.__NVIC_EnableIRQ
                0x0000000008000e70       0x3c Drivers/STM32F4xx_HAL_Driver/Src/stm32f4xx_hal_cortex.o
 .text.__NVIC_SetPriority
                0x0000000008000eac       0x54 Drivers/STM32F4xx_HAL_Driver/Src/stm32f4xx_hal_cortex.o
 .text.NVIC_EncodePriority
                0x0000000008000f00       0x66 Drivers/STM32F4xx_HAL_Driver/Src/stm32f4xx_hal_cortex.o
 .text.HAL_NVIC_SetPriorityGrouping
                0x0000000008000f66       0x16 Drivers/STM32F4xx_HAL_Driver/Src/stm32f4xx_hal_cortex.o
                0x0000000008000f66                HAL_NVIC_SetPriorityGrouping
 .text.HAL_NVIC_SetPriority
                0x0000000008000f7c       0x38 Drivers/STM32F4xx_HAL_Driver/Src/stm32f4xx_hal_cortex.o
                0x0000000008000f7c                HAL_NVIC_SetPriority
 .text.HAL_NVIC_EnableIRQ
                0x0000000008000fb4       0x1c Drivers/STM32F4xx_HAL_Driver/Src/stm32f4xx_hal_cortex.o
                0x0000000008000fb4                HAL_NVIC_EnableIRQ
 .text.HAL_GPIO_Init
                0x0000000008000fd0      0x334 Drivers/STM32F4xx_HAL_Driver/Src/stm32f4xx_hal_gpio.o
                0x0000000008000fd0                HAL_GPIO_Init
 .text.HAL_GPIO_ReadPin
                0x0000000008001304       0x30 Drivers/STM32F4xx_HAL_Driver/Src/stm32f4xx_hal_gpio.o
                0x0000000008001304                HAL_GPIO_ReadPin
 .text.HAL_GPIO_WritePin
                0x0000000008001334       0x32 Drivers/STM32F4xx_HAL_Driver/Src/stm32f4xx_hal_gpio.o
                0x0000000008001334                HAL_GPIO_WritePin
 .text.HAL_GPIO_TogglePin
                0x0000000008001366       0x36 Drivers/STM32F4xx_HAL_Driver/Src/stm32f4xx_hal_gpio.o
                0x0000000008001366                HAL_GPIO_TogglePin
 .text.HAL_GPIO_EXTI_IRQHandler
                0x000000000800139c       0x30 Drivers/STM32F4xx_HAL_Driver/Src/stm32f4xx_hal_gpio.o
                0x000000000800139c                HAL_GPIO_EXTI_IRQHandler
 .text.HAL_RCC_OscConfig
                0x00000000080013cc      0x4e0 Drivers/STM32F4xx_HAL_Driver/Src/stm32f4xx_hal_rcc.o
                0x00000000080013cc                HAL_RCC_OscConfig
 .text.HAL_RCC_ClockConfig
                0x00000000080018ac      0x1cc Drivers/STM32F4xx_HAL_Driver/Src/stm32f4xx_hal_rcc.o
                0x00000000080018ac                HAL_RCC_ClockConfig
 .text.HAL_RCC_GetSysClockFreq
                0x0000000008001a78      0x1b0 Drivers/STM32F4xx_HAL_Driver/Src/stm32f4xx_hal_rcc.o
                0x0000000008001a78                HAL_RCC_GetSysClockFreq
 .text.HAL_RCC_GetHCLKFreq
                0x0000000008001c28       0x18 Drivers/STM32F4xx_HAL_Driver/Src/stm32f4xx_hal_rcc.o
                0x0000000008001c28                HAL_RCC_GetHCLKFreq
 .text.HAL_RCC_GetPCLK1Freq
                0x0000000008001c40       0x28 Drivers/STM32F4xx_HAL_Driver/Src/stm32f4xx_hal_rcc.o
                0x0000000008001c40                HAL_RCC_GetPCLK1Freq
 .text.HAL_RCC_GetClockConfig
                0x0000000008001c68       0x64 Drivers/STM32F4xx_HAL_Driver/Src/stm32f4xx_hal_rcc.o
                0x0000000008001c68                HAL_RCC_GetClockConfig
 .text.HAL_SPI_Init
                0x0000000008001ccc       0xc8 Drivers/STM32F4xx_HAL_Driver/Src/stm32f4xx_hal_spi.o
                0x0000000008001ccc                HAL_SPI_Init
 .text.HAL_SPI_Transmit
                0x0000000008001d94      0x268 Drivers/STM32F4xx_HAL_Driver/Src/stm32f4xx_hal_spi.o
                0x0000000008001d94                HAL_SPI_Transmit
 .text.HAL_SPI_Receive
                0x0000000008001ffc      0x212 Drivers/STM32F4xx_HAL_Driver/Src/stm32f4xx_hal_spi.o
                0x0000000008001ffc                HAL_SPI_Receive
 .text.HAL_SPI_TransmitReceive
                0x000000000800220e      0x344 Drivers/STM32F4xx_HAL_Driver/Src/stm32f4xx_hal_spi.o
                0x000000000800220e                HAL_SPI_TransmitReceive
 .text.SPI_WaitFlagStateUntilTimeout
                0x0000000008002552       0xd4 Drivers/STM32F4xx_HAL_Driver/Src/stm32f4xx_hal_spi.o
 .text.SPI_EndRxTransaction
                0x0000000008002626       0xca Drivers/STM32F4xx_HAL_Driver/Src/stm32f4xx_hal_spi.o
 .text.SPI_EndRxTxTransaction
                0x00000000080026f0       0x84 Drivers/STM32F4xx_HAL_Driver/Src/stm32f4xx_hal_spi.o
 .text.HAL_TIM_Base_Init
                0x0000000008002774       0x56 Drivers/STM32F4xx_HAL_Driver/Src/stm32f4xx_hal_tim.o
                0x0000000008002774                HAL_TIM_Base_Init
 .text.HAL_TIM_Base_MspInit
                0x00000000080027ca       0x14 Drivers/STM32F4xx_HAL_Driver/Src/stm32f4xx_hal_tim.o
                0x00000000080027ca                HAL_TIM_Base_MspInit
 .text.HAL_TIM_Base_Start_IT
                0x00000000080027de       0x48 Drivers/STM32F4xx_HAL_Driver/Src/stm32f4xx_hal_tim.o
                0x00000000080027de                HAL_TIM_Base_Start_IT
 .text.HAL_TIM_IRQHandler
                0x0000000008002826      0x210 Drivers/STM32F4xx_HAL_Driver/Src/stm32f4xx_hal_tim.o
                0x0000000008002826                HAL_TIM_IRQHandler
 .text.HAL_TIM_OC_DelayElapsedCallback
                0x0000000008002a36       0x14 Drivers/STM32F4xx_HAL_Driver/Src/stm32f4xx_hal_tim.o
                0x0000000008002a36                HAL_TIM_OC_DelayElapsedCallback
 .text.HAL_TIM_IC_CaptureCallback
                0x0000000008002a4a       0x14 Drivers/STM32F4xx_HAL_Driver/Src/stm32f4xx_hal_tim.o
                0x0000000008002a4a                HAL_TIM_IC_CaptureCallback
 .text.HAL_TIM_PWM_PulseFinishedCallback
                0x0000000008002a5e       0x14 Drivers/STM32F4xx_HAL_Driver/Src/stm32f4xx_hal_tim.o
                0x0000000008002a5e                HAL_TIM_PWM_PulseFinishedCallback
 .text.HAL_TIM_TriggerCallback
                0x0000000008002a72       0x14 Drivers/STM32F4xx_HAL_Driver/Src/stm32f4xx_hal_tim.o
                0x0000000008002a72                HAL_TIM_TriggerCallback
 *fill*         0x0000000008002a86        0x2 
 .text.TIM_Base_SetConfig
                0x0000000008002a88      0x140 Drivers/STM32F4xx_HAL_Driver/Src/stm32f4xx_hal_tim.o
                0x0000000008002a88                TIM_Base_SetConfig
 .text.HAL_TIMEx_CommutCallback
                0x0000000008002bc8       0x14 Drivers/STM32F4xx_HAL_Driver/Src/stm32f4xx_hal_tim_ex.o
                0x0000000008002bc8                HAL_TIMEx_CommutCallback
 .text.HAL_TIMEx_BreakCallback
                0x0000000008002bdc       0x14 Drivers/STM32F4xx_HAL_Driver/Src/stm32f4xx_hal_tim_ex.o
                0x0000000008002bdc                HAL_TIMEx_BreakCallback
 .text.vListInitialise
                0x0000000008002bf0       0x40 FreeRTOS/list.o
                0x0000000008002bf0                vListInitialise
 .text.vListInitialiseItem
                0x0000000008002c30       0x1a FreeRTOS/list.o
                0x0000000008002c30                vListInitialiseItem
 .text.vListInsertEnd
                0x0000000008002c4a       0x48 FreeRTOS/list.o
                0x0000000008002c4a                vListInsertEnd
 .text.vListInsert
                0x0000000008002c92       0x72 FreeRTOS/list.o
                0x0000000008002c92                vListInsert
 .text.uxListRemove
                0x0000000008002d04       0x54 FreeRTOS/list.o
                0x0000000008002d04                uxListRemove
 .text.xQueueGenericReset
                0x0000000008002d58       0xd0 FreeRTOS/queue.o
                0x0000000008002d58                xQueueGenericReset
 .text.xQueueGenericCreate
                0x0000000008002e28       0xb8 FreeRTOS/queue.o
                0x0000000008002e28                xQueueGenericCreate
 .text.prvInitialiseNewQueue
                0x0000000008002ee0       0x46 FreeRTOS/queue.o
 *fill*         0x0000000008002f26        0x2 
 .text.xQueueGenericSend
                0x0000000008002f28      0x1f4 FreeRTOS/queue.o
                0x0000000008002f28                xQueueGenericSend
 .text.xQueueGenericSendFromISR
                0x000000000800311c      0x14a FreeRTOS/queue.o
                0x000000000800311c                xQueueGenericSendFromISR
 .text.xQueueGiveFromISR
                0x0000000008003266      0x12e FreeRTOS/queue.o
                0x0000000008003266                xQueueGiveFromISR
 .text.xQueueReceive
                0x0000000008003394      0x1b8 FreeRTOS/queue.o
                0x0000000008003394                xQueueReceive
 .text.xQueueSemaphoreTake
                0x000000000800354c      0x210 FreeRTOS/queue.o
                0x000000000800354c                xQueueSemaphoreTake
 .text.prvGetDisinheritPriorityAfterTimeout
                0x000000000800375c       0x30 FreeRTOS/queue.o
 .text.prvCopyDataToQueue
                0x000000000800378c       0xd4 FreeRTOS/queue.o
 .text.prvCopyDataFromQueue
                0x0000000008003860       0x4c FreeRTOS/queue.o
 .text.prvUnlockQueue
                0x00000000080038ac       0xa4 FreeRTOS/queue.o
 .text.prvIsQueueEmpty
                0x0000000008003950       0x2c FreeRTOS/queue.o
 .text.prvIsQueueFull
                0x000000000800397c       0x30 FreeRTOS/queue.o
 .text.vQueueAddToRegistry
                0x00000000080039ac       0x50 FreeRTOS/queue.o
                0x00000000080039ac                vQueueAddToRegistry
 .text.vQueueWaitForMessageRestricted
                0x00000000080039fc       0x68 FreeRTOS/queue.o
                0x00000000080039fc                vQueueWaitForMessageRestricted
 .text.xTaskCreate
                0x0000000008003a64       0x82 FreeRTOS/tasks.o
                0x0000000008003a64                xTaskCreate
 .text.prvInitialiseNewTask
                0x0000000008003ae6      0x12a FreeRTOS/tasks.o
 .text.prvAddNewTaskToReadyList
                0x0000000008003c10       0xdc FreeRTOS/tasks.o
 .text.vTaskDelay
                0x0000000008003cec       0x68 FreeRTOS/tasks.o
                0x0000000008003cec                vTaskDelay
 .text.vTaskStartScheduler
                0x0000000008003d54       0xa0 FreeRTOS/tasks.o
                0x0000000008003d54                vTaskStartScheduler
 .text.vTaskSuspendAll
                0x0000000008003df4       0x1c FreeRTOS/tasks.o
                0x0000000008003df4                vTaskSuspendAll
 .text.xTaskResumeAll
                0x0000000008003e10      0x138 FreeRTOS/tasks.o
                0x0000000008003e10                xTaskResumeAll
 .text.xTaskGetTickCount
                0x0000000008003f48       0x20 FreeRTOS/tasks.o
                0x0000000008003f48                xTaskGetTickCount
 .text.xTaskIncrementTick
                0x0000000008003f68      0x150 FreeRTOS/tasks.o
                0x0000000008003f68                xTaskIncrementTick
 .text.vTaskSwitchContext
                0x00000000080040b8       0xb4 FreeRTOS/tasks.o
                0x00000000080040b8                vTaskSwitchContext
 .text.vTaskPlaceOnEventList
                0x000000000800416c       0x48 FreeRTOS/tasks.o
                0x000000000800416c                vTaskPlaceOnEventList
 .text.vTaskPlaceOnEventListRestricted
                0x00000000080041b4       0x54 FreeRTOS/tasks.o
                0x00000000080041b4                vTaskPlaceOnEventListRestricted
 .text.xTaskRemoveFromEventList
                0x0000000008004208       0xc4 FreeRTOS/tasks.o
                0x0000000008004208                xTaskRemoveFromEventList
 .text.vTaskInternalSetTimeOutState
                0x00000000080042cc       0x2c FreeRTOS/tasks.o
                0x00000000080042cc                vTaskInternalSetTimeOutState
 .text.xTaskCheckForTimeOut
                0x00000000080042f8       0xc8 FreeRTOS/tasks.o
                0x00000000080042f8                xTaskCheckForTimeOut
 .text.vTaskMissedYield
                0x00000000080043c0       0x18 FreeRTOS/tasks.o
                0x00000000080043c0                vTaskMissedYield
 .text.prvIdleTask
                0x00000000080043d8       0x30 FreeRTOS/tasks.o
 .text.prvInitialiseTaskLists
                0x0000000008004408       0x80 FreeRTOS/tasks.o
 .text.prvCheckTasksWaitingTermination
                0x0000000008004488       0x58 FreeRTOS/tasks.o
 .text.prvDeleteTCB
                0x00000000080044e0       0x20 FreeRTOS/tasks.o
 .text.prvResetNextTaskUnblockTime
                0x0000000008004500       0x38 FreeRTOS/tasks.o
 .text.xTaskGetSchedulerState
                0x0000000008004538       0x3c FreeRTOS/tasks.o
                0x0000000008004538                xTaskGetSchedulerState
 .text.xTaskPriorityInherit
                0x0000000008004574       0xec FreeRTOS/tasks.o
                0x0000000008004574                xTaskPriorityInherit
 .text.xTaskPriorityDisinherit
                0x0000000008004660       0xf0 FreeRTOS/tasks.o
                0x0000000008004660                xTaskPriorityDisinherit
 .text.vTaskPriorityDisinheritAfterTimeout
                0x0000000008004750      0x118 FreeRTOS/tasks.o
                0x0000000008004750                vTaskPriorityDisinheritAfterTimeout
 .text.pvTaskIncrementMutexHeldCount
                0x0000000008004868       0x28 FreeRTOS/tasks.o
                0x0000000008004868                pvTaskIncrementMutexHeldCount
 .text.prvAddCurrentTaskToDelayedList
                0x0000000008004890       0xcc FreeRTOS/tasks.o
 .text.xTimerCreateTimerTask
                0x000000000800495c       0x64 FreeRTOS/timers.o
                0x000000000800495c                xTimerCreateTimerTask
 .text.xTimerGenericCommand
                0x00000000080049c0       0x98 FreeRTOS/timers.o
                0x00000000080049c0                xTimerGenericCommand
 .text.prvProcessExpiredTimer
                0x0000000008004a58       0x98 FreeRTOS/timers.o
 .text.prvTimerTask
                0x0000000008004af0       0x24 FreeRTOS/timers.o
 .text.prvProcessTimerOrBlockTask
                0x0000000008004b14       0x9c FreeRTOS/timers.o
 .text.prvGetNextExpireTime
                0x0000000008004bb0       0x48 FreeRTOS/timers.o
 .text.prvSampleTimeNow
                0x0000000008004bf8       0x40 FreeRTOS/timers.o
 .text.prvInsertTimerInActiveList
                0x0000000008004c38       0x84 FreeRTOS/timers.o
 .text.prvProcessReceivedCommands
                0x0000000008004cbc      0x188 FreeRTOS/timers.o
 .text.prvSwitchTimerLists
                0x0000000008004e44       0xc8 FreeRTOS/timers.o
 .text.prvCheckForValidListAndQueue
                0x0000000008004f0c       0x6c FreeRTOS/timers.o
 .text.pxPortInitialiseStack
                0x0000000008004f78       0x68 FreeRTOS/portable/ARM_CM4F/port.o
                0x0000000008004f78                pxPortInitialiseStack
 .text.prvTaskExitError
                0x0000000008004fe0       0x54 FreeRTOS/portable/ARM_CM4F/port.o
 *fill*         0x0000000008005034        0xc 
 .text.SVC_Handler
                0x0000000008005040       0x28 FreeRTOS/portable/ARM_CM4F/port.o
                0x0000000008005040                SVC_Handler
 .text.prvPortStartFirstTask
                0x0000000008005068       0x2c FreeRTOS/portable/ARM_CM4F/port.o
 .text.xPortStartScheduler
                0x0000000008005094      0x13c FreeRTOS/portable/ARM_CM4F/port.o
                0x0000000008005094                xPortStartScheduler
 .text.vPortEnterCritical
                0x00000000080051d0       0x5c FreeRTOS/portable/ARM_CM4F/port.o
                0x00000000080051d0                vPortEnterCritical
 .text.vPortExitCritical
                0x000000000800522c       0x50 FreeRTOS/portable/ARM_CM4F/port.o
                0x000000000800522c                vPortExitCritical
 *fill*         0x000000000800527c        0x4 
 .text.PendSV_Handler
                0x0000000008005280       0x68 FreeRTOS/portable/ARM_CM4F/port.o
                0x0000000008005280                PendSV_Handler
 .text.SysTick_Handler
                0x00000000080052e8       0x40 FreeRTOS/portable/ARM_CM4F/port.o
                0x00000000080052e8                SysTick_Handler
 .text.vPortSetupTimerInterrupt
                0x0000000008005328       0x48 FreeRTOS/portable/ARM_CM4F/port.o
                0x0000000008005328                vPortSetupTimerInterrupt
 .text.vPortEnableVFP
                0x0000000008005370       0x18 FreeRTOS/portable/ARM_CM4F/port.o
 .text.vPortValidateInterruptPriority
                0x0000000008005388       0x7c FreeRTOS/portable/ARM_CM4F/port.o
                0x0000000008005388                vPortValidateInterruptPriority
 .text.pvPortMalloc
                0x0000000008005404      0x1b8 FreeRTOS/portable/MemMang/heap_4.o
                0x0000000008005404                pvPortMalloc
 .text.vPortFree
                0x00000000080055bc       0xc0 FreeRTOS/portable/MemMang/heap_4.o
                0x00000000080055bc                vPortFree
 .text.prvHeapInit
                0x000000000800567c       0xc4 FreeRTOS/portable/MemMang/heap_4.o
 .text.prvInsertBlockIntoFreeList
                0x0000000008005740       0xb4 FreeRTOS/portable/MemMang/heap_4.o
 .text.__libc_init_array
                0x00000000080057f4       0x48 /opt/st/stm32cubeide_1.5.1/plugins/com.st.stm32cube.ide.mcu.externaltools.gnu-tools-for-stm32.7-2018-q2-update.linux64_1.5.0.202011040924/tools/bin/../lib/gcc/arm-none-eabi/7.3.1/../../../../arm-none-eabi/lib/thumb/v7e-m/fpv4-sp/hard/libc_nano.a(lib_a-init.o)
                0x00000000080057f4                __libc_init_array
 .text.memcpy   0x000000000800583c       0x16 /opt/st/stm32cubeide_1.5.1/plugins/com.st.stm32cube.ide.mcu.externaltools.gnu-tools-for-stm32.7-2018-q2-update.linux64_1.5.0.202011040924/tools/bin/../lib/gcc/arm-none-eabi/7.3.1/../../../../arm-none-eabi/lib/thumb/v7e-m/fpv4-sp/hard/libc_nano.a(lib_a-memcpy-stub.o)
                0x000000000800583c                memcpy
 .text.memset   0x0000000008005852       0x10 /opt/st/stm32cubeide_1.5.1/plugins/com.st.stm32cube.ide.mcu.externaltools.gnu-tools-for-stm32.7-2018-q2-update.linux64_1.5.0.202011040924/tools/bin/../lib/gcc/arm-none-eabi/7.3.1/../../../../arm-none-eabi/lib/thumb/v7e-m/fpv4-sp/hard/libc_nano.a(lib_a-memset.o)
                0x0000000008005852                memset
 *(.glue_7)
 .glue_7        0x0000000008005862        0x0 linker stubs
 *(.glue_7t)
 .glue_7t       0x0000000008005862        0x0 linker stubs
 *(.eh_frame)
 *fill*         0x0000000008005862        0x2 
 .eh_frame      0x0000000008005864        0x0 /opt/st/stm32cubeide_1.5.1/plugins/com.st.stm32cube.ide.mcu.externaltools.gnu-tools-for-stm32.7-2018-q2-update.linux64_1.5.0.202011040924/tools/bin/../lib/gcc/arm-none-eabi/7.3.1/thumb/v7e-m/fpv4-sp/hard/crtbegin.o
 *(.init)
 .init          0x0000000008005864        0x4 /opt/st/stm32cubeide_1.5.1/plugins/com.st.stm32cube.ide.mcu.externaltools.gnu-tools-for-stm32.7-2018-q2-update.linux64_1.5.0.202011040924/tools/bin/../lib/gcc/arm-none-eabi/7.3.1/thumb/v7e-m/fpv4-sp/hard/crti.o
                0x0000000008005864                _init
 .init          0x0000000008005868        0x8 /opt/st/stm32cubeide_1.5.1/plugins/com.st.stm32cube.ide.mcu.externaltools.gnu-tools-for-stm32.7-2018-q2-update.linux64_1.5.0.202011040924/tools/bin/../lib/gcc/arm-none-eabi/7.3.1/thumb/v7e-m/fpv4-sp/hard/crtn.o
 *(.fini)
 .fini          0x0000000008005870        0x4 /opt/st/stm32cubeide_1.5.1/plugins/com.st.stm32cube.ide.mcu.externaltools.gnu-tools-for-stm32.7-2018-q2-update.linux64_1.5.0.202011040924/tools/bin/../lib/gcc/arm-none-eabi/7.3.1/thumb/v7e-m/fpv4-sp/hard/crti.o
                0x0000000008005870                _fini
 .fini          0x0000000008005874        0x8 /opt/st/stm32cubeide_1.5.1/plugins/com.st.stm32cube.ide.mcu.externaltools.gnu-tools-for-stm32.7-2018-q2-update.linux64_1.5.0.202011040924/tools/bin/../lib/gcc/arm-none-eabi/7.3.1/thumb/v7e-m/fpv4-sp/hard/crtn.o
                0x000000000800587c                . = ALIGN (0x4)
                0x000000000800587c                _etext = .

.vfp11_veneer   0x000000000800587c        0x0
 .vfp11_veneer  0x000000000800587c        0x0 linker stubs

.v4_bx          0x000000000800587c        0x0
 .v4_bx         0x000000000800587c        0x0 linker stubs

.iplt           0x000000000800587c        0x0
 .iplt          0x000000000800587c        0x0 /opt/st/stm32cubeide_1.5.1/plugins/com.st.stm32cube.ide.mcu.externaltools.gnu-tools-for-stm32.7-2018-q2-update.linux64_1.5.0.202011040924/tools/bin/../lib/gcc/arm-none-eabi/7.3.1/thumb/v7e-m/fpv4-sp/hard/crtbegin.o

.rodata         0x000000000800587c       0x40
                0x000000000800587c                . = ALIGN (0x4)
 *(.rodata)
 .rodata        0x000000000800587c        0xe Core/Src/main.o
 *fill*         0x000000000800588a        0x2 
 .rodata        0x000000000800588c        0x5 FreeRTOS/tasks.o
 *fill*         0x0000000008005891        0x3 
 .rodata        0x0000000008005894        0xd FreeRTOS/timers.o
 *(.rodata*)
 *fill*         0x00000000080058a1        0x3 
 .rodata.AHBPrescTable
                0x00000000080058a4       0x10 Core/Src/system_stm32f4xx.o
                0x00000000080058a4                AHBPrescTable
 .rodata.APBPrescTable
                0x00000000080058b4        0x8 Core/Src/system_stm32f4xx.o
                0x00000000080058b4                APBPrescTable
                0x00000000080058bc                . = ALIGN (0x4)

.ARM.extab      0x00000000080058bc        0x0
                0x00000000080058bc                . = ALIGN (0x4)
 *(.ARM.extab* .gnu.linkonce.armextab.*)
                0x00000000080058bc                . = ALIGN (0x4)

.ARM            0x00000000080058bc        0x8
                0x00000000080058bc                . = ALIGN (0x4)
                0x00000000080058bc                __exidx_start = .
 *(.ARM.exidx*)
 .ARM.exidx     0x00000000080058bc        0x8 /opt/st/stm32cubeide_1.5.1/plugins/com.st.stm32cube.ide.mcu.externaltools.gnu-tools-for-stm32.7-2018-q2-update.linux64_1.5.0.202011040924/tools/bin/../lib/gcc/arm-none-eabi/7.3.1/thumb/v7e-m/fpv4-sp/hard/libgcc.a(_udivmoddi4.o)
                0x00000000080058c4                __exidx_end = .
                0x00000000080058c4                . = ALIGN (0x4)

.rel.dyn        0x00000000080058c4        0x0
 .rel.iplt      0x00000000080058c4        0x0 /opt/st/stm32cubeide_1.5.1/plugins/com.st.stm32cube.ide.mcu.externaltools.gnu-tools-for-stm32.7-2018-q2-update.linux64_1.5.0.202011040924/tools/bin/../lib/gcc/arm-none-eabi/7.3.1/thumb/v7e-m/fpv4-sp/hard/crtbegin.o

.preinit_array  0x00000000080058c4        0x0
                0x00000000080058c4                . = ALIGN (0x4)
                0x00000000080058c4                PROVIDE (__preinit_array_start = .)
 *(.preinit_array*)
                0x00000000080058c4                PROVIDE (__preinit_array_end = .)
                0x00000000080058c4                . = ALIGN (0x4)

.init_array     0x00000000080058c4        0x4
                0x00000000080058c4                . = ALIGN (0x4)
                0x00000000080058c4                PROVIDE (__init_array_start = .)
 *(SORT_BY_NAME(.init_array.*))
 *(.init_array*)
 .init_array    0x00000000080058c4        0x4 /opt/st/stm32cubeide_1.5.1/plugins/com.st.stm32cube.ide.mcu.externaltools.gnu-tools-for-stm32.7-2018-q2-update.linux64_1.5.0.202011040924/tools/bin/../lib/gcc/arm-none-eabi/7.3.1/thumb/v7e-m/fpv4-sp/hard/crtbegin.o
                0x00000000080058c8                PROVIDE (__init_array_end = .)
                0x00000000080058c8                . = ALIGN (0x4)

.fini_array     0x00000000080058c8        0x4
                0x00000000080058c8                . = ALIGN (0x4)
                [!provide]                        PROVIDE (__fini_array_start = .)
 *(SORT_BY_NAME(.fini_array.*))
 *(.fini_array*)
 .fini_array    0x00000000080058c8        0x4 /opt/st/stm32cubeide_1.5.1/plugins/com.st.stm32cube.ide.mcu.externaltools.gnu-tools-for-stm32.7-2018-q2-update.linux64_1.5.0.202011040924/tools/bin/../lib/gcc/arm-none-eabi/7.3.1/thumb/v7e-m/fpv4-sp/hard/crtbegin.o
                [!provide]                        PROVIDE (__fini_array_end = .)
                0x00000000080058cc                . = ALIGN (0x4)
                0x00000000080058cc                _sidata = LOADADDR (.data)

.data           0x0000000020000000       0x14 load address 0x00000000080058cc
                0x0000000020000000                . = ALIGN (0x4)
                0x0000000020000000                _sdata = .
 *(.data)
 *(.data*)
 .data.SystemCoreClock
                0x0000000020000000        0x4 Core/Src/system_stm32f4xx.o
                0x0000000020000000                SystemCoreClock
 .data.uwTickPrio
                0x0000000020000004        0x4 Drivers/STM32F4xx_HAL_Driver/Src/stm32f4xx_hal.o
                0x0000000020000004                uwTickPrio
 .data.uwTickFreq
                0x0000000020000008        0x1 Drivers/STM32F4xx_HAL_Driver/Src/stm32f4xx_hal.o
                0x0000000020000008                uwTickFreq
 *fill*         0x0000000020000009        0x3 
 .data.uxTopUsedPriority
                0x000000002000000c        0x4 FreeRTOS/tasks.o
                0x000000002000000c                uxTopUsedPriority
 .data.uxCriticalNesting
                0x0000000020000010        0x4 FreeRTOS/portable/ARM_CM4F/port.o
 *(.RamFunc)
 *(.RamFunc*)
                0x0000000020000014                . = ALIGN (0x4)
                0x0000000020000014                _edata = .

.igot.plt       0x0000000020000014        0x0 load address 0x00000000080058e0
 .igot.plt      0x0000000020000014        0x0 /opt/st/stm32cubeide_1.5.1/plugins/com.st.stm32cube.ide.mcu.externaltools.gnu-tools-for-stm32.7-2018-q2-update.linux64_1.5.0.202011040924/tools/bin/../lib/gcc/arm-none-eabi/7.3.1/thumb/v7e-m/fpv4-sp/hard/crtbegin.o
                0x0000000020000014                . = ALIGN (0x4)

.bss            0x0000000020000014    0x12e68 load address 0x00000000080058e0
                0x0000000020000014                _sbss = .
                0x0000000020000014                __bss_start__ = _sbss
 *(.bss)
 .bss           0x0000000020000014       0x1c /opt/st/stm32cubeide_1.5.1/plugins/com.st.stm32cube.ide.mcu.externaltools.gnu-tools-for-stm32.7-2018-q2-update.linux64_1.5.0.202011040924/tools/bin/../lib/gcc/arm-none-eabi/7.3.1/thumb/v7e-m/fpv4-sp/hard/crtbegin.o
 *(.bss*)
 .bss.xHigherPriorityTaskWoken.8554
                0x0000000020000030        0x4 Core/Src/main.o
 .bss.pxCurrentTCB
                0x0000000020000034        0x4 FreeRTOS/tasks.o
                0x0000000020000034                pxCurrentTCB
 .bss.pxReadyTasksLists
                0x0000000020000038       0x64 FreeRTOS/tasks.o
 .bss.xDelayedTaskList1
                0x000000002000009c       0x14 FreeRTOS/tasks.o
 .bss.xDelayedTaskList2
                0x00000000200000b0       0x14 FreeRTOS/tasks.o
 .bss.pxDelayedTaskList
                0x00000000200000c4        0x4 FreeRTOS/tasks.o
 .bss.pxOverflowDelayedTaskList
                0x00000000200000c8        0x4 FreeRTOS/tasks.o
 .bss.xPendingReadyList
                0x00000000200000cc       0x14 FreeRTOS/tasks.o
 .bss.xTasksWaitingTermination
                0x00000000200000e0       0x14 FreeRTOS/tasks.o
 .bss.uxDeletedTasksWaitingCleanUp
                0x00000000200000f4        0x4 FreeRTOS/tasks.o
 .bss.xSuspendedTaskList
                0x00000000200000f8       0x14 FreeRTOS/tasks.o
 .bss.uxCurrentNumberOfTasks
                0x000000002000010c        0x4 FreeRTOS/tasks.o
 .bss.xTickCount
                0x0000000020000110        0x4 FreeRTOS/tasks.o
 .bss.uxTopReadyPriority
                0x0000000020000114        0x4 FreeRTOS/tasks.o
 .bss.xSchedulerRunning
                0x0000000020000118        0x4 FreeRTOS/tasks.o
 .bss.xPendedTicks
                0x000000002000011c        0x4 FreeRTOS/tasks.o
 .bss.xYieldPending
                0x0000000020000120        0x4 FreeRTOS/tasks.o
 .bss.xNumOfOverflows
                0x0000000020000124        0x4 FreeRTOS/tasks.o
 .bss.uxTaskNumber
                0x0000000020000128        0x4 FreeRTOS/tasks.o
 .bss.xNextTaskUnblockTime
                0x000000002000012c        0x4 FreeRTOS/tasks.o
 .bss.xIdleTaskHandle
                0x0000000020000130        0x4 FreeRTOS/tasks.o
 .bss.uxSchedulerSuspended
                0x0000000020000134        0x4 FreeRTOS/tasks.o
 .bss.xActiveTimerList1
                0x0000000020000138       0x14 FreeRTOS/timers.o
 .bss.xActiveTimerList2
                0x000000002000014c       0x14 FreeRTOS/timers.o
 .bss.pxCurrentTimerList
                0x0000000020000160        0x4 FreeRTOS/timers.o
 .bss.pxOverflowTimerList
                0x0000000020000164        0x4 FreeRTOS/timers.o
 .bss.xTimerQueue
                0x0000000020000168        0x4 FreeRTOS/timers.o
 .bss.xTimerTaskHandle
                0x000000002000016c        0x4 FreeRTOS/timers.o
 .bss.xLastTime.6732
                0x0000000020000170        0x4 FreeRTOS/timers.o
 .bss.ucMaxSysCallPriority
                0x0000000020000174        0x1 FreeRTOS/portable/ARM_CM4F/port.o
 *fill*         0x0000000020000175        0x3 
 .bss.ulMaxPRIGROUPValue
                0x0000000020000178        0x4 FreeRTOS/portable/ARM_CM4F/port.o
 .bss.ucHeap    0x000000002000017c    0x12c00 FreeRTOS/portable/MemMang/heap_4.o
 .bss.xStart    0x0000000020012d7c        0x8 FreeRTOS/portable/MemMang/heap_4.o
 .bss.pxEnd     0x0000000020012d84        0x4 FreeRTOS/portable/MemMang/heap_4.o
 .bss.xFreeBytesRemaining
                0x0000000020012d88        0x4 FreeRTOS/portable/MemMang/heap_4.o
 .bss.xMinimumEverFreeBytesRemaining
                0x0000000020012d8c        0x4 FreeRTOS/portable/MemMang/heap_4.o
 .bss.xNumberOfSuccessfulAllocations
                0x0000000020012d90        0x4 FreeRTOS/portable/MemMang/heap_4.o
 .bss.xNumberOfSuccessfulFrees
                0x0000000020012d94        0x4 FreeRTOS/portable/MemMang/heap_4.o
 .bss.xBlockAllocatedBit
                0x0000000020012d98        0x4 FreeRTOS/portable/MemMang/heap_4.o
 *(COMMON)
 COMMON         0x0000000020012d9c       0x5c Core/Src/main.o
                0x0000000020012d9c                xSemaphore
                0x0000000020012da0                hspi1
 COMMON         0x0000000020012df8       0x40 Core/Src/stm32f4xx_hal_timebase_tim.o
                0x0000000020012df8                htim6
 COMMON         0x0000000020012e38        0x4 Drivers/STM32F4xx_HAL_Driver/Src/stm32f4xx_hal.o
                0x0000000020012e38                uwTick
 COMMON         0x0000000020012e3c       0x40 FreeRTOS/queue.o
                0x0000000020012e3c                xQueueRegistry
                0x0000000020012e7c                . = ALIGN (0x4)
                0x0000000020012e7c                _ebss = .
                0x0000000020012e7c                __bss_end__ = _ebss

._user_heap_stack
                0x0000000020012e7c      0x604 load address 0x00000000080058e0
                0x0000000020012e80                . = ALIGN (0x8)
 *fill*         0x0000000020012e7c        0x4 
                [!provide]                        PROVIDE (end = .)
                0x0000000020012e80                PROVIDE (_end = .)
                0x0000000020013080                . = (. + _Min_Heap_Size)
 *fill*         0x0000000020012e80      0x200 
                0x0000000020013480                . = (. + _Min_Stack_Size)
 *fill*         0x0000000020013080      0x400 
                0x0000000020013480                . = ALIGN (0x8)

/DISCARD/
 libc.a(*)
 libm.a(*)
 libgcc.a(*)

.ARM.attributes
                0x0000000000000000       0x30
 *(.ARM.attributes)
 .ARM.attributes
                0x0000000000000000       0x22 /opt/st/stm32cubeide_1.5.1/plugins/com.st.stm32cube.ide.mcu.externaltools.gnu-tools-for-stm32.7-2018-q2-update.linux64_1.5.0.202011040924/tools/bin/../lib/gcc/arm-none-eabi/7.3.1/thumb/v7e-m/fpv4-sp/hard/crti.o
 .ARM.attributes
                0x0000000000000022       0x34 /opt/st/stm32cubeide_1.5.1/plugins/com.st.stm32cube.ide.mcu.externaltools.gnu-tools-for-stm32.7-2018-q2-update.linux64_1.5.0.202011040924/tools/bin/../lib/gcc/arm-none-eabi/7.3.1/thumb/v7e-m/fpv4-sp/hard/crtbegin.o
 .ARM.attributes
                0x0000000000000056       0x39 Core/Src/main.o
 .ARM.attributes
                0x000000000000008f       0x39 Core/Src/stm32f4xx_hal_msp.o
 .ARM.attributes
                0x00000000000000c8       0x39 Core/Src/stm32f4xx_hal_timebase_tim.o
 .ARM.attributes
                0x0000000000000101       0x39 Core/Src/stm32f4xx_it.o
 .ARM.attributes
                0x000000000000013a       0x39 Core/Src/system_stm32f4xx.o
 .ARM.attributes
                0x0000000000000173       0x21 Core/Startup/startup_stm32f407vgtx.o
 .ARM.attributes
                0x0000000000000194       0x39 Drivers/STM32F4xx_HAL_Driver/Src/stm32f4xx_hal.o
 .ARM.attributes
                0x00000000000001cd       0x39 Drivers/STM32F4xx_HAL_Driver/Src/stm32f4xx_hal_cortex.o
 .ARM.attributes
                0x0000000000000206       0x39 Drivers/STM32F4xx_HAL_Driver/Src/stm32f4xx_hal_gpio.o
 .ARM.attributes
                0x000000000000023f       0x39 Drivers/STM32F4xx_HAL_Driver/Src/stm32f4xx_hal_rcc.o
 .ARM.attributes
                0x0000000000000278       0x39 Drivers/STM32F4xx_HAL_Driver/Src/stm32f4xx_hal_spi.o
 .ARM.attributes
                0x00000000000002b1       0x39 Drivers/STM32F4xx_HAL_Driver/Src/stm32f4xx_hal_tim.o
 .ARM.attributes
                0x00000000000002ea       0x39 Drivers/STM32F4xx_HAL_Driver/Src/stm32f4xx_hal_tim_ex.o
 .ARM.attributes
                0x0000000000000323       0x39 FreeRTOS/list.o
 .ARM.attributes
                0x000000000000035c       0x39 FreeRTOS/queue.o
 .ARM.attributes
                0x0000000000000395       0x39 FreeRTOS/tasks.o
 .ARM.attributes
                0x00000000000003ce       0x39 FreeRTOS/timers.o
 .ARM.attributes
                0x0000000000000407       0x39 FreeRTOS/portable/ARM_CM4F/port.o
 .ARM.attributes
                0x0000000000000440       0x39 FreeRTOS/portable/MemMang/heap_4.o
 .ARM.attributes
                0x0000000000000479       0x34 /opt/st/stm32cubeide_1.5.1/plugins/com.st.stm32cube.ide.mcu.externaltools.gnu-tools-for-stm32.7-2018-q2-update.linux64_1.5.0.202011040924/tools/bin/../lib/gcc/arm-none-eabi/7.3.1/../../../../arm-none-eabi/lib/thumb/v7e-m/fpv4-sp/hard/libc_nano.a(lib_a-init.o)
 .ARM.attributes
                0x00000000000004ad       0x34 /opt/st/stm32cubeide_1.5.1/plugins/com.st.stm32cube.ide.mcu.externaltools.gnu-tools-for-stm32.7-2018-q2-update.linux64_1.5.0.202011040924/tools/bin/../lib/gcc/arm-none-eabi/7.3.1/../../../../arm-none-eabi/lib/thumb/v7e-m/fpv4-sp/hard/libc_nano.a(lib_a-memcpy-stub.o)
 .ARM.attributes
                0x00000000000004e1       0x34 /opt/st/stm32cubeide_1.5.1/plugins/com.st.stm32cube.ide.mcu.externaltools.gnu-tools-for-stm32.7-2018-q2-update.linux64_1.5.0.202011040924/tools/bin/../lib/gcc/arm-none-eabi/7.3.1/../../../../arm-none-eabi/lib/thumb/v7e-m/fpv4-sp/hard/libc_nano.a(lib_a-memset.o)
 .ARM.attributes
                0x0000000000000515       0x22 /opt/st/stm32cubeide_1.5.1/plugins/com.st.stm32cube.ide.mcu.externaltools.gnu-tools-for-stm32.7-2018-q2-update.linux64_1.5.0.202011040924/tools/bin/../lib/gcc/arm-none-eabi/7.3.1/thumb/v7e-m/fpv4-sp/hard/libgcc.a(_aeabi_uldivmod.o)
 .ARM.attributes
                0x0000000000000537       0x34 /opt/st/stm32cubeide_1.5.1/plugins/com.st.stm32cube.ide.mcu.externaltools.gnu-tools-for-stm32.7-2018-q2-update.linux64_1.5.0.202011040924/tools/bin/../lib/gcc/arm-none-eabi/7.3.1/thumb/v7e-m/fpv4-sp/hard/libgcc.a(_udivmoddi4.o)
 .ARM.attributes
                0x000000000000056b       0x22 /opt/st/stm32cubeide_1.5.1/plugins/com.st.stm32cube.ide.mcu.externaltools.gnu-tools-for-stm32.7-2018-q2-update.linux64_1.5.0.202011040924/tools/bin/../lib/gcc/arm-none-eabi/7.3.1/thumb/v7e-m/fpv4-sp/hard/libgcc.a(_dvmd_tls.o)
 .ARM.attributes
                0x000000000000058d       0x22 /opt/st/stm32cubeide_1.5.1/plugins/com.st.stm32cube.ide.mcu.externaltools.gnu-tools-for-stm32.7-2018-q2-update.linux64_1.5.0.202011040924/tools/bin/../lib/gcc/arm-none-eabi/7.3.1/thumb/v7e-m/fpv4-sp/hard/crtn.o
OUTPUT(Embedded_OS_Lab2_P76091331.elf elf32-littlearm)

.debug_info     0x0000000000000000    0x12300
 .debug_info    0x0000000000000000     0x1232 Core/Src/main.o
 .debug_info    0x0000000000001232      0x9ae Core/Src/stm32f4xx_hal_msp.o
 .debug_info    0x0000000000001be0      0xb2d Core/Src/stm32f4xx_hal_timebase_tim.o
 .debug_info    0x000000000000270d      0x712 Core/Src/stm32f4xx_it.o
 .debug_info    0x0000000000002e1f      0x554 Core/Src/system_stm32f4xx.o
 .debug_info    0x0000000000003373       0x22 Core/Startup/startup_stm32f407vgtx.o
 .debug_info    0x0000000000003395      0x945 Drivers/STM32F4xx_HAL_Driver/Src/stm32f4xx_hal.o
 .debug_info    0x0000000000003cda      0xe28 Drivers/STM32F4xx_HAL_Driver/Src/stm32f4xx_hal_cortex.o
 .debug_info    0x0000000000004b02      0x7b5 Drivers/STM32F4xx_HAL_Driver/Src/stm32f4xx_hal_gpio.o
 .debug_info    0x00000000000052b7      0x904 Drivers/STM32F4xx_HAL_Driver/Src/stm32f4xx_hal_rcc.o
 .debug_info    0x0000000000005bbb     0x163a Drivers/STM32F4xx_HAL_Driver/Src/stm32f4xx_hal_spi.o
 .debug_info    0x00000000000071f5     0x24a9 Drivers/STM32F4xx_HAL_Driver/Src/stm32f4xx_hal_tim.o
 .debug_info    0x000000000000969e     0x1157 Drivers/STM32F4xx_HAL_Driver/Src/stm32f4xx_hal_tim_ex.o
 .debug_info    0x000000000000a7f5      0xacb FreeRTOS/list.o
 .debug_info    0x000000000000b2c0     0x1ff2 FreeRTOS/queue.o
 .debug_info    0x000000000000d2b2     0x2965 FreeRTOS/tasks.o
 .debug_info    0x000000000000fc17     0x14c9 FreeRTOS/timers.o
 .debug_info    0x00000000000110e0      0x533 FreeRTOS/portable/ARM_CM4F/port.o
 .debug_info    0x0000000000011613      0xced FreeRTOS/portable/MemMang/heap_4.o

.debug_abbrev   0x0000000000000000     0x275c
 .debug_abbrev  0x0000000000000000      0x2b9 Core/Src/main.o
 .debug_abbrev  0x00000000000002b9      0x18c Core/Src/stm32f4xx_hal_msp.o
 .debug_abbrev  0x0000000000000445      0x19d Core/Src/stm32f4xx_hal_timebase_tim.o
 .debug_abbrev  0x00000000000005e2      0x15a Core/Src/stm32f4xx_it.o
 .debug_abbrev  0x000000000000073c      0x12b Core/Src/system_stm32f4xx.o
 .debug_abbrev  0x0000000000000867       0x12 Core/Startup/startup_stm32f407vgtx.o
 .debug_abbrev  0x0000000000000879      0x1c7 Drivers/STM32F4xx_HAL_Driver/Src/stm32f4xx_hal.o
 .debug_abbrev  0x0000000000000a40      0x2fa Drivers/STM32F4xx_HAL_Driver/Src/stm32f4xx_hal_cortex.o
 .debug_abbrev  0x0000000000000d3a      0x1c9 Drivers/STM32F4xx_HAL_Driver/Src/stm32f4xx_hal_gpio.o
 .debug_abbrev  0x0000000000000f03      0x245 Drivers/STM32F4xx_HAL_Driver/Src/stm32f4xx_hal_rcc.o
 .debug_abbrev  0x0000000000001148      0x240 Drivers/STM32F4xx_HAL_Driver/Src/stm32f4xx_hal_spi.o
 .debug_abbrev  0x0000000000001388      0x230 Drivers/STM32F4xx_HAL_Driver/Src/stm32f4xx_hal_tim.o
 .debug_abbrev  0x00000000000015b8      0x21e Drivers/STM32F4xx_HAL_Driver/Src/stm32f4xx_hal_tim_ex.o
 .debug_abbrev  0x00000000000017d6      0x1cf FreeRTOS/list.o
 .debug_abbrev  0x00000000000019a5      0x2f1 FreeRTOS/queue.o
 .debug_abbrev  0x0000000000001c96      0x350 FreeRTOS/tasks.o
 .debug_abbrev  0x0000000000001fe6      0x2c8 FreeRTOS/timers.o
 .debug_abbrev  0x00000000000022ae      0x210 FreeRTOS/portable/ARM_CM4F/port.o
 .debug_abbrev  0x00000000000024be      0x29e FreeRTOS/portable/MemMang/heap_4.o

.debug_aranges  0x0000000000000000     0x1058
 .debug_aranges
                0x0000000000000000       0x70 Core/Src/main.o
 .debug_aranges
                0x0000000000000070       0x30 Core/Src/stm32f4xx_hal_msp.o
 .debug_aranges
                0x00000000000000a0       0x30 Core/Src/stm32f4xx_hal_timebase_tim.o
 .debug_aranges
                0x00000000000000d0       0x70 Core/Src/stm32f4xx_it.o
 .debug_aranges
                0x0000000000000140       0x28 Core/Src/system_stm32f4xx.o
 .debug_aranges
                0x0000000000000168       0x28 Core/Startup/startup_stm32f407vgtx.o
 .debug_aranges
                0x0000000000000190       0xf0 Drivers/STM32F4xx_HAL_Driver/Src/stm32f4xx_hal.o
 .debug_aranges
                0x0000000000000280      0x118 Drivers/STM32F4xx_HAL_Driver/Src/stm32f4xx_hal_cortex.o
 .debug_aranges
                0x0000000000000398       0x58 Drivers/STM32F4xx_HAL_Driver/Src/stm32f4xx_hal_gpio.o
 .debug_aranges
                0x00000000000003f0       0x88 Drivers/STM32F4xx_HAL_Driver/Src/stm32f4xx_hal_rcc.o
 .debug_aranges
                0x0000000000000478      0x1d0 Drivers/STM32F4xx_HAL_Driver/Src/stm32f4xx_hal_spi.o
 .debug_aranges
                0x0000000000000648      0x3a8 Drivers/STM32F4xx_HAL_Driver/Src/stm32f4xx_hal_tim.o
 .debug_aranges
                0x00000000000009f0      0x150 Drivers/STM32F4xx_HAL_Driver/Src/stm32f4xx_hal_tim_ex.o
 .debug_aranges
                0x0000000000000b40       0x40 FreeRTOS/list.o
 .debug_aranges
                0x0000000000000b80      0x130 FreeRTOS/queue.o
 .debug_aranges
                0x0000000000000cb0      0x1f8 FreeRTOS/tasks.o
 .debug_aranges
                0x0000000000000ea8       0xd8 FreeRTOS/timers.o
 .debug_aranges
                0x0000000000000f80       0x80 FreeRTOS/portable/ARM_CM4F/port.o
 .debug_aranges
                0x0000000000001000       0x58 FreeRTOS/portable/MemMang/heap_4.o

.debug_ranges   0x0000000000000000      0xf30
 .debug_ranges  0x0000000000000000       0x60 Core/Src/main.o
 .debug_ranges  0x0000000000000060       0x20 Core/Src/stm32f4xx_hal_msp.o
 .debug_ranges  0x0000000000000080       0x20 Core/Src/stm32f4xx_hal_timebase_tim.o
 .debug_ranges  0x00000000000000a0       0x60 Core/Src/stm32f4xx_it.o
 .debug_ranges  0x0000000000000100       0x18 Core/Src/system_stm32f4xx.o
 .debug_ranges  0x0000000000000118       0x20 Core/Startup/startup_stm32f407vgtx.o
 .debug_ranges  0x0000000000000138       0xe0 Drivers/STM32F4xx_HAL_Driver/Src/stm32f4xx_hal.o
 .debug_ranges  0x0000000000000218      0x108 Drivers/STM32F4xx_HAL_Driver/Src/stm32f4xx_hal_cortex.o
 .debug_ranges  0x0000000000000320       0x48 Drivers/STM32F4xx_HAL_Driver/Src/stm32f4xx_hal_gpio.o
 .debug_ranges  0x0000000000000368       0x78 Drivers/STM32F4xx_HAL_Driver/Src/stm32f4xx_hal_rcc.o
 .debug_ranges  0x00000000000003e0      0x1c0 Drivers/STM32F4xx_HAL_Driver/Src/stm32f4xx_hal_spi.o
 .debug_ranges  0x00000000000005a0      0x398 Drivers/STM32F4xx_HAL_Driver/Src/stm32f4xx_hal_tim.o
 .debug_ranges  0x0000000000000938      0x140 Drivers/STM32F4xx_HAL_Driver/Src/stm32f4xx_hal_tim_ex.o
 .debug_ranges  0x0000000000000a78       0x30 FreeRTOS/list.o
 .debug_ranges  0x0000000000000aa8      0x120 FreeRTOS/queue.o
 .debug_ranges  0x0000000000000bc8      0x1e8 FreeRTOS/tasks.o
 .debug_ranges  0x0000000000000db0       0xc8 FreeRTOS/timers.o
 .debug_ranges  0x0000000000000e78       0x70 FreeRTOS/portable/ARM_CM4F/port.o
 .debug_ranges  0x0000000000000ee8       0x48 FreeRTOS/portable/MemMang/heap_4.o

.debug_macro    0x0000000000000000    0x218ce
 .debug_macro   0x0000000000000000      0x26b Core/Src/main.o
 .debug_macro   0x000000000000026b      0xa5a Core/Src/main.o
 .debug_macro   0x0000000000000cc5      0x294 Core/Src/main.o
 .debug_macro   0x0000000000000f59       0x2e Core/Src/main.o
 .debug_macro   0x0000000000000f87       0x2f Core/Src/main.o
 .debug_macro   0x0000000000000fb6       0x22 Core/Src/main.o
 .debug_macro   0x0000000000000fd8       0x8e Core/Src/main.o
 .debug_macro   0x0000000000001066       0x51 Core/Src/main.o
 .debug_macro   0x00000000000010b7       0xef Core/Src/main.o
 .debug_macro   0x00000000000011a6       0x6a Core/Src/main.o
 .debug_macro   0x0000000000001210      0x1df Core/Src/main.o
 .debug_macro   0x00000000000013ef       0x1c Core/Src/main.o
 .debug_macro   0x000000000000140b       0x22 Core/Src/main.o
 .debug_macro   0x000000000000142d       0xdf Core/Src/main.o
 .debug_macro   0x000000000000150c     0x102d Core/Src/main.o
 .debug_macro   0x0000000000002539      0x11f Core/Src/main.o
 .debug_macro   0x0000000000002658    0x15e3c Core/Src/main.o
 .debug_macro   0x0000000000018494       0x43 Core/Src/main.o
 .debug_macro   0x00000000000184d7     0x3659 Core/Src/main.o
 .debug_macro   0x000000000001bb30      0x174 Core/Src/main.o
 .debug_macro   0x000000000001bca4       0x5a Core/Src/main.o
 .debug_macro   0x000000000001bcfe      0x96b Core/Src/main.o
 .debug_macro   0x000000000001c669      0x9fe Core/Src/main.o
 .debug_macro   0x000000000001d067      0x117 Core/Src/main.o
 .debug_macro   0x000000000001d17e      0x13e Core/Src/main.o
 .debug_macro   0x000000000001d2bc       0x27 Core/Src/main.o
 .debug_macro   0x000000000001d2e3      0x174 Core/Src/main.o
 .debug_macro   0x000000000001d457      0x287 Core/Src/main.o
 .debug_macro   0x000000000001d6de       0x5f Core/Src/main.o
 .debug_macro   0x000000000001d73d      0x236 Core/Src/main.o
 .debug_macro   0x000000000001d973      0x12c Core/Src/main.o
 .debug_macro   0x000000000001da9f      0x21e Core/Src/main.o
 .debug_macro   0x000000000001dcbd       0x2e Core/Src/main.o
 .debug_macro   0x000000000001dceb      0x11a Core/Src/main.o
 .debug_macro   0x000000000001de05       0x7e Core/Src/main.o
 .debug_macro   0x000000000001de83       0x89 Core/Src/main.o
 .debug_macro   0x000000000001df0c      0x225 Core/Src/main.o
 .debug_macro   0x000000000001e131      0x8a0 Core/Src/main.o
 .debug_macro   0x000000000001e9d1       0x47 Core/Src/main.o
 .debug_macro   0x000000000001ea18      0x12d Core/Src/main.o
 .debug_macro   0x000000000001eb45      0x178 Core/Src/main.o
 .debug_macro   0x000000000001ecbd      0x10c Core/Src/main.o
 .debug_macro   0x000000000001edc9      0x15a Core/Src/main.o
 .debug_macro   0x000000000001ef23       0xea Core/Src/main.o
 .debug_macro   0x000000000001f00d       0x1c Core/Src/main.o
 .debug_macro   0x000000000001f029       0x26 Core/Src/main.o
 .debug_macro   0x000000000001f04f      0x4f6 Core/Src/main.o
 .debug_macro   0x000000000001f545       0xb5 Core/Src/main.o
 .debug_macro   0x000000000001f5fa      0x120 Core/Src/main.o
 .debug_macro   0x000000000001f71a       0x80 Core/Src/main.o
 .debug_macro   0x000000000001f79a       0x7e Core/Src/main.o
 .debug_macro   0x000000000001f818      0x1dd Core/Src/stm32f4xx_hal_msp.o
 .debug_macro   0x000000000001f9f5      0x1ce Core/Src/stm32f4xx_hal_timebase_tim.o
 .debug_macro   0x000000000001fbc3      0x1e7 Core/Src/stm32f4xx_it.o
 .debug_macro   0x000000000001fdaa      0x1d4 Core/Src/system_stm32f4xx.o
 .debug_macro   0x000000000001ff7e      0x22e Drivers/STM32F4xx_HAL_Driver/Src/stm32f4xx_hal.o
 .debug_macro   0x00000000000201ac      0x1ce Drivers/STM32F4xx_HAL_Driver/Src/stm32f4xx_hal_cortex.o
 .debug_macro   0x000000000002037a      0x204 Drivers/STM32F4xx_HAL_Driver/Src/stm32f4xx_hal_gpio.o
 .debug_macro   0x000000000002057e      0x1f2 Drivers/STM32F4xx_HAL_Driver/Src/stm32f4xx_hal_rcc.o
 .debug_macro   0x0000000000020770      0x1dd Drivers/STM32F4xx_HAL_Driver/Src/stm32f4xx_hal_spi.o
 .debug_macro   0x000000000002094d      0x1cf Drivers/STM32F4xx_HAL_Driver/Src/stm32f4xx_hal_tim.o
 .debug_macro   0x0000000000020b1c      0x1ce Drivers/STM32F4xx_HAL_Driver/Src/stm32f4xx_hal_tim_ex.o
 .debug_macro   0x0000000000020cea      0x186 FreeRTOS/list.o
 .debug_macro   0x0000000000020e70      0x20f FreeRTOS/queue.o
 .debug_macro   0x000000000002107f       0x16 FreeRTOS/queue.o
 .debug_macro   0x0000000000021095       0x20 FreeRTOS/queue.o
 .debug_macro   0x00000000000210b5      0x26c FreeRTOS/tasks.o
 .debug_macro   0x0000000000021321       0x10 FreeRTOS/tasks.o
 .debug_macro   0x0000000000021331      0x1cf FreeRTOS/timers.o
 .debug_macro   0x0000000000021500       0x97 FreeRTOS/timers.o
 .debug_macro   0x0000000000021597      0x196 FreeRTOS/portable/ARM_CM4F/port.o
 .debug_macro   0x000000000002172d      0x1a1 FreeRTOS/portable/MemMang/heap_4.o

.debug_line     0x0000000000000000     0xc202
 .debug_line    0x0000000000000000      0x979 Core/Src/main.o
 .debug_line    0x0000000000000979      0x6cb Core/Src/stm32f4xx_hal_msp.o
 .debug_line    0x0000000000001044      0x6d0 Core/Src/stm32f4xx_hal_timebase_tim.o
 .debug_line    0x0000000000001714      0x767 Core/Src/stm32f4xx_it.o
 .debug_line    0x0000000000001e7b      0x6b7 Core/Src/system_stm32f4xx.o
 .debug_line    0x0000000000002532       0x85 Core/Startup/startup_stm32f407vgtx.o
 .debug_line    0x00000000000025b7      0x8a1 Drivers/STM32F4xx_HAL_Driver/Src/stm32f4xx_hal.o
 .debug_line    0x0000000000002e58      0x9c5 Drivers/STM32F4xx_HAL_Driver/Src/stm32f4xx_hal_cortex.o
 .debug_line    0x000000000000381d      0x880 Drivers/STM32F4xx_HAL_Driver/Src/stm32f4xx_hal_gpio.o
 .debug_line    0x000000000000409d      0x8f9 Drivers/STM32F4xx_HAL_Driver/Src/stm32f4xx_hal_rcc.o
 .debug_line    0x0000000000004996     0x105d Drivers/STM32F4xx_HAL_Driver/Src/stm32f4xx_hal_spi.o
 .debug_line    0x00000000000059f3     0x191a Drivers/STM32F4xx_HAL_Driver/Src/stm32f4xx_hal_tim.o
 .debug_line    0x000000000000730d      0xcb7 Drivers/STM32F4xx_HAL_Driver/Src/stm32f4xx_hal_tim_ex.o
 .debug_line    0x0000000000007fc4      0x655 FreeRTOS/list.o
 .debug_line    0x0000000000008619     0x1021 FreeRTOS/queue.o
 .debug_line    0x000000000000963a     0x138b FreeRTOS/tasks.o
 .debug_line    0x000000000000a9c5      0x9f2 FreeRTOS/timers.o
 .debug_line    0x000000000000b3b7      0x6d1 FreeRTOS/portable/ARM_CM4F/port.o
 .debug_line    0x000000000000ba88      0x77a FreeRTOS/portable/MemMang/heap_4.o

.debug_str      0x0000000000000000    0xd1317
 .debug_str     0x0000000000000000    0xc859b Core/Src/main.o
                                      0xc8955 (size before relaxing)
 .debug_str     0x00000000000c859b       0x53 Core/Src/stm32f4xx_hal_msp.o
                                      0xc269a (size before relaxing)
 .debug_str     0x00000000000c85ee       0xaa Core/Src/stm32f4xx_hal_timebase_tim.o
                                      0xc25bf (size before relaxing)
 .debug_str     0x00000000000c8698       0xb7 Core/Src/stm32f4xx_it.o
                                      0xc25bb (size before relaxing)
 .debug_str     0x00000000000c874f       0xc4 Core/Src/system_stm32f4xx.o
                                      0xc1c49 (size before relaxing)
 .debug_str     0x00000000000c8813       0x36 Core/Startup/startup_stm32f407vgtx.o
                                         0x80 (size before relaxing)
 .debug_str     0x00000000000c8849      0x542 Drivers/STM32F4xx_HAL_Driver/Src/stm32f4xx_hal.o
                                      0xc2716 (size before relaxing)
 .debug_str     0x00000000000c8d8b      0x392 Drivers/STM32F4xx_HAL_Driver/Src/stm32f4xx_hal_cortex.o
                                      0xc2505 (size before relaxing)
 .debug_str     0x00000000000c911d      0x1ec Drivers/STM32F4xx_HAL_Driver/Src/stm32f4xx_hal_gpio.o
                                      0xc1e88 (size before relaxing)
 .debug_str     0x00000000000c9309      0x24f Drivers/STM32F4xx_HAL_Driver/Src/stm32f4xx_hal_rcc.o
                                      0xc2036 (size before relaxing)
 .debug_str     0x00000000000c9558      0x560 Drivers/STM32F4xx_HAL_Driver/Src/stm32f4xx_hal_spi.o
                                      0xc24b7 (size before relaxing)
 .debug_str     0x00000000000c9ab8      0xd69 Drivers/STM32F4xx_HAL_Driver/Src/stm32f4xx_hal_tim.o
                                      0xc2d55 (size before relaxing)
 .debug_str     0x00000000000ca821      0x4ec Drivers/STM32F4xx_HAL_Driver/Src/stm32f4xx_hal_tim_ex.o
                                      0xc2555 (size before relaxing)
 .debug_str     0x00000000000cad0d     0x3111 FreeRTOS/list.o
                                       0xa9d9 (size before relaxing)
 .debug_str     0x00000000000cde1e      0x92f FreeRTOS/queue.o
                                       0xcc9d (size before relaxing)
 .debug_str     0x00000000000ce74d     0x1bc4 FreeRTOS/tasks.o
                                       0xd9b4 (size before relaxing)
 .debug_str     0x00000000000d0311      0x512 FreeRTOS/timers.o
                                       0xd081 (size before relaxing)
 .debug_str     0x00000000000d0823      0x7d8 FreeRTOS/portable/ARM_CM4F/port.o
                                       0x931d (size before relaxing)
 .debug_str     0x00000000000d0ffb      0x31c FreeRTOS/portable/MemMang/heap_4.o
                                       0xbe53 (size before relaxing)

.comment        0x0000000000000000       0x7b
 .comment       0x0000000000000000       0x7b Core/Src/main.o
                                         0x7c (size before relaxing)
 .comment       0x000000000000007b       0x7c Core/Src/stm32f4xx_hal_msp.o
 .comment       0x000000000000007b       0x7c Core/Src/stm32f4xx_hal_timebase_tim.o
 .comment       0x000000000000007b       0x7c Core/Src/stm32f4xx_it.o
 .comment       0x000000000000007b       0x7c Core/Src/system_stm32f4xx.o
 .comment       0x000000000000007b       0x7c Drivers/STM32F4xx_HAL_Driver/Src/stm32f4xx_hal.o
 .comment       0x000000000000007b       0x7c Drivers/STM32F4xx_HAL_Driver/Src/stm32f4xx_hal_cortex.o
 .comment       0x000000000000007b       0x7c Drivers/STM32F4xx_HAL_Driver/Src/stm32f4xx_hal_gpio.o
 .comment       0x000000000000007b       0x7c Drivers/STM32F4xx_HAL_Driver/Src/stm32f4xx_hal_rcc.o
 .comment       0x000000000000007b       0x7c Drivers/STM32F4xx_HAL_Driver/Src/stm32f4xx_hal_spi.o
 .comment       0x000000000000007b       0x7c Drivers/STM32F4xx_HAL_Driver/Src/stm32f4xx_hal_tim.o
 .comment       0x000000000000007b       0x7c Drivers/STM32F4xx_HAL_Driver/Src/stm32f4xx_hal_tim_ex.o
 .comment       0x000000000000007b       0x7c FreeRTOS/list.o
 .comment       0x000000000000007b       0x7c FreeRTOS/queue.o
 .comment       0x000000000000007b       0x7c FreeRTOS/tasks.o
 .comment       0x000000000000007b       0x7c FreeRTOS/timers.o
 .comment       0x000000000000007b       0x7c FreeRTOS/portable/ARM_CM4F/port.o
 .comment       0x000000000000007b       0x7c FreeRTOS/portable/MemMang/heap_4.o

.debug_frame    0x0000000000000000     0x43f8
 .debug_frame   0x0000000000000000      0x17c Core/Src/main.o
 .debug_frame   0x000000000000017c       0x80 Core/Src/stm32f4xx_hal_msp.o
 .debug_frame   0x00000000000001fc       0x74 Core/Src/stm32f4xx_hal_timebase_tim.o
 .debug_frame   0x0000000000000270      0x140 Core/Src/stm32f4xx_it.o
 .debug_frame   0x00000000000003b0       0x58 Core/Src/system_stm32f4xx.o
 .debug_frame   0x0000000000000408      0x374 Drivers/STM32F4xx_HAL_Driver/Src/stm32f4xx_hal.o
 .debug_frame   0x000000000000077c      0x498 Drivers/STM32F4xx_HAL_Driver/Src/stm32f4xx_hal_cortex.o
 .debug_frame   0x0000000000000c14      0x14c Drivers/STM32F4xx_HAL_Driver/Src/stm32f4xx_hal_gpio.o
 .debug_frame   0x0000000000000d60      0x1f0 Drivers/STM32F4xx_HAL_Driver/Src/stm32f4xx_hal_rcc.o
 .debug_frame   0x0000000000000f50      0x824 Drivers/STM32F4xx_HAL_Driver/Src/stm32f4xx_hal_spi.o
 .debug_frame   0x0000000000001774     0x10f0 Drivers/STM32F4xx_HAL_Driver/Src/stm32f4xx_hal_tim.o
 .debug_frame   0x0000000000002864      0x5c0 Drivers/STM32F4xx_HAL_Driver/Src/stm32f4xx_hal_tim_ex.o
 .debug_frame   0x0000000000002e24       0xd8 FreeRTOS/list.o
 .debug_frame   0x0000000000002efc      0x534 FreeRTOS/queue.o
 .debug_frame   0x0000000000003430      0x894 FreeRTOS/tasks.o
 .debug_frame   0x0000000000003cc4      0x38c FreeRTOS/timers.o
 .debug_frame   0x0000000000004050      0x1a8 FreeRTOS/portable/ARM_CM4F/port.o
 .debug_frame   0x00000000000041f8      0x12c FreeRTOS/portable/MemMang/heap_4.o
 .debug_frame   0x0000000000004324       0x2c /opt/st/stm32cubeide_1.5.1/plugins/com.st.stm32cube.ide.mcu.externaltools.gnu-tools-for-stm32.7-2018-q2-update.linux64_1.5.0.202011040924/tools/bin/../lib/gcc/arm-none-eabi/7.3.1/../../../../arm-none-eabi/lib/thumb/v7e-m/fpv4-sp/hard/libc_nano.a(lib_a-init.o)
 .debug_frame   0x0000000000004350       0x28 /opt/st/stm32cubeide_1.5.1/plugins/com.st.stm32cube.ide.mcu.externaltools.gnu-tools-for-stm32.7-2018-q2-update.linux64_1.5.0.202011040924/tools/bin/../lib/gcc/arm-none-eabi/7.3.1/../../../../arm-none-eabi/lib/thumb/v7e-m/fpv4-sp/hard/libc_nano.a(lib_a-memcpy-stub.o)
 .debug_frame   0x0000000000004378       0x20 /opt/st/stm32cubeide_1.5.1/plugins/com.st.stm32cube.ide.mcu.externaltools.gnu-tools-for-stm32.7-2018-q2-update.linux64_1.5.0.202011040924/tools/bin/../lib/gcc/arm-none-eabi/7.3.1/../../../../arm-none-eabi/lib/thumb/v7e-m/fpv4-sp/hard/libc_nano.a(lib_a-memset.o)
 .debug_frame   0x0000000000004398       0x2c /opt/st/stm32cubeide_1.5.1/plugins/com.st.stm32cube.ide.mcu.externaltools.gnu-tools-for-stm32.7-2018-q2-update.linux64_1.5.0.202011040924/tools/bin/../lib/gcc/arm-none-eabi/7.3.1/thumb/v7e-m/fpv4-sp/hard/libgcc.a(_aeabi_uldivmod.o)
 .debug_frame   0x00000000000043c4       0x34 /opt/st/stm32cubeide_1.5.1/plugins/com.st.stm32cube.ide.mcu.externaltools.gnu-tools-for-stm32.7-2018-q2-update.linux64_1.5.0.202011040924/tools/bin/../lib/gcc/arm-none-eabi/7.3.1/thumb/v7e-m/fpv4-sp/hard/libgcc.a(_udivmoddi4.o)
