tasks.c:730:13:xTaskCreate	56	static
tasks.c:820:6:Uint32ConvertHex	40	static
tasks.c:847:6:LongConvertCharArray	48	static
tasks.c:889:6:TaskMonitor	32	static
tasks.c:1086:13:prvInitialiseNewTask	40	static,ignoring_inline_asm
tasks.c:1337:13:prvAddNewTaskToReadyList	16	static,ignoring_inline_asm
tasks.c:1422:7:vTaskDelete	24	static,ignoring_inline_asm
tasks.c:1514:7:vTaskDelayUntil	48	static,ignoring_inline_asm
tasks.c:1598:7:vTaskDelay	24	static,ignoring_inline_asm
tasks.c:1643:13:eTaskGetState	40	static,ignoring_inline_asm
tasks.c:1735:14:uxTaskPriorityGet	24	static
tasks.c:1757:14:uxTaskPriorityGetFromISR	40	static,ignoring_inline_asm
tasks.c:1797:7:vTaskPrioritySet	40	static,ignoring_inline_asm
tasks.c:1961:7:vTaskSuspend	24	static,ignoring_inline_asm
tasks.c:2062:20:prvTaskIsTaskSuspended	32	static,ignoring_inline_asm
tasks.c:2108:7:vTaskResume	24	static,ignoring_inline_asm
tasks.c:2162:13:xTaskResumeFromISR	48	static,ignoring_inline_asm
tasks.c:2232:6:vTaskStartScheduler	32	static,ignoring_inline_asm
tasks.c:2354:6:vTaskEndScheduler	16	static,ignoring_inline_asm
tasks.c:2365:6:vTaskSuspendAll	4	static,ignoring_inline_asm
tasks.c:2439:12:xTaskResumeAll	24	static,ignoring_inline_asm
tasks.c:2549:12:xTaskGetTickCount	16	static
tasks.c:2564:12:xTaskGetTickCountFromISR	16	static
tasks.c:2595:13:uxTaskGetNumberOfTasks	4	static
tasks.c:2603:7:pcTaskGetName	24	static,ignoring_inline_asm
tasks.c:2750:14:uxTaskGetSystemState	32	static
tasks.c:2930:12:xTaskIncrementTick	32	static,ignoring_inline_asm
tasks.c:3212:6:vTaskSwitchContext	32	static,ignoring_inline_asm
tasks.c:3285:6:vTaskPlaceOnEventList	24	static,ignoring_inline_asm
tasks.c:3302:6:vTaskPlaceOnUnorderedEventList	32	static,ignoring_inline_asm
tasks.c:3328:7:vTaskPlaceOnEventListRestricted	32	static,ignoring_inline_asm
tasks.c:3359:12:xTaskRemoveFromEventList	32	static,ignoring_inline_asm
tasks.c:3427:6:vTaskRemoveFromUnorderedEventList	32	static,ignoring_inline_asm
tasks.c:3461:6:vTaskSetTimeOutState	24	static,ignoring_inline_asm
tasks.c:3473:6:vTaskInternalSetTimeOutState	16	static
tasks.c:3481:12:xTaskCheckForTimeOut	40	static,ignoring_inline_asm
tasks.c:3544:6:vTaskMissedYield	4	static
tasks.c:3552:14:uxTaskGetTaskNumber	24	static
tasks.c:3575:7:vTaskSetTaskNumber	24	static
tasks.c:3599:8:prvIdleTask	16	static,ignoring_inline_asm
tasks.c:3811:13:prvInitialiseTaskLists	16	static
tasks.c:3843:13:prvCheckTasksWaitingTermination	16	static
tasks.c:3874:7:vTaskGetInfo	32	static
tasks.c:3970:21:prvListTasksWithinSingleList	48	static
tasks.c:4003:32:prvTaskCheckFreeStackSpace	24	static
tasks.c:4091:14:prvDeleteTCB	16	static
tasks.c:4145:13:prvResetNextTaskUnblockTime	16	static
tasks.c:4171:15:xTaskGetCurrentTaskHandle	16	static
tasks.c:4188:13:xTaskGetSchedulerState	16	static
tasks.c:4216:13:xTaskPriorityInherit	24	static
tasks.c:4303:13:xTaskPriorityDisinherit	32	static,ignoring_inline_asm
tasks.c:4383:7:vTaskPriorityDisinheritAfterTimeout	40	static,ignoring_inline_asm
tasks.c:4798:12:uxTaskResetEventItemValue	16	static
tasks.c:4814:15:pvTaskIncrementMutexHeldCount	4	static
tasks.c:4831:11:ulTaskNotifyTake	24	static,ignoring_inline_asm
tasks.c:4899:13:xTaskNotifyWait	32	static,ignoring_inline_asm
tasks.c:4979:13:xTaskGenericNotify	48	static,ignoring_inline_asm
tasks.c:5093:13:xTaskGenericNotifyFromISR	64	static,ignoring_inline_asm
tasks.c:5222:7:vTaskNotifyGiveFromISR	48	static,ignoring_inline_asm
tasks.c:5309:13:xTaskNotifyStateClear	24	static
tasks.c:5346:13:prvAddCurrentTaskToDelayedList	24	static
