stm32f4xx_it.c:71:6:NMI_Handler	4	static
stm32f4xx_it.c:86:6:HardFault_Handler	4	static
stm32f4xx_it.c:101:6:MemManage_Handler	4	static
stm32f4xx_it.c:116:6:BusFault_Handler	4	static
stm32f4xx_it.c:131:6:UsageFault_Handler	4	static
stm32f4xx_it.c:146:13:SVC_Handler	4	static
stm32f4xx_it.c:159:6:DebugMon_Handler	4	static
stm32f4xx_it.c:172:13:PendSV_Handler	4	static
stm32f4xx_it.c:185:13:SysTick_Handler	4	static
stm32f4xx_it.c:206:6:EXTI0_IRQHandler	8	static
stm32f4xx_it.c:220:6:TIM6_DAC_IRQHandler	8	static
