Archive member included to satisfy reference by file (symbol)

/opt/st/stm32cubeide_1.5.1/plugins/com.st.stm32cube.ide.mcu.externaltools.gnu-tools-for-stm32.7-2018-q2-update.linux64_1.5.0.202011040924/tools/bin/../lib/gcc/arm-none-eabi/7.3.1/../../../../arm-none-eabi/lib/thumb/v7e-m/fpv4-sp/hard/libc_nano.a(lib_a-errno.o)
                              Core/Src/syscalls.o (__errno)
/opt/st/stm32cubeide_1.5.1/plugins/com.st.stm32cube.ide.mcu.externaltools.gnu-tools-for-stm32.7-2018-q2-update.linux64_1.5.0.202011040924/tools/bin/../lib/gcc/arm-none-eabi/7.3.1/../../../../arm-none-eabi/lib/thumb/v7e-m/fpv4-sp/hard/libc_nano.a(lib_a-exit.o)
                              /opt/st/stm32cubeide_1.5.1/plugins/com.st.stm32cube.ide.mcu.externaltools.gnu-tools-for-stm32.7-2018-q2-update.linux64_1.5.0.202011040924/tools/bin/../lib/gcc/arm-none-eabi/7.3.1/../../../../arm-none-eabi/lib/thumb/v7e-m/fpv4-sp/hard/crt0.o (exit)
/opt/st/stm32cubeide_1.5.1/plugins/com.st.stm32cube.ide.mcu.externaltools.gnu-tools-for-stm32.7-2018-q2-update.linux64_1.5.0.202011040924/tools/bin/../lib/gcc/arm-none-eabi/7.3.1/../../../../arm-none-eabi/lib/thumb/v7e-m/fpv4-sp/hard/libc_nano.a(lib_a-impure.o)
                              /opt/st/stm32cubeide_1.5.1/plugins/com.st.stm32cube.ide.mcu.externaltools.gnu-tools-for-stm32.7-2018-q2-update.linux64_1.5.0.202011040924/tools/bin/../lib/gcc/arm-none-eabi/7.3.1/../../../../arm-none-eabi/lib/thumb/v7e-m/fpv4-sp/hard/libc_nano.a(lib_a-exit.o) (_global_impure_ptr)
/opt/st/stm32cubeide_1.5.1/plugins/com.st.stm32cube.ide.mcu.externaltools.gnu-tools-for-stm32.7-2018-q2-update.linux64_1.5.0.202011040924/tools/bin/../lib/gcc/arm-none-eabi/7.3.1/../../../../arm-none-eabi/lib/thumb/v7e-m/fpv4-sp/hard/libc_nano.a(lib_a-init.o)
                              /opt/st/stm32cubeide_1.5.1/plugins/com.st.stm32cube.ide.mcu.externaltools.gnu-tools-for-stm32.7-2018-q2-update.linux64_1.5.0.202011040924/tools/bin/../lib/gcc/arm-none-eabi/7.3.1/../../../../arm-none-eabi/lib/thumb/v7e-m/fpv4-sp/hard/crt0.o (__libc_init_array)
/opt/st/stm32cubeide_1.5.1/plugins/com.st.stm32cube.ide.mcu.externaltools.gnu-tools-for-stm32.7-2018-q2-update.linux64_1.5.0.202011040924/tools/bin/../lib/gcc/arm-none-eabi/7.3.1/../../../../arm-none-eabi/lib/thumb/v7e-m/fpv4-sp/hard/libc_nano.a(lib_a-memcpy-stub.o)
                              FreeRTOS/queue.o (memcpy)
/opt/st/stm32cubeide_1.5.1/plugins/com.st.stm32cube.ide.mcu.externaltools.gnu-tools-for-stm32.7-2018-q2-update.linux64_1.5.0.202011040924/tools/bin/../lib/gcc/arm-none-eabi/7.3.1/../../../../arm-none-eabi/lib/thumb/v7e-m/fpv4-sp/hard/libc_nano.a(lib_a-memset.o)
                              /opt/st/stm32cubeide_1.5.1/plugins/com.st.stm32cube.ide.mcu.externaltools.gnu-tools-for-stm32.7-2018-q2-update.linux64_1.5.0.202011040924/tools/bin/../lib/gcc/arm-none-eabi/7.3.1/../../../../arm-none-eabi/lib/thumb/v7e-m/fpv4-sp/hard/crt0.o (memset)
/opt/st/stm32cubeide_1.5.1/plugins/com.st.stm32cube.ide.mcu.externaltools.gnu-tools-for-stm32.7-2018-q2-update.linux64_1.5.0.202011040924/tools/bin/../lib/gcc/arm-none-eabi/7.3.1/thumb/v7e-m/fpv4-sp/hard/libgcc.a(_aeabi_uldivmod.o)
                              Drivers/STM32F4xx_HAL_Driver/Src/stm32f4xx_hal_rcc.o (__aeabi_uldivmod)
/opt/st/stm32cubeide_1.5.1/plugins/com.st.stm32cube.ide.mcu.externaltools.gnu-tools-for-stm32.7-2018-q2-update.linux64_1.5.0.202011040924/tools/bin/../lib/gcc/arm-none-eabi/7.3.1/thumb/v7e-m/fpv4-sp/hard/libgcc.a(_udivmoddi4.o)
                              /opt/st/stm32cubeide_1.5.1/plugins/com.st.stm32cube.ide.mcu.externaltools.gnu-tools-for-stm32.7-2018-q2-update.linux64_1.5.0.202011040924/tools/bin/../lib/gcc/arm-none-eabi/7.3.1/thumb/v7e-m/fpv4-sp/hard/libgcc.a(_aeabi_uldivmod.o) (__udivmoddi4)
/opt/st/stm32cubeide_1.5.1/plugins/com.st.stm32cube.ide.mcu.externaltools.gnu-tools-for-stm32.7-2018-q2-update.linux64_1.5.0.202011040924/tools/bin/../lib/gcc/arm-none-eabi/7.3.1/thumb/v7e-m/fpv4-sp/hard/libgcc.a(_dvmd_tls.o)
                              /opt/st/stm32cubeide_1.5.1/plugins/com.st.stm32cube.ide.mcu.externaltools.gnu-tools-for-stm32.7-2018-q2-update.linux64_1.5.0.202011040924/tools/bin/../lib/gcc/arm-none-eabi/7.3.1/thumb/v7e-m/fpv4-sp/hard/libgcc.a(_aeabi_uldivmod.o) (__aeabi_ldiv0)

Allocating common symbols
Common symbol       size              file

uwTick              0x4               Drivers/STM32F4xx_HAL_Driver/Src/stm32f4xx_hal.o
xQueueRegistry      0x40              FreeRTOS/queue.o
pFlash              0x20              Drivers/STM32F4xx_HAL_Driver/Src/stm32f4xx_hal_flash.o
htim6               0x40              Core/Src/stm32f4xx_hal_timebase_tim.o
xQueue1             0x4               Core/Src/main.o

Discarded input sections

 .text          0x0000000000000000        0x0 /opt/st/stm32cubeide_1.5.1/plugins/com.st.stm32cube.ide.mcu.externaltools.gnu-tools-for-stm32.7-2018-q2-update.linux64_1.5.0.202011040924/tools/bin/../lib/gcc/arm-none-eabi/7.3.1/thumb/v7e-m/fpv4-sp/hard/crti.o
[...]
Memory Configuration

Name             Origin             Length             Attributes
CCMRAM           0x0000000010000000 0x0000000000010000 xrw
RAM              0x0000000020000000 0x0000000000020000 xrw
FLASH            0x0000000008000000 0x0000000000100000 xr
*default*        0x0000000000000000 0xffffffffffffffff

Linker script and memory map

LOAD /opt/st/stm32cubeide_1.5.1/plugins/com.st.stm32cube.ide.mcu.externaltools.gnu-tools-for-stm32.7-2018-q2-update.linux64_1.5.0.202011040924/tools/bin/../lib/gcc/arm-none-eabi/7.3.1/thumb/v7e-m/fpv4-sp/hard/crti.o
LOAD /opt/st/stm32cubeide_1.5.1/plugins/com.st.stm32cube.ide.mcu.externaltools.gnu-tools-for-stm32.7-2018-q2-update.linux64_1.5.0.202011040924/tools/bin/../lib/gcc/arm-none-eabi/7.3.1/thumb/v7e-m/fpv4-sp/hard/crtbegin.o
LOAD /opt/st/stm32cubeide_1.5.1/plugins/com.st.stm32cube.ide.mcu.externaltools.gnu-tools-for-stm32.7-2018-q2-update.linux64_1.5.0.202011040924/tools/bin/../lib/gcc/arm-none-eabi/7.3.1/../../../../arm-none-eabi/lib/thumb/v7e-m/fpv4-sp/hard/crt0.o
LOAD Core/Src/main.o
LOAD Core/Src/stm32f4xx_hal_msp.o
LOAD Core/Src/stm32f4xx_hal_timebase_tim.o
LOAD Core/Src/stm32f4xx_it.o
LOAD Core/Src/syscalls.o
LOAD Core/Src/sysmem.o
LOAD Core/Src/system_stm32f4xx.o
LOAD Core/Startup/startup_stm32f407vgtx.o
LOAD Drivers/STM32F4xx_HAL_Driver/Src/stm32f4xx_hal.o
LOAD Drivers/STM32F4xx_HAL_Driver/Src/stm32f4xx_hal_cortex.o
LOAD Drivers/STM32F4xx_HAL_Driver/Src/stm32f4xx_hal_dma.o
LOAD Drivers/STM32F4xx_HAL_Driver/Src/stm32f4xx_hal_dma_ex.o
LOAD Drivers/STM32F4xx_HAL_Driver/Src/stm32f4xx_hal_exti.o
LOAD Drivers/STM32F4xx_HAL_Driver/Src/stm32f4xx_hal_flash.o
LOAD Drivers/STM32F4xx_HAL_Driver/Src/stm32f4xx_hal_flash_ex.o
LOAD Drivers/STM32F4xx_HAL_Driver/Src/stm32f4xx_hal_flash_ramfunc.o
LOAD Drivers/STM32F4xx_HAL_Driver/Src/stm32f4xx_hal_gpio.o
LOAD Drivers/STM32F4xx_HAL_Driver/Src/stm32f4xx_hal_pwr.o
LOAD Drivers/STM32F4xx_HAL_Driver/Src/stm32f4xx_hal_pwr_ex.o
LOAD Drivers/STM32F4xx_HAL_Driver/Src/stm32f4xx_hal_rcc.o
LOAD Drivers/STM32F4xx_HAL_Driver/Src/stm32f4xx_hal_rcc_ex.o
LOAD Drivers/STM32F4xx_HAL_Driver/Src/stm32f4xx_hal_tim.o
LOAD Drivers/STM32F4xx_HAL_Driver/Src/stm32f4xx_hal_tim_ex.o
LOAD FreeRTOS/croutine.o
LOAD FreeRTOS/event_groups.o
LOAD FreeRTOS/list.o
LOAD FreeRTOS/queue.o
LOAD FreeRTOS/stream_buffer.o
LOAD FreeRTOS/tasks.o
LOAD FreeRTOS/timers.o
LOAD FreeRTOS/portable/ARM_CM4F/port.o
LOAD FreeRTOS/portable/MemMang/heap_4.o
START GROUP
LOAD /opt/st/stm32cubeide_1.5.1/plugins/com.st.stm32cube.ide.mcu.externaltools.gnu-tools-for-stm32.7-2018-q2-update.linux64_1.5.0.202011040924/tools/bin/../lib/gcc/arm-none-eabi/7.3.1/../../../../arm-none-eabi/lib/thumb/v7e-m/fpv4-sp/hard/libc_nano.a
LOAD /opt/st/stm32cubeide_1.5.1/plugins/com.st.stm32cube.ide.mcu.externaltools.gnu-tools-for-stm32.7-2018-q2-update.linux64_1.5.0.202011040924/tools/bin/../lib/gcc/arm-none-eabi/7.3.1/../../../../arm-none-eabi/lib/thumb/v7e-m/fpv4-sp/hard/libm.a
END GROUP
START GROUP
LOAD /opt/st/stm32cubeide_1.5.1/plugins/com.st.stm32cube.ide.mcu.externaltools.gnu-tools-for-stm32.7-2018-q2-update.linux64_1.5.0.202011040924/tools/bin/../lib/gcc/arm-none-eabi/7.3.1/thumb/v7e-m/fpv4-sp/hard/libgcc.a
LOAD /opt/st/stm32cubeide_1.5.1/plugins/com.st.stm32cube.ide.mcu.externaltools.gnu-tools-for-stm32.7-2018-q2-update.linux64_1.5.0.202011040924/tools/bin/../lib/gcc/arm-none-eabi/7.3.1/../../../../arm-none-eabi/lib/thumb/v7e-m/fpv4-sp/hard/libc_nano.a
END GROUP
START GROUP
LOAD /opt/st/stm32cubeide_1.5.1/plugins/com.st.stm32cube.ide.mcu.externaltools.gnu-tools-for-stm32.7-2018-q2-update.linux64_1.5.0.202011040924/tools/bin/../lib/gcc/arm-none-eabi/7.3.1/thumb/v7e-m/fpv4-sp/hard/libgcc.a
LOAD /opt/st/stm32cubeide_1.5.1/plugins/com.st.stm32cube.ide.mcu.externaltools.gnu-tools-for-stm32.7-2018-q2-update.linux64_1.5.0.202011040924/tools/bin/../lib/gcc/arm-none-eabi/7.3.1/../../../../arm-none-eabi/lib/thumb/v7e-m/fpv4-sp/hard/libc_nano.a
LOAD /opt/st/stm32cubeide_1.5.1/plugins/com.st.stm32cube.ide.mcu.externaltools.gnu-tools-for-stm32.7-2018-q2-update.linux64_1.5.0.202011040924/tools/bin/../lib/gcc/arm-none-eabi/7.3.1/../../../../arm-none-eabi/lib/thumb/v7e-m/fpv4-sp/hard/libnosys.a
END GROUP
START GROUP
LOAD /opt/st/stm32cubeide_1.5.1/plugins/com.st.stm32cube.ide.mcu.externaltools.gnu-tools-for-stm32.7-2018-q2-update.linux64_1.5.0.202011040924/tools/bin/../lib/gcc/arm-none-eabi/7.3.1/thumb/v7e-m/fpv4-sp/hard/libgcc.a
LOAD /opt/st/stm32cubeide_1.5.1/plugins/com.st.stm32cube.ide.mcu.externaltools.gnu-tools-for-stm32.7-2018-q2-update.linux64_1.5.0.202011040924/tools/bin/../lib/gcc/arm-none-eabi/7.3.1/../../../../arm-none-eabi/lib/thumb/v7e-m/fpv4-sp/hard/libc_nano.a
LOAD /opt/st/stm32cubeide_1.5.1/plugins/com.st.stm32cube.ide.mcu.externaltools.gnu-tools-for-stm32.7-2018-q2-update.linux64_1.5.0.202011040924/tools/bin/../lib/gcc/arm-none-eabi/7.3.1/../../../../arm-none-eabi/lib/thumb/v7e-m/fpv4-sp/hard/libnosys.a
END GROUP
LOAD /opt/st/stm32cubeide_1.5.1/plugins/com.st.stm32cube.ide.mcu.externaltools.gnu-tools-for-stm32.7-2018-q2-update.linux64_1.5.0.202011040924/tools/bin/../lib/gcc/arm-none-eabi/7.3.1/thumb/v7e-m/fpv4-sp/hard/crtend.o
LOAD /opt/st/stm32cubeide_1.5.1/plugins/com.st.stm32cube.ide.mcu.externaltools.gnu-tools-for-stm32.7-2018-q2-update.linux64_1.5.0.202011040924/tools/bin/../lib/gcc/arm-none-eabi/7.3.1/thumb/v7e-m/fpv4-sp/hard/crtn.o
                0x0000000020020000                _estack = (ORIGIN (RAM) + LENGTH (RAM))
                0x0000000000000200                _Min_Heap_Size = 0x200
                0x0000000000000400                _Min_Stack_Size = 0x400

.isr_vector     0x0000000008000000      0x188
                0x0000000008000000                . = ALIGN (0x4)
 *(.isr_vector)
 .isr_vector    0x0000000008000000      0x188 Core/Startup/startup_stm32f407vgtx.o
                0x0000000008000000                g_pfnVectors
                0x0000000008000188                . = ALIGN (0x4)

.text           0x0000000008000190     0x41ec
                0x0000000008000190                . = ALIGN (0x4)
 *(.text)
 .text          0x0000000008000190       0x40 /opt/st/stm32cubeide_1.5.1/plugins/com.st.stm32cube.ide.mcu.externaltools.gnu-tools-for-stm32.7-2018-q2-update.linux64_1.5.0.202011040924/tools/bin/../lib/gcc/arm-none-eabi/7.3.1/thumb/v7e-m/fpv4-sp/hard/crtbegin.o
 .text          0x00000000080001d0       0x30 /opt/st/stm32cubeide_1.5.1/plugins/com.st.stm32cube.ide.mcu.externaltools.gnu-tools-for-stm32.7-2018-q2-update.linux64_1.5.0.202011040924/tools/bin/../lib/gcc/arm-none-eabi/7.3.1/thumb/v7e-m/fpv4-sp/hard/libgcc.a(_aeabi_uldivmod.o)
                0x00000000080001d0                __aeabi_uldivmod
 .text          0x0000000008000200      0x2cc /opt/st/stm32cubeide_1.5.1/plugins/com.st.stm32cube.ide.mcu.externaltools.gnu-tools-for-stm32.7-2018-q2-update.linux64_1.5.0.202011040924/tools/bin/../lib/gcc/arm-none-eabi/7.3.1/thumb/v7e-m/fpv4-sp/hard/libgcc.a(_udivmoddi4.o)
                0x0000000008000200                __udivmoddi4
 .text          0x00000000080004cc        0x4 /opt/st/stm32cubeide_1.5.1/plugins/com.st.stm32cube.ide.mcu.externaltools.gnu-tools-for-stm32.7-2018-q2-update.linux64_1.5.0.202011040924/tools/bin/../lib/gcc/arm-none-eabi/7.3.1/thumb/v7e-m/fpv4-sp/hard/libgcc.a(_dvmd_tls.o)
                0x00000000080004cc                __aeabi_ldiv0
                0x00000000080004cc                __aeabi_idiv0
 *(.text*)
 .text.main     0x00000000080004d0       0x68 Core/Src/main.o
                0x00000000080004d0                main
 .text.SystemClock_Config
                0x0000000008000538       0xbc Core/Src/main.o
                0x0000000008000538                SystemClock_Config
 .text.MX_GPIO_Init
                0x00000000080005f4       0xa4 Core/Src/main.o
 .text.LEDHandler
                0x0000000008000698       0x9c Core/Src/main.o
                0x0000000008000698                LEDHandler
 .text.ButtonHandler
                0x0000000008000734       0x44 Core/Src/main.o
                0x0000000008000734                ButtonHandler
 .text.HAL_TIM_PeriodElapsedCallback
                0x0000000008000778       0x24 Core/Src/main.o
                0x0000000008000778                HAL_TIM_PeriodElapsedCallback
 .text.Error_Handler
                0x000000000800079c        0x8 Core/Src/main.o
                0x000000000800079c                Error_Handler
 .text.HAL_MspInit
                0x00000000080007a4       0x50 Core/Src/stm32f4xx_hal_msp.o
                0x00000000080007a4                HAL_MspInit
 .text.HAL_InitTick
                0x00000000080007f4       0xb0 Core/Src/stm32f4xx_hal_timebase_tim.o
                0x00000000080007f4                HAL_InitTick
 .text.NMI_Handler
                0x00000000080008a4        0x6 Core/Src/stm32f4xx_it.o
                0x00000000080008a4                NMI_Handler
 .text.HardFault_Handler
                0x00000000080008aa        0x6 Core/Src/stm32f4xx_it.o
                0x00000000080008aa                HardFault_Handler
 .text.MemManage_Handler
                0x00000000080008b0        0x6 Core/Src/stm32f4xx_it.o
                0x00000000080008b0                MemManage_Handler
 .text.BusFault_Handler
                0x00000000080008b6        0x6 Core/Src/stm32f4xx_it.o
                0x00000000080008b6                BusFault_Handler
 .text.UsageFault_Handler
                0x00000000080008bc        0x6 Core/Src/stm32f4xx_it.o
                0x00000000080008bc                UsageFault_Handler
 .text.DebugMon_Handler
                0x00000000080008c2        0xe Core/Src/stm32f4xx_it.o
                0x00000000080008c2                DebugMon_Handler
 .text.TIM6_DAC_IRQHandler
                0x00000000080008d0       0x14 Core/Src/stm32f4xx_it.o
                0x00000000080008d0                TIM6_DAC_IRQHandler
 .text.SystemInit
                0x00000000080008e4       0x2c Core/Src/system_stm32f4xx.o
                0x00000000080008e4                SystemInit
 .text.Reset_Handler
                0x0000000008000910       0x50 Core/Startup/startup_stm32f407vgtx.o
                0x0000000008000910                Reset_Handler
 .text.Default_Handler
                0x0000000008000960        0x2 Core/Startup/startup_stm32f407vgtx.o
                0x0000000008000960                RTC_Alarm_IRQHandler
                0x0000000008000960                HASH_RNG_IRQHandler
                0x0000000008000960                EXTI2_IRQHandler
                0x0000000008000960                TIM8_CC_IRQHandler
                0x0000000008000960                TIM1_CC_IRQHandler
                0x0000000008000960                DMA2_Stream5_IRQHandler
                0x0000000008000960                DMA1_Stream5_IRQHandler
                0x0000000008000960                PVD_IRQHandler
                0x0000000008000960                SDIO_IRQHandler
                0x0000000008000960                TAMP_STAMP_IRQHandler
                0x0000000008000960                CAN2_RX1_IRQHandler
                0x0000000008000960                EXTI3_IRQHandler
                0x0000000008000960                TIM8_TRG_COM_TIM14_IRQHandler
                0x0000000008000960                TIM1_UP_TIM10_IRQHandler
                0x0000000008000960                TIM8_UP_TIM13_IRQHandler
                0x0000000008000960                I2C3_ER_IRQHandler
                0x0000000008000960                EXTI0_IRQHandler
                0x0000000008000960                I2C2_EV_IRQHandler
                0x0000000008000960                DMA1_Stream2_IRQHandler
                0x0000000008000960                CAN1_RX0_IRQHandler
                0x0000000008000960                FPU_IRQHandler
                0x0000000008000960                OTG_HS_WKUP_IRQHandler
                0x0000000008000960                CAN2_SCE_IRQHandler
                0x0000000008000960                DMA2_Stream2_IRQHandler
                0x0000000008000960                SPI1_IRQHandler
                0x0000000008000960                TIM1_BRK_TIM9_IRQHandler
                0x0000000008000960                DCMI_IRQHandler
                0x0000000008000960                CAN2_RX0_IRQHandler
                0x0000000008000960                DMA2_Stream3_IRQHandler
                0x0000000008000960                USART6_IRQHandler
                0x0000000008000960                USART3_IRQHandler
                0x0000000008000960                CAN1_RX1_IRQHandler
                0x0000000008000960                UART5_IRQHandler
                0x0000000008000960                DMA2_Stream0_IRQHandler
                0x0000000008000960                TIM4_IRQHandler
                0x0000000008000960                I2C1_EV_IRQHandler
                0x0000000008000960                DMA1_Stream6_IRQHandler
                0x0000000008000960                DMA1_Stream1_IRQHandler
                0x0000000008000960                UART4_IRQHandler
                0x0000000008000960                TIM3_IRQHandler
                0x0000000008000960                RCC_IRQHandler
                0x0000000008000960                TIM8_BRK_TIM12_IRQHandler
                0x0000000008000960                Default_Handler
                0x0000000008000960                EXTI15_10_IRQHandler
                0x0000000008000960                ADC_IRQHandler
                0x0000000008000960                DMA1_Stream7_IRQHandler
                0x0000000008000960                TIM7_IRQHandler
                0x0000000008000960                CAN2_TX_IRQHandler
                0x0000000008000960                TIM5_IRQHandler
                0x0000000008000960                DMA2_Stream7_IRQHandler
                0x0000000008000960                I2C3_EV_IRQHandler
                0x0000000008000960                EXTI9_5_IRQHandler
                0x0000000008000960                RTC_WKUP_IRQHandler
                0x0000000008000960                ETH_WKUP_IRQHandler
                0x0000000008000960                SPI2_IRQHandler
                0x0000000008000960                OTG_HS_EP1_IN_IRQHandler
                0x0000000008000960                DMA1_Stream0_IRQHandler
                0x0000000008000960                CAN1_TX_IRQHandler
                0x0000000008000960                EXTI4_IRQHandler
                0x0000000008000960                FSMC_IRQHandler
                0x0000000008000960                ETH_IRQHandler
                0x0000000008000960                OTG_HS_EP1_OUT_IRQHandler
                0x0000000008000960                WWDG_IRQHandler
                0x0000000008000960                TIM2_IRQHandler
                0x0000000008000960                OTG_FS_WKUP_IRQHandler
                0x0000000008000960                TIM1_TRG_COM_TIM11_IRQHandler
                0x0000000008000960                OTG_HS_IRQHandler
                0x0000000008000960                EXTI1_IRQHandler
                0x0000000008000960                USART2_IRQHandler
                0x0000000008000960                I2C2_ER_IRQHandler
                0x0000000008000960                DMA2_Stream1_IRQHandler
                0x0000000008000960                CAN1_SCE_IRQHandler
                0x0000000008000960                FLASH_IRQHandler
                0x0000000008000960                DMA2_Stream4_IRQHandler
                0x0000000008000960                USART1_IRQHandler
                0x0000000008000960                OTG_FS_IRQHandler
                0x0000000008000960                SPI3_IRQHandler
                0x0000000008000960                DMA1_Stream4_IRQHandler
                0x0000000008000960                I2C1_ER_IRQHandler
                0x0000000008000960                DMA2_Stream6_IRQHandler
                0x0000000008000960                DMA1_Stream3_IRQHandler
 *fill*         0x0000000008000962        0x2 
 .text.HAL_Init
                0x0000000008000964       0x44 Drivers/STM32F4xx_HAL_Driver/Src/stm32f4xx_hal.o
                0x0000000008000964                HAL_Init
 .text.HAL_IncTick
                0x00000000080009a8       0x28 Drivers/STM32F4xx_HAL_Driver/Src/stm32f4xx_hal.o
                0x00000000080009a8                HAL_IncTick
 .text.HAL_GetTick
                0x00000000080009d0       0x18 Drivers/STM32F4xx_HAL_Driver/Src/stm32f4xx_hal.o
                0x00000000080009d0                HAL_GetTick
 .text.__NVIC_SetPriorityGrouping
                0x00000000080009e8       0x48 Drivers/STM32F4xx_HAL_Driver/Src/stm32f4xx_hal_cortex.o
 .text.__NVIC_GetPriorityGrouping
                0x0000000008000a30       0x1c Drivers/STM32F4xx_HAL_Driver/Src/stm32f4xx_hal_cortex.o
 .text.__NVIC_EnableIRQ
                0x0000000008000a4c       0x3c Drivers/STM32F4xx_HAL_Driver/Src/stm32f4xx_hal_cortex.o
 .text.__NVIC_SetPriority
                0x0000000008000a88       0x54 Drivers/STM32F4xx_HAL_Driver/Src/stm32f4xx_hal_cortex.o
 .text.NVIC_EncodePriority
                0x0000000008000adc       0x66 Drivers/STM32F4xx_HAL_Driver/Src/stm32f4xx_hal_cortex.o
 .text.HAL_NVIC_SetPriorityGrouping
                0x0000000008000b42       0x16 Drivers/STM32F4xx_HAL_Driver/Src/stm32f4xx_hal_cortex.o
                0x0000000008000b42                HAL_NVIC_SetPriorityGrouping
 .text.HAL_NVIC_SetPriority
                0x0000000008000b58       0x38 Drivers/STM32F4xx_HAL_Driver/Src/stm32f4xx_hal_cortex.o
                0x0000000008000b58                HAL_NVIC_SetPriority
 .text.HAL_NVIC_EnableIRQ
                0x0000000008000b90       0x1c Drivers/STM32F4xx_HAL_Driver/Src/stm32f4xx_hal_cortex.o
                0x0000000008000b90                HAL_NVIC_EnableIRQ
 .text.HAL_GPIO_Init
                0x0000000008000bac      0x334 Drivers/STM32F4xx_HAL_Driver/Src/stm32f4xx_hal_gpio.o
                0x0000000008000bac                HAL_GPIO_Init
 .text.HAL_GPIO_ReadPin
                0x0000000008000ee0       0x30 Drivers/STM32F4xx_HAL_Driver/Src/stm32f4xx_hal_gpio.o
                0x0000000008000ee0                HAL_GPIO_ReadPin
 .text.HAL_GPIO_WritePin
                0x0000000008000f10       0x32 Drivers/STM32F4xx_HAL_Driver/Src/stm32f4xx_hal_gpio.o
                0x0000000008000f10                HAL_GPIO_WritePin
 *fill*         0x0000000008000f42        0x2 
 .text.HAL_RCC_OscConfig
                0x0000000008000f44      0x4e0 Drivers/STM32F4xx_HAL_Driver/Src/stm32f4xx_hal_rcc.o
                0x0000000008000f44                HAL_RCC_OscConfig
 .text.HAL_RCC_ClockConfig
                0x0000000008001424      0x1cc Drivers/STM32F4xx_HAL_Driver/Src/stm32f4xx_hal_rcc.o
                0x0000000008001424                HAL_RCC_ClockConfig
 .text.HAL_RCC_GetSysClockFreq
                0x00000000080015f0      0x164 Drivers/STM32F4xx_HAL_Driver/Src/stm32f4xx_hal_rcc.o
                0x00000000080015f0                HAL_RCC_GetSysClockFreq
 .text.HAL_RCC_GetHCLKFreq
                0x0000000008001754       0x18 Drivers/STM32F4xx_HAL_Driver/Src/stm32f4xx_hal_rcc.o
                0x0000000008001754                HAL_RCC_GetHCLKFreq
 .text.HAL_RCC_GetPCLK1Freq
                0x000000000800176c       0x28 Drivers/STM32F4xx_HAL_Driver/Src/stm32f4xx_hal_rcc.o
                0x000000000800176c                HAL_RCC_GetPCLK1Freq
 .text.HAL_RCC_GetClockConfig
                0x0000000008001794       0x64 Drivers/STM32F4xx_HAL_Driver/Src/stm32f4xx_hal_rcc.o
                0x0000000008001794                HAL_RCC_GetClockConfig
 .text.HAL_TIM_Base_Init
                0x00000000080017f8       0x56 Drivers/STM32F4xx_HAL_Driver/Src/stm32f4xx_hal_tim.o
                0x00000000080017f8                HAL_TIM_Base_Init
 .text.HAL_TIM_Base_MspInit
                0x000000000800184e       0x14 Drivers/STM32F4xx_HAL_Driver/Src/stm32f4xx_hal_tim.o
                0x000000000800184e                HAL_TIM_Base_MspInit
 .text.HAL_TIM_Base_Start_IT
                0x0000000008001862       0x48 Drivers/STM32F4xx_HAL_Driver/Src/stm32f4xx_hal_tim.o
                0x0000000008001862                HAL_TIM_Base_Start_IT
 .text.HAL_TIM_IRQHandler
                0x00000000080018aa      0x210 Drivers/STM32F4xx_HAL_Driver/Src/stm32f4xx_hal_tim.o
                0x00000000080018aa                HAL_TIM_IRQHandler
 .text.HAL_TIM_OC_DelayElapsedCallback
                0x0000000008001aba       0x14 Drivers/STM32F4xx_HAL_Driver/Src/stm32f4xx_hal_tim.o
                0x0000000008001aba                HAL_TIM_OC_DelayElapsedCallback
 .text.HAL_TIM_IC_CaptureCallback
                0x0000000008001ace       0x14 Drivers/STM32F4xx_HAL_Driver/Src/stm32f4xx_hal_tim.o
                0x0000000008001ace                HAL_TIM_IC_CaptureCallback
 .text.HAL_TIM_PWM_PulseFinishedCallback
                0x0000000008001ae2       0x14 Drivers/STM32F4xx_HAL_Driver/Src/stm32f4xx_hal_tim.o
                0x0000000008001ae2                HAL_TIM_PWM_PulseFinishedCallback
 .text.HAL_TIM_TriggerCallback
                0x0000000008001af6       0x14 Drivers/STM32F4xx_HAL_Driver/Src/stm32f4xx_hal_tim.o
                0x0000000008001af6                HAL_TIM_TriggerCallback
 *fill*         0x0000000008001b0a        0x2 
 .text.TIM_Base_SetConfig
                0x0000000008001b0c      0x140 Drivers/STM32F4xx_HAL_Driver/Src/stm32f4xx_hal_tim.o
                0x0000000008001b0c                TIM_Base_SetConfig
 .text.HAL_TIMEx_CommutCallback
                0x0000000008001c4c       0x14 Drivers/STM32F4xx_HAL_Driver/Src/stm32f4xx_hal_tim_ex.o
                0x0000000008001c4c                HAL_TIMEx_CommutCallback
 .text.HAL_TIMEx_BreakCallback
                0x0000000008001c60       0x14 Drivers/STM32F4xx_HAL_Driver/Src/stm32f4xx_hal_tim_ex.o
                0x0000000008001c60                HAL_TIMEx_BreakCallback
 .text.vListInitialise
                0x0000000008001c74       0x40 FreeRTOS/list.o
                0x0000000008001c74                vListInitialise
 .text.vListInitialiseItem
                0x0000000008001cb4       0x1a FreeRTOS/list.o
                0x0000000008001cb4                vListInitialiseItem
 .text.vListInsertEnd
                0x0000000008001cce       0x48 FreeRTOS/list.o
                0x0000000008001cce                vListInsertEnd
 .text.vListInsert
                0x0000000008001d16       0x72 FreeRTOS/list.o
                0x0000000008001d16                vListInsert
 .text.uxListRemove
                0x0000000008001d88       0x54 FreeRTOS/list.o
                0x0000000008001d88                uxListRemove
 .text.xQueueGenericReset
                0x0000000008001ddc       0xd0 FreeRTOS/queue.o
                0x0000000008001ddc                xQueueGenericReset
 .text.xQueueGenericCreate
                0x0000000008001eac       0xb8 FreeRTOS/queue.o
                0x0000000008001eac                xQueueGenericCreate
 .text.prvInitialiseNewQueue
                0x0000000008001f64       0x46 FreeRTOS/queue.o
 *fill*         0x0000000008001faa        0x2 
 .text.xQueueGenericSend
                0x0000000008001fac      0x1f4 FreeRTOS/queue.o
                0x0000000008001fac                xQueueGenericSend
 .text.xQueueGenericSendFromISR
                0x00000000080021a0      0x14a FreeRTOS/queue.o
                0x00000000080021a0                xQueueGenericSendFromISR
 *fill*         0x00000000080022ea        0x2 
 .text.xQueueReceive
                0x00000000080022ec      0x1b8 FreeRTOS/queue.o
                0x00000000080022ec                xQueueReceive
 .text.prvCopyDataToQueue
                0x00000000080024a4       0xd4 FreeRTOS/queue.o
 .text.prvCopyDataFromQueue
                0x0000000008002578       0x4c FreeRTOS/queue.o
 .text.prvUnlockQueue
                0x00000000080025c4       0xa4 FreeRTOS/queue.o
 .text.prvIsQueueEmpty
                0x0000000008002668       0x2c FreeRTOS/queue.o
 .text.prvIsQueueFull
                0x0000000008002694       0x30 FreeRTOS/queue.o
 .text.vQueueAddToRegistry
                0x00000000080026c4       0x50 FreeRTOS/queue.o
                0x00000000080026c4                vQueueAddToRegistry
 .text.vQueueWaitForMessageRestricted
                0x0000000008002714       0x68 FreeRTOS/queue.o
                0x0000000008002714                vQueueWaitForMessageRestricted
 .text.xTaskCreate
                0x000000000800277c       0x82 FreeRTOS/tasks.o
                0x000000000800277c                xTaskCreate
 .text.prvInitialiseNewTask
                0x00000000080027fe      0x12a FreeRTOS/tasks.o
 .text.prvAddNewTaskToReadyList
                0x0000000008002928       0xdc FreeRTOS/tasks.o
 .text.vTaskDelay
                0x0000000008002a04       0x68 FreeRTOS/tasks.o
                0x0000000008002a04                vTaskDelay
 .text.vTaskStartScheduler
                0x0000000008002a6c       0xa0 FreeRTOS/tasks.o
                0x0000000008002a6c                vTaskStartScheduler
 .text.vTaskSuspendAll
                0x0000000008002b0c       0x1c FreeRTOS/tasks.o
                0x0000000008002b0c                vTaskSuspendAll
 .text.xTaskResumeAll
                0x0000000008002b28      0x138 FreeRTOS/tasks.o
                0x0000000008002b28                xTaskResumeAll
 .text.xTaskGetTickCount
                0x0000000008002c60       0x20 FreeRTOS/tasks.o
                0x0000000008002c60                xTaskGetTickCount
 .text.xTaskIncrementTick
                0x0000000008002c80      0x170 FreeRTOS/tasks.o
                0x0000000008002c80                xTaskIncrementTick
 .text.vTaskSwitchContext
                0x0000000008002df0       0xb4 FreeRTOS/tasks.o
                0x0000000008002df0                vTaskSwitchContext
 .text.vTaskPlaceOnEventList
                0x0000000008002ea4       0x48 FreeRTOS/tasks.o
                0x0000000008002ea4                vTaskPlaceOnEventList
 .text.vTaskPlaceOnEventListRestricted
                0x0000000008002eec       0x54 FreeRTOS/tasks.o
                0x0000000008002eec                vTaskPlaceOnEventListRestricted
 .text.xTaskRemoveFromEventList
                0x0000000008002f40       0xc4 FreeRTOS/tasks.o
                0x0000000008002f40                xTaskRemoveFromEventList
 .text.vTaskInternalSetTimeOutState
                0x0000000008003004       0x2c FreeRTOS/tasks.o
                0x0000000008003004                vTaskInternalSetTimeOutState
 .text.xTaskCheckForTimeOut
                0x0000000008003030       0xc8 FreeRTOS/tasks.o
                0x0000000008003030                xTaskCheckForTimeOut
 .text.vTaskMissedYield
                0x00000000080030f8       0x18 FreeRTOS/tasks.o
                0x00000000080030f8                vTaskMissedYield
 .text.prvIdleTask
                0x0000000008003110       0x30 FreeRTOS/tasks.o
 .text.prvInitialiseTaskLists
                0x0000000008003140       0x80 FreeRTOS/tasks.o
 .text.prvCheckTasksWaitingTermination
                0x00000000080031c0       0x58 FreeRTOS/tasks.o
 .text.prvDeleteTCB
                0x0000000008003218       0x20 FreeRTOS/tasks.o
 .text.prvResetNextTaskUnblockTime
                0x0000000008003238       0x38 FreeRTOS/tasks.o
 .text.xTaskGetSchedulerState
                0x0000000008003270       0x3c FreeRTOS/tasks.o
                0x0000000008003270                xTaskGetSchedulerState
 .text.xTaskPriorityDisinherit
                0x00000000080032ac       0xf0 FreeRTOS/tasks.o
                0x00000000080032ac                xTaskPriorityDisinherit
 .text.prvAddCurrentTaskToDelayedList
                0x000000000800339c       0xcc FreeRTOS/tasks.o
 .text.xTimerCreateTimerTask
                0x0000000008003468       0x64 FreeRTOS/timers.o
                0x0000000008003468                xTimerCreateTimerTask
 .text.xTimerGenericCommand
                0x00000000080034cc       0x98 FreeRTOS/timers.o
                0x00000000080034cc                xTimerGenericCommand
 .text.prvProcessExpiredTimer
                0x0000000008003564       0x98 FreeRTOS/timers.o
 .text.prvTimerTask
                0x00000000080035fc       0x24 FreeRTOS/timers.o
 .text.prvProcessTimerOrBlockTask
                0x0000000008003620       0x9c FreeRTOS/timers.o
 .text.prvGetNextExpireTime
                0x00000000080036bc       0x48 FreeRTOS/timers.o
 .text.prvSampleTimeNow
                0x0000000008003704       0x40 FreeRTOS/timers.o
 .text.prvInsertTimerInActiveList
                0x0000000008003744       0x84 FreeRTOS/timers.o
 .text.prvProcessReceivedCommands
                0x00000000080037c8      0x188 FreeRTOS/timers.o
 .text.prvSwitchTimerLists
                0x0000000008003950       0xc8 FreeRTOS/timers.o
 .text.prvCheckForValidListAndQueue
                0x0000000008003a18       0x6c FreeRTOS/timers.o
 .text.pxPortInitialiseStack
                0x0000000008003a84       0x68 FreeRTOS/portable/ARM_CM4F/port.o
                0x0000000008003a84                pxPortInitialiseStack
 .text.prvTaskExitError
                0x0000000008003aec       0x54 FreeRTOS/portable/ARM_CM4F/port.o
 .text.SVC_Handler
                0x0000000008003b40       0x28 FreeRTOS/portable/ARM_CM4F/port.o
                0x0000000008003b40                SVC_Handler
 .text.prvPortStartFirstTask
                0x0000000008003b68       0x2c FreeRTOS/portable/ARM_CM4F/port.o
 .text.xPortStartScheduler
                0x0000000008003b94      0x13c FreeRTOS/portable/ARM_CM4F/port.o
                0x0000000008003b94                xPortStartScheduler
 .text.vPortEnterCritical
                0x0000000008003cd0       0x5c FreeRTOS/portable/ARM_CM4F/port.o
                0x0000000008003cd0                vPortEnterCritical
 .text.vPortExitCritical
                0x0000000008003d2c       0x50 FreeRTOS/portable/ARM_CM4F/port.o
                0x0000000008003d2c                vPortExitCritical
 *fill*         0x0000000008003d7c        0x4 
 .text.PendSV_Handler
                0x0000000008003d80       0x68 FreeRTOS/portable/ARM_CM4F/port.o
                0x0000000008003d80                PendSV_Handler
 .text.SysTick_Handler
                0x0000000008003de8       0x40 FreeRTOS/portable/ARM_CM4F/port.o
                0x0000000008003de8                SysTick_Handler
 .text.vPortSetupTimerInterrupt
                0x0000000008003e28       0x48 FreeRTOS/portable/ARM_CM4F/port.o
                0x0000000008003e28                vPortSetupTimerInterrupt
 .text.vPortEnableVFP
                0x0000000008003e70       0x18 FreeRTOS/portable/ARM_CM4F/port.o
 .text.vPortValidateInterruptPriority
                0x0000000008003e88       0x7c FreeRTOS/portable/ARM_CM4F/port.o
                0x0000000008003e88                vPortValidateInterruptPriority
 .text.pvPortMalloc
                0x0000000008003f04      0x1b8 FreeRTOS/portable/MemMang/heap_4.o
                0x0000000008003f04                pvPortMalloc
 .text.vPortFree
                0x00000000080040bc       0xc0 FreeRTOS/portable/MemMang/heap_4.o
                0x00000000080040bc                vPortFree
 .text.prvHeapInit
                0x000000000800417c       0xc4 FreeRTOS/portable/MemMang/heap_4.o
 .text.prvInsertBlockIntoFreeList
                0x0000000008004240       0xb4 FreeRTOS/portable/MemMang/heap_4.o
 .text.__libc_init_array
                0x00000000080042f4       0x48 /opt/st/stm32cubeide_1.5.1/plugins/com.st.stm32cube.ide.mcu.externaltools.gnu-tools-for-stm32.7-2018-q2-update.linux64_1.5.0.202011040924/tools/bin/../lib/gcc/arm-none-eabi/7.3.1/../../../../arm-none-eabi/lib/thumb/v7e-m/fpv4-sp/hard/libc_nano.a(lib_a-init.o)
                0x00000000080042f4                __libc_init_array
 .text.memcpy   0x000000000800433c       0x16 /opt/st/stm32cubeide_1.5.1/plugins/com.st.stm32cube.ide.mcu.externaltools.gnu-tools-for-stm32.7-2018-q2-update.linux64_1.5.0.202011040924/tools/bin/../lib/gcc/arm-none-eabi/7.3.1/../../../../arm-none-eabi/lib/thumb/v7e-m/fpv4-sp/hard/libc_nano.a(lib_a-memcpy-stub.o)
                0x000000000800433c                memcpy
 .text.memset   0x0000000008004352       0x10 /opt/st/stm32cubeide_1.5.1/plugins/com.st.stm32cube.ide.mcu.externaltools.gnu-tools-for-stm32.7-2018-q2-update.linux64_1.5.0.202011040924/tools/bin/../lib/gcc/arm-none-eabi/7.3.1/../../../../arm-none-eabi/lib/thumb/v7e-m/fpv4-sp/hard/libc_nano.a(lib_a-memset.o)
                0x0000000008004352                memset
 *(.glue_7)
 .glue_7        0x0000000008004362        0x0 linker stubs
 *(.glue_7t)
 .glue_7t       0x0000000008004362        0x0 linker stubs
 *(.eh_frame)
 *fill*         0x0000000008004362        0x2 
 .eh_frame      0x0000000008004364        0x0 /opt/st/stm32cubeide_1.5.1/plugins/com.st.stm32cube.ide.mcu.externaltools.gnu-tools-for-stm32.7-2018-q2-update.linux64_1.5.0.202011040924/tools/bin/../lib/gcc/arm-none-eabi/7.3.1/thumb/v7e-m/fpv4-sp/hard/crtbegin.o
 *(.init)
 .init          0x0000000008004364        0x4 /opt/st/stm32cubeide_1.5.1/plugins/com.st.stm32cube.ide.mcu.externaltools.gnu-tools-for-stm32.7-2018-q2-update.linux64_1.5.0.202011040924/tools/bin/../lib/gcc/arm-none-eabi/7.3.1/thumb/v7e-m/fpv4-sp/hard/crti.o
                0x0000000008004364                _init
 .init          0x0000000008004368        0x8 /opt/st/stm32cubeide_1.5.1/plugins/com.st.stm32cube.ide.mcu.externaltools.gnu-tools-for-stm32.7-2018-q2-update.linux64_1.5.0.202011040924/tools/bin/../lib/gcc/arm-none-eabi/7.3.1/thumb/v7e-m/fpv4-sp/hard/crtn.o
 *(.fini)
 .fini          0x0000000008004370        0x4 /opt/st/stm32cubeide_1.5.1/plugins/com.st.stm32cube.ide.mcu.externaltools.gnu-tools-for-stm32.7-2018-q2-update.linux64_1.5.0.202011040924/tools/bin/../lib/gcc/arm-none-eabi/7.3.1/thumb/v7e-m/fpv4-sp/hard/crti.o
                0x0000000008004370                _fini
 .fini          0x0000000008004374        0x8 /opt/st/stm32cubeide_1.5.1/plugins/com.st.stm32cube.ide.mcu.externaltools.gnu-tools-for-stm32.7-2018-q2-update.linux64_1.5.0.202011040924/tools/bin/../lib/gcc/arm-none-eabi/7.3.1/thumb/v7e-m/fpv4-sp/hard/crtn.o
                0x000000000800437c                . = ALIGN (0x4)
                0x000000000800437c                _etext = .

.vfp11_veneer   0x000000000800437c        0x0
 .vfp11_veneer  0x000000000800437c        0x0 linker stubs

.v4_bx          0x000000000800437c        0x0
 .v4_bx         0x000000000800437c        0x0 linker stubs

.iplt           0x000000000800437c        0x0
 .iplt          0x000000000800437c        0x0 /opt/st/stm32cubeide_1.5.1/plugins/com.st.stm32cube.ide.mcu.externaltools.gnu-tools-for-stm32.7-2018-q2-update.linux64_1.5.0.202011040924/tools/bin/../lib/gcc/arm-none-eabi/7.3.1/thumb/v7e-m/fpv4-sp/hard/crtbegin.o

.rodata         0x000000000800437c       0x40
                0x000000000800437c                . = ALIGN (0x4)
 *(.rodata)
 .rodata        0x000000000800437c        0xe Core/Src/main.o
 *fill*         0x000000000800438a        0x2 
 .rodata        0x000000000800438c        0x5 FreeRTOS/tasks.o
 *fill*         0x0000000008004391        0x3 
 .rodata        0x0000000008004394        0xd FreeRTOS/timers.o
 *(.rodata*)
 *fill*         0x00000000080043a1        0x3 
 .rodata.AHBPrescTable
                0x00000000080043a4       0x10 Core/Src/system_stm32f4xx.o
                0x00000000080043a4                AHBPrescTable
 .rodata.APBPrescTable
                0x00000000080043b4        0x8 Core/Src/system_stm32f4xx.o
                0x00000000080043b4                APBPrescTable
                0x00000000080043bc                . = ALIGN (0x4)

.ARM.extab      0x00000000080043bc        0x0
                0x00000000080043bc                . = ALIGN (0x4)
 *(.ARM.extab* .gnu.linkonce.armextab.*)
                0x00000000080043bc                . = ALIGN (0x4)

.ARM            0x00000000080043bc        0x8
                0x00000000080043bc                . = ALIGN (0x4)
                0x00000000080043bc                __exidx_start = .
 *(.ARM.exidx*)
 .ARM.exidx     0x00000000080043bc        0x8 /opt/st/stm32cubeide_1.5.1/plugins/com.st.stm32cube.ide.mcu.externaltools.gnu-tools-for-stm32.7-2018-q2-update.linux64_1.5.0.202011040924/tools/bin/../lib/gcc/arm-none-eabi/7.3.1/thumb/v7e-m/fpv4-sp/hard/libgcc.a(_udivmoddi4.o)
                0x00000000080043c4                __exidx_end = .
                0x00000000080043c4                . = ALIGN (0x4)

.rel.dyn        0x00000000080043c4        0x0
 .rel.iplt      0x00000000080043c4        0x0 /opt/st/stm32cubeide_1.5.1/plugins/com.st.stm32cube.ide.mcu.externaltools.gnu-tools-for-stm32.7-2018-q2-update.linux64_1.5.0.202011040924/tools/bin/../lib/gcc/arm-none-eabi/7.3.1/thumb/v7e-m/fpv4-sp/hard/crtbegin.o

.preinit_array  0x00000000080043c4        0x0
                0x00000000080043c4                . = ALIGN (0x4)
                0x00000000080043c4                PROVIDE (__preinit_array_start = .)
 *(.preinit_array*)
                0x00000000080043c4                PROVIDE (__preinit_array_end = .)
                0x00000000080043c4                . = ALIGN (0x4)

.init_array     0x00000000080043c4        0x4
                0x00000000080043c4                . = ALIGN (0x4)
                0x00000000080043c4                PROVIDE (__init_array_start = .)
 *(SORT_BY_NAME(.init_array.*))
 *(.init_array*)
 .init_array    0x00000000080043c4        0x4 /opt/st/stm32cubeide_1.5.1/plugins/com.st.stm32cube.ide.mcu.externaltools.gnu-tools-for-stm32.7-2018-q2-update.linux64_1.5.0.202011040924/tools/bin/../lib/gcc/arm-none-eabi/7.3.1/thumb/v7e-m/fpv4-sp/hard/crtbegin.o
                0x00000000080043c8                PROVIDE (__init_array_end = .)
                0x00000000080043c8                . = ALIGN (0x4)

.fini_array     0x00000000080043c8        0x4
                0x00000000080043c8                . = ALIGN (0x4)
                [!provide]                        PROVIDE (__fini_array_start = .)
 *(SORT_BY_NAME(.fini_array.*))
 *(.fini_array*)
 .fini_array    0x00000000080043c8        0x4 /opt/st/stm32cubeide_1.5.1/plugins/com.st.stm32cube.ide.mcu.externaltools.gnu-tools-for-stm32.7-2018-q2-update.linux64_1.5.0.202011040924/tools/bin/../lib/gcc/arm-none-eabi/7.3.1/thumb/v7e-m/fpv4-sp/hard/crtbegin.o
                [!provide]                        PROVIDE (__fini_array_end = .)
                0x00000000080043cc                . = ALIGN (0x4)
                0x00000000080043cc                _sidata = LOADADDR (.data)

.data           0x0000000020000000       0x14 load address 0x00000000080043cc
                0x0000000020000000                . = ALIGN (0x4)
                0x0000000020000000                _sdata = .
 *(.data)
 *(.data*)
 .data.SystemCoreClock
                0x0000000020000000        0x4 Core/Src/system_stm32f4xx.o
                0x0000000020000000                SystemCoreClock
 .data.uwTickPrio
                0x0000000020000004        0x4 Drivers/STM32F4xx_HAL_Driver/Src/stm32f4xx_hal.o
                0x0000000020000004                uwTickPrio
 .data.uwTickFreq
                0x0000000020000008        0x1 Drivers/STM32F4xx_HAL_Driver/Src/stm32f4xx_hal.o
                0x0000000020000008                uwTickFreq
 *fill*         0x0000000020000009        0x3 
 .data.uxTopUsedPriority
                0x000000002000000c        0x4 FreeRTOS/tasks.o
                0x000000002000000c                uxTopUsedPriority
 .data.uxCriticalNesting
                0x0000000020000010        0x4 FreeRTOS/portable/ARM_CM4F/port.o
 *(.RamFunc)
 *(.RamFunc*)
                0x0000000020000014                . = ALIGN (0x4)
                0x0000000020000014                _edata = .

.igot.plt       0x0000000020000014        0x0 load address 0x00000000080043e0
 .igot.plt      0x0000000020000014        0x0 /opt/st/stm32cubeide_1.5.1/plugins/com.st.stm32cube.ide.mcu.externaltools.gnu-tools-for-stm32.7-2018-q2-update.linux64_1.5.0.202011040924/tools/bin/../lib/gcc/arm-none-eabi/7.3.1/thumb/v7e-m/fpv4-sp/hard/crtbegin.o
                0x0000000020000014                . = ALIGN (0x4)

.bss            0x0000000020000014    0x12e0c load address 0x00000000080043e0
                0x0000000020000014                _sbss = .
                0x0000000020000014                __bss_start__ = _sbss
 *(.bss)
 .bss           0x0000000020000014       0x1c /opt/st/stm32cubeide_1.5.1/plugins/com.st.stm32cube.ide.mcu.externaltools.gnu-tools-for-stm32.7-2018-q2-update.linux64_1.5.0.202011040924/tools/bin/../lib/gcc/arm-none-eabi/7.3.1/thumb/v7e-m/fpv4-sp/hard/crtbegin.o
 *(.bss*)
 .bss.pxCurrentTCB
                0x0000000020000030        0x4 FreeRTOS/tasks.o
                0x0000000020000030                pxCurrentTCB
 .bss.pxReadyTasksLists
                0x0000000020000034       0x64 FreeRTOS/tasks.o
 .bss.xDelayedTaskList1
                0x0000000020000098       0x14 FreeRTOS/tasks.o
 .bss.xDelayedTaskList2
                0x00000000200000ac       0x14 FreeRTOS/tasks.o
 .bss.pxDelayedTaskList
                0x00000000200000c0        0x4 FreeRTOS/tasks.o
 .bss.pxOverflowDelayedTaskList
                0x00000000200000c4        0x4 FreeRTOS/tasks.o
 .bss.xPendingReadyList
                0x00000000200000c8       0x14 FreeRTOS/tasks.o
 .bss.xTasksWaitingTermination
                0x00000000200000dc       0x14 FreeRTOS/tasks.o
 .bss.uxDeletedTasksWaitingCleanUp
                0x00000000200000f0        0x4 FreeRTOS/tasks.o
 .bss.xSuspendedTaskList
                0x00000000200000f4       0x14 FreeRTOS/tasks.o
 .bss.uxCurrentNumberOfTasks
                0x0000000020000108        0x4 FreeRTOS/tasks.o
 .bss.xTickCount
                0x000000002000010c        0x4 FreeRTOS/tasks.o
 .bss.uxTopReadyPriority
                0x0000000020000110        0x4 FreeRTOS/tasks.o
 .bss.xSchedulerRunning
                0x0000000020000114        0x4 FreeRTOS/tasks.o
 .bss.xPendedTicks
                0x0000000020000118        0x4 FreeRTOS/tasks.o
 .bss.xYieldPending
                0x000000002000011c        0x4 FreeRTOS/tasks.o
 .bss.xNumOfOverflows
                0x0000000020000120        0x4 FreeRTOS/tasks.o
 .bss.uxTaskNumber
                0x0000000020000124        0x4 FreeRTOS/tasks.o
 .bss.xNextTaskUnblockTime
                0x0000000020000128        0x4 FreeRTOS/tasks.o
 .bss.xIdleTaskHandle
                0x000000002000012c        0x4 FreeRTOS/tasks.o
 .bss.uxSchedulerSuspended
                0x0000000020000130        0x4 FreeRTOS/tasks.o
 .bss.xActiveTimerList1
                0x0000000020000134       0x14 FreeRTOS/timers.o
 .bss.xActiveTimerList2
                0x0000000020000148       0x14 FreeRTOS/timers.o
 .bss.pxCurrentTimerList
                0x000000002000015c        0x4 FreeRTOS/timers.o
 .bss.pxOverflowTimerList
                0x0000000020000160        0x4 FreeRTOS/timers.o
 .bss.xTimerQueue
                0x0000000020000164        0x4 FreeRTOS/timers.o
 .bss.xTimerTaskHandle
                0x0000000020000168        0x4 FreeRTOS/timers.o
 .bss.xLastTime.6732
                0x000000002000016c        0x4 FreeRTOS/timers.o
 .bss.ucMaxSysCallPriority
                0x0000000020000170        0x1 FreeRTOS/portable/ARM_CM4F/port.o
 *fill*         0x0000000020000171        0x3 
 .bss.ulMaxPRIGROUPValue
                0x0000000020000174        0x4 FreeRTOS/portable/ARM_CM4F/port.o
 .bss.ucHeap    0x0000000020000178    0x12c00 FreeRTOS/portable/MemMang/heap_4.o
 .bss.xStart    0x0000000020012d78        0x8 FreeRTOS/portable/MemMang/heap_4.o
 .bss.pxEnd     0x0000000020012d80        0x4 FreeRTOS/portable/MemMang/heap_4.o
 .bss.xFreeBytesRemaining
                0x0000000020012d84        0x4 FreeRTOS/portable/MemMang/heap_4.o
 .bss.xMinimumEverFreeBytesRemaining
                0x0000000020012d88        0x4 FreeRTOS/portable/MemMang/heap_4.o
 .bss.xNumberOfSuccessfulAllocations
                0x0000000020012d8c        0x4 FreeRTOS/portable/MemMang/heap_4.o
 .bss.xNumberOfSuccessfulFrees
                0x0000000020012d90        0x4 FreeRTOS/portable/MemMang/heap_4.o
 .bss.xBlockAllocatedBit
                0x0000000020012d94        0x4 FreeRTOS/portable/MemMang/heap_4.o
 *(COMMON)
 COMMON         0x0000000020012d98        0x4 Core/Src/main.o
                0x0000000020012d98                xQueue1
 COMMON         0x0000000020012d9c       0x40 Core/Src/stm32f4xx_hal_timebase_tim.o
                0x0000000020012d9c                htim6
 COMMON         0x0000000020012ddc        0x4 Drivers/STM32F4xx_HAL_Driver/Src/stm32f4xx_hal.o
                0x0000000020012ddc                uwTick
 COMMON         0x0000000020012de0       0x40 FreeRTOS/queue.o
                0x0000000020012de0                xQueueRegistry
                0x0000000020012e20                . = ALIGN (0x4)
                0x0000000020012e20                _ebss = .
                0x0000000020012e20                __bss_end__ = _ebss

._user_heap_stack
                0x0000000020012e20      0x600 load address 0x00000000080043e0
                0x0000000020012e20                . = ALIGN (0x8)
                [!provide]                        PROVIDE (end = .)
                0x0000000020012e20                PROVIDE (_end = .)
                0x0000000020013020                . = (. + _Min_Heap_Size)
 *fill*         0x0000000020012e20      0x200 
                0x0000000020013420                . = (. + _Min_Stack_Size)
 *fill*         0x0000000020013020      0x400 
                0x0000000020013420                . = ALIGN (0x8)

/DISCARD/
 libc.a(*)
 libm.a(*)
 libgcc.a(*)

.ARM.attributes
                0x0000000000000000       0x30
 *(.ARM.attributes)
 .ARM.attributes
                0x0000000000000000       0x22 /opt/st/stm32cubeide_1.5.1/plugins/com.st.stm32cube.ide.mcu.externaltools.gnu-tools-for-stm32.7-2018-q2-update.linux64_1.5.0.202011040924/tools/bin/../lib/gcc/arm-none-eabi/7.3.1/thumb/v7e-m/fpv4-sp/hard/crti.o
 .ARM.attributes
                0x0000000000000022       0x34 /opt/st/stm32cubeide_1.5.1/plugins/com.st.stm32cube.ide.mcu.externaltools.gnu-tools-for-stm32.7-2018-q2-update.linux64_1.5.0.202011040924/tools/bin/../lib/gcc/arm-none-eabi/7.3.1/thumb/v7e-m/fpv4-sp/hard/crtbegin.o
 .ARM.attributes
                0x0000000000000056       0x39 Core/Src/main.o
 .ARM.attributes
                0x000000000000008f       0x39 Core/Src/stm32f4xx_hal_msp.o
 .ARM.attributes
                0x00000000000000c8       0x39 Core/Src/stm32f4xx_hal_timebase_tim.o
 .ARM.attributes
                0x0000000000000101       0x39 Core/Src/stm32f4xx_it.o
 .ARM.attributes
                0x000000000000013a       0x39 Core/Src/system_stm32f4xx.o
 .ARM.attributes
                0x0000000000000173       0x21 Core/Startup/startup_stm32f407vgtx.o
 .ARM.attributes
                0x0000000000000194       0x39 Drivers/STM32F4xx_HAL_Driver/Src/stm32f4xx_hal.o
 .ARM.attributes
                0x00000000000001cd       0x39 Drivers/STM32F4xx_HAL_Driver/Src/stm32f4xx_hal_cortex.o
 .ARM.attributes
                0x0000000000000206       0x39 Drivers/STM32F4xx_HAL_Driver/Src/stm32f4xx_hal_gpio.o
 .ARM.attributes
                0x000000000000023f       0x39 Drivers/STM32F4xx_HAL_Driver/Src/stm32f4xx_hal_rcc.o
 .ARM.attributes
                0x0000000000000278       0x39 Drivers/STM32F4xx_HAL_Driver/Src/stm32f4xx_hal_tim.o
 .ARM.attributes
                0x00000000000002b1       0x39 Drivers/STM32F4xx_HAL_Driver/Src/stm32f4xx_hal_tim_ex.o
 .ARM.attributes
                0x00000000000002ea       0x39 FreeRTOS/list.o
 .ARM.attributes
                0x0000000000000323       0x39 FreeRTOS/queue.o
 .ARM.attributes
                0x000000000000035c       0x39 FreeRTOS/tasks.o
 .ARM.attributes
                0x0000000000000395       0x39 FreeRTOS/timers.o
 .ARM.attributes
                0x00000000000003ce       0x39 FreeRTOS/portable/ARM_CM4F/port.o
 .ARM.attributes
                0x0000000000000407       0x39 FreeRTOS/portable/MemMang/heap_4.o
 .ARM.attributes
                0x0000000000000440       0x34 /opt/st/stm32cubeide_1.5.1/plugins/com.st.stm32cube.ide.mcu.externaltools.gnu-tools-for-stm32.7-2018-q2-update.linux64_1.5.0.202011040924/tools/bin/../lib/gcc/arm-none-eabi/7.3.1/../../../../arm-none-eabi/lib/thumb/v7e-m/fpv4-sp/hard/libc_nano.a(lib_a-init.o)
 .ARM.attributes
                0x0000000000000474       0x34 /opt/st/stm32cubeide_1.5.1/plugins/com.st.stm32cube.ide.mcu.externaltools.gnu-tools-for-stm32.7-2018-q2-update.linux64_1.5.0.202011040924/tools/bin/../lib/gcc/arm-none-eabi/7.3.1/../../../../arm-none-eabi/lib/thumb/v7e-m/fpv4-sp/hard/libc_nano.a(lib_a-memcpy-stub.o)
 .ARM.attributes
                0x00000000000004a8       0x34 /opt/st/stm32cubeide_1.5.1/plugins/com.st.stm32cube.ide.mcu.externaltools.gnu-tools-for-stm32.7-2018-q2-update.linux64_1.5.0.202011040924/tools/bin/../lib/gcc/arm-none-eabi/7.3.1/../../../../arm-none-eabi/lib/thumb/v7e-m/fpv4-sp/hard/libc_nano.a(lib_a-memset.o)
 .ARM.attributes
                0x00000000000004dc       0x22 /opt/st/stm32cubeide_1.5.1/plugins/com.st.stm32cube.ide.mcu.externaltools.gnu-tools-for-stm32.7-2018-q2-update.linux64_1.5.0.202011040924/tools/bin/../lib/gcc/arm-none-eabi/7.3.1/thumb/v7e-m/fpv4-sp/hard/libgcc.a(_aeabi_uldivmod.o)
 .ARM.attributes
                0x00000000000004fe       0x34 /opt/st/stm32cubeide_1.5.1/plugins/com.st.stm32cube.ide.mcu.externaltools.gnu-tools-for-stm32.7-2018-q2-update.linux64_1.5.0.202011040924/tools/bin/../lib/gcc/arm-none-eabi/7.3.1/thumb/v7e-m/fpv4-sp/hard/libgcc.a(_udivmoddi4.o)
 .ARM.attributes
                0x0000000000000532       0x22 /opt/st/stm32cubeide_1.5.1/plugins/com.st.stm32cube.ide.mcu.externaltools.gnu-tools-for-stm32.7-2018-q2-update.linux64_1.5.0.202011040924/tools/bin/../lib/gcc/arm-none-eabi/7.3.1/thumb/v7e-m/fpv4-sp/hard/libgcc.a(_dvmd_tls.o)
 .ARM.attributes
                0x0000000000000554       0x22 /opt/st/stm32cubeide_1.5.1/plugins/com.st.stm32cube.ide.mcu.externaltools.gnu-tools-for-stm32.7-2018-q2-update.linux64_1.5.0.202011040924/tools/bin/../lib/gcc/arm-none-eabi/7.3.1/thumb/v7e-m/fpv4-sp/hard/crtn.o
OUTPUT(Embedded_OS_Lab1_P76091331.elf elf32-littlearm)

.debug_info     0x0000000000000000    0x10023
 .debug_info    0x0000000000000000      0xc35 Core/Src/main.o
 .debug_info    0x0000000000000c35      0x362 Core/Src/stm32f4xx_hal_msp.o
 .debug_info    0x0000000000000f97      0xb2d Core/Src/stm32f4xx_hal_timebase_tim.o
 .debug_info    0x0000000000001ac4      0x6b8 Core/Src/stm32f4xx_it.o
 .debug_info    0x000000000000217c      0x554 Core/Src/system_stm32f4xx.o
 .debug_info    0x00000000000026d0       0x22 Core/Startup/startup_stm32f407vgtx.o
 .debug_info    0x00000000000026f2      0x945 Drivers/STM32F4xx_HAL_Driver/Src/stm32f4xx_hal.o
 .debug_info    0x0000000000003037      0xe28 Drivers/STM32F4xx_HAL_Driver/Src/stm32f4xx_hal_cortex.o
 .debug_info    0x0000000000003e5f      0x7b5 Drivers/STM32F4xx_HAL_Driver/Src/stm32f4xx_hal_gpio.o
 .debug_info    0x0000000000004614      0x904 Drivers/STM32F4xx_HAL_Driver/Src/stm32f4xx_hal_rcc.o
 .debug_info    0x0000000000004f18     0x24a9 Drivers/STM32F4xx_HAL_Driver/Src/stm32f4xx_hal_tim.o
 .debug_info    0x00000000000073c1     0x1157 Drivers/STM32F4xx_HAL_Driver/Src/stm32f4xx_hal_tim_ex.o
 .debug_info    0x0000000000008518      0xacb FreeRTOS/list.o
 .debug_info    0x0000000000008fe3     0x1ff2 FreeRTOS/queue.o
 .debug_info    0x000000000000afd5     0x2965 FreeRTOS/tasks.o
 .debug_info    0x000000000000d93a     0x14c9 FreeRTOS/timers.o
 .debug_info    0x000000000000ee03      0x533 FreeRTOS/portable/ARM_CM4F/port.o
 .debug_info    0x000000000000f336      0xced FreeRTOS/portable/MemMang/heap_4.o

.debug_abbrev   0x0000000000000000     0x23f8
 .debug_abbrev  0x0000000000000000      0x218 Core/Src/main.o
 .debug_abbrev  0x0000000000000218      0x109 Core/Src/stm32f4xx_hal_msp.o
 .debug_abbrev  0x0000000000000321      0x19d Core/Src/stm32f4xx_hal_timebase_tim.o
 .debug_abbrev  0x00000000000004be      0x15a Core/Src/stm32f4xx_it.o
 .debug_abbrev  0x0000000000000618      0x12b Core/Src/system_stm32f4xx.o
 .debug_abbrev  0x0000000000000743       0x12 Core/Startup/startup_stm32f407vgtx.o
 .debug_abbrev  0x0000000000000755      0x1c7 Drivers/STM32F4xx_HAL_Driver/Src/stm32f4xx_hal.o
 .debug_abbrev  0x000000000000091c      0x2fa Drivers/STM32F4xx_HAL_Driver/Src/stm32f4xx_hal_cortex.o
 .debug_abbrev  0x0000000000000c16      0x1c9 Drivers/STM32F4xx_HAL_Driver/Src/stm32f4xx_hal_gpio.o
 .debug_abbrev  0x0000000000000ddf      0x245 Drivers/STM32F4xx_HAL_Driver/Src/stm32f4xx_hal_rcc.o
 .debug_abbrev  0x0000000000001024      0x230 Drivers/STM32F4xx_HAL_Driver/Src/stm32f4xx_hal_tim.o
 .debug_abbrev  0x0000000000001254      0x21e Drivers/STM32F4xx_HAL_Driver/Src/stm32f4xx_hal_tim_ex.o
 .debug_abbrev  0x0000000000001472      0x1cf FreeRTOS/list.o
 .debug_abbrev  0x0000000000001641      0x2f1 FreeRTOS/queue.o
 .debug_abbrev  0x0000000000001932      0x350 FreeRTOS/tasks.o
 .debug_abbrev  0x0000000000001c82      0x2c8 FreeRTOS/timers.o
 .debug_abbrev  0x0000000000001f4a      0x210 FreeRTOS/portable/ARM_CM4F/port.o
 .debug_abbrev  0x000000000000215a      0x29e FreeRTOS/portable/MemMang/heap_4.o

.debug_aranges  0x0000000000000000      0xe38
 .debug_aranges
                0x0000000000000000       0x50 Core/Src/main.o
 .debug_aranges
                0x0000000000000050       0x20 Core/Src/stm32f4xx_hal_msp.o
 .debug_aranges
                0x0000000000000070       0x30 Core/Src/stm32f4xx_hal_timebase_tim.o
 .debug_aranges
                0x00000000000000a0       0x50 Core/Src/stm32f4xx_it.o
 .debug_aranges
                0x00000000000000f0       0x28 Core/Src/system_stm32f4xx.o
 .debug_aranges
                0x0000000000000118       0x28 Core/Startup/startup_stm32f407vgtx.o
 .debug_aranges
                0x0000000000000140       0xf0 Drivers/STM32F4xx_HAL_Driver/Src/stm32f4xx_hal.o
 .debug_aranges
                0x0000000000000230      0x118 Drivers/STM32F4xx_HAL_Driver/Src/stm32f4xx_hal_cortex.o
 .debug_aranges
                0x0000000000000348       0x58 Drivers/STM32F4xx_HAL_Driver/Src/stm32f4xx_hal_gpio.o
 .debug_aranges
                0x00000000000003a0       0x88 Drivers/STM32F4xx_HAL_Driver/Src/stm32f4xx_hal_rcc.o
 .debug_aranges
                0x0000000000000428      0x3a8 Drivers/STM32F4xx_HAL_Driver/Src/stm32f4xx_hal_tim.o
 .debug_aranges
                0x00000000000007d0      0x150 Drivers/STM32F4xx_HAL_Driver/Src/stm32f4xx_hal_tim_ex.o
 .debug_aranges
                0x0000000000000920       0x40 FreeRTOS/list.o
 .debug_aranges
                0x0000000000000960      0x130 FreeRTOS/queue.o
 .debug_aranges
                0x0000000000000a90      0x1f8 FreeRTOS/tasks.o
 .debug_aranges
                0x0000000000000c88       0xd8 FreeRTOS/timers.o
 .debug_aranges
                0x0000000000000d60       0x80 FreeRTOS/portable/ARM_CM4F/port.o
 .debug_aranges
                0x0000000000000de0       0x58 FreeRTOS/portable/MemMang/heap_4.o

.debug_ranges   0x0000000000000000      0xd20
 .debug_ranges  0x0000000000000000       0x40 Core/Src/main.o
 .debug_ranges  0x0000000000000040       0x10 Core/Src/stm32f4xx_hal_msp.o
 .debug_ranges  0x0000000000000050       0x20 Core/Src/stm32f4xx_hal_timebase_tim.o
 .debug_ranges  0x0000000000000070       0x40 Core/Src/stm32f4xx_it.o
 .debug_ranges  0x00000000000000b0       0x18 Core/Src/system_stm32f4xx.o
 .debug_ranges  0x00000000000000c8       0x20 Core/Startup/startup_stm32f407vgtx.o
 .debug_ranges  0x00000000000000e8       0xe0 Drivers/STM32F4xx_HAL_Driver/Src/stm32f4xx_hal.o
 .debug_ranges  0x00000000000001c8      0x108 Drivers/STM32F4xx_HAL_Driver/Src/stm32f4xx_hal_cortex.o
 .debug_ranges  0x00000000000002d0       0x48 Drivers/STM32F4xx_HAL_Driver/Src/stm32f4xx_hal_gpio.o
 .debug_ranges  0x0000000000000318       0x78 Drivers/STM32F4xx_HAL_Driver/Src/stm32f4xx_hal_rcc.o
 .debug_ranges  0x0000000000000390      0x398 Drivers/STM32F4xx_HAL_Driver/Src/stm32f4xx_hal_tim.o
 .debug_ranges  0x0000000000000728      0x140 Drivers/STM32F4xx_HAL_Driver/Src/stm32f4xx_hal_tim_ex.o
 .debug_ranges  0x0000000000000868       0x30 FreeRTOS/list.o
 .debug_ranges  0x0000000000000898      0x120 FreeRTOS/queue.o
 .debug_ranges  0x00000000000009b8      0x1e8 FreeRTOS/tasks.o
 .debug_ranges  0x0000000000000ba0       0xc8 FreeRTOS/timers.o
 .debug_ranges  0x0000000000000c68       0x70 FreeRTOS/portable/ARM_CM4F/port.o
 .debug_ranges  0x0000000000000cd8       0x48 FreeRTOS/portable/MemMang/heap_4.o

.debug_macro    0x0000000000000000    0x2127c
 .debug_macro   0x0000000000000000      0x252 Core/Src/main.o
 .debug_macro   0x0000000000000252      0xa5a Core/Src/main.o
 .debug_macro   0x0000000000000cac      0x28e Core/Src/main.o
 .debug_macro   0x0000000000000f3a       0x2e Core/Src/main.o
 .debug_macro   0x0000000000000f68       0x2f Core/Src/main.o
 .debug_macro   0x0000000000000f97       0x22 Core/Src/main.o
 .debug_macro   0x0000000000000fb9       0x8e Core/Src/main.o
 .debug_macro   0x0000000000001047       0x51 Core/Src/main.o
 .debug_macro   0x0000000000001098       0xef Core/Src/main.o
 .debug_macro   0x0000000000001187       0x6a Core/Src/main.o
 .debug_macro   0x00000000000011f1      0x1df Core/Src/main.o
 .debug_macro   0x00000000000013d0       0x1c Core/Src/main.o
 .debug_macro   0x00000000000013ec       0x22 Core/Src/main.o
 .debug_macro   0x000000000000140e       0xdf Core/Src/main.o
 .debug_macro   0x00000000000014ed     0x102d Core/Src/main.o
 .debug_macro   0x000000000000251a      0x11f Core/Src/main.o
 .debug_macro   0x0000000000002639    0x15e3c Core/Src/main.o
 .debug_macro   0x0000000000018475       0x43 Core/Src/main.o
 .debug_macro   0x00000000000184b8     0x3659 Core/Src/main.o
 .debug_macro   0x000000000001bb11      0x174 Core/Src/main.o
 .debug_macro   0x000000000001bc85       0x5a Core/Src/main.o
 .debug_macro   0x000000000001bcdf      0x96b Core/Src/main.o
 .debug_macro   0x000000000001c64a      0x9fe Core/Src/main.o
 .debug_macro   0x000000000001d048      0x117 Core/Src/main.o
 .debug_macro   0x000000000001d15f      0x13e Core/Src/main.o
 .debug_macro   0x000000000001d29d       0x27 Core/Src/main.o
 .debug_macro   0x000000000001d2c4      0x174 Core/Src/main.o
 .debug_macro   0x000000000001d438      0x287 Core/Src/main.o
 .debug_macro   0x000000000001d6bf       0x5f Core/Src/main.o
 .debug_macro   0x000000000001d71e      0x236 Core/Src/main.o
 .debug_macro   0x000000000001d954      0x12c Core/Src/main.o
 .debug_macro   0x000000000001da80      0x21e Core/Src/main.o
 .debug_macro   0x000000000001dc9e       0x2e Core/Src/main.o
 .debug_macro   0x000000000001dccc      0x11a Core/Src/main.o
 .debug_macro   0x000000000001dde6       0x7e Core/Src/main.o
 .debug_macro   0x000000000001de64       0x89 Core/Src/main.o
 .debug_macro   0x000000000001deed      0x8a0 Core/Src/main.o
 .debug_macro   0x000000000001e78d       0x47 Core/Src/main.o
 .debug_macro   0x000000000001e7d4      0x12d Core/Src/main.o
 .debug_macro   0x000000000001e901       0x28 Core/Src/main.o
 .debug_macro   0x000000000001e929      0x106 Core/Src/main.o
 .debug_macro   0x000000000001ea2f      0x15a Core/Src/main.o
 .debug_macro   0x000000000001eb89       0xea Core/Src/main.o
 .debug_macro   0x000000000001ec73       0x1c Core/Src/main.o
 .debug_macro   0x000000000001ec8f       0x26 Core/Src/main.o
 .debug_macro   0x000000000001ecb5      0x4fd Core/Src/main.o
 .debug_macro   0x000000000001f1b2       0xb5 Core/Src/main.o
 .debug_macro   0x000000000001f267      0x120 Core/Src/main.o
 .debug_macro   0x000000000001f387       0x80 Core/Src/main.o
 .debug_macro   0x000000000001f407      0x1d3 Core/Src/stm32f4xx_hal_msp.o
 .debug_macro   0x000000000001f5da      0x1c4 Core/Src/stm32f4xx_hal_timebase_tim.o
 .debug_macro   0x000000000001f79e      0x1dd Core/Src/stm32f4xx_it.o
 .debug_macro   0x000000000001f97b      0x1ca Core/Src/system_stm32f4xx.o
 .debug_macro   0x000000000001fb45      0x224 Drivers/STM32F4xx_HAL_Driver/Src/stm32f4xx_hal.o
 .debug_macro   0x000000000001fd69      0x1c4 Drivers/STM32F4xx_HAL_Driver/Src/stm32f4xx_hal_cortex.o
 .debug_macro   0x000000000001ff2d      0x1fa Drivers/STM32F4xx_HAL_Driver/Src/stm32f4xx_hal_gpio.o
 .debug_macro   0x0000000000020127      0x1e8 Drivers/STM32F4xx_HAL_Driver/Src/stm32f4xx_hal_rcc.o
 .debug_macro   0x000000000002030f      0x1c5 Drivers/STM32F4xx_HAL_Driver/Src/stm32f4xx_hal_tim.o
 .debug_macro   0x00000000000204d4      0x1c4 Drivers/STM32F4xx_HAL_Driver/Src/stm32f4xx_hal_tim_ex.o
 .debug_macro   0x0000000000020698      0x186 FreeRTOS/list.o
 .debug_macro   0x000000000002081e      0x20f FreeRTOS/queue.o
 .debug_macro   0x0000000000020a2d       0x16 FreeRTOS/queue.o
 .debug_macro   0x0000000000020a43       0x20 FreeRTOS/queue.o
 .debug_macro   0x0000000000020a63      0x26c FreeRTOS/tasks.o
 .debug_macro   0x0000000000020ccf       0x10 FreeRTOS/tasks.o
 .debug_macro   0x0000000000020cdf      0x1cf FreeRTOS/timers.o
 .debug_macro   0x0000000000020eae       0x97 FreeRTOS/timers.o
 .debug_macro   0x0000000000020f45      0x196 FreeRTOS/portable/ARM_CM4F/port.o
 .debug_macro   0x00000000000210db      0x1a1 FreeRTOS/portable/MemMang/heap_4.o

.debug_line     0x0000000000000000     0xaf67
 .debug_line    0x0000000000000000      0x891 Core/Src/main.o
 .debug_line    0x0000000000000891      0x685 Core/Src/stm32f4xx_hal_msp.o
 .debug_line    0x0000000000000f16      0x6b9 Core/Src/stm32f4xx_hal_timebase_tim.o
 .debug_line    0x00000000000015cf      0x70b Core/Src/stm32f4xx_it.o
 .debug_line    0x0000000000001cda      0x6a0 Core/Src/system_stm32f4xx.o
 .debug_line    0x000000000000237a       0x85 Core/Startup/startup_stm32f407vgtx.o
 .debug_line    0x00000000000023ff      0x88a Drivers/STM32F4xx_HAL_Driver/Src/stm32f4xx_hal.o
 .debug_line    0x0000000000002c89      0x9ae Drivers/STM32F4xx_HAL_Driver/Src/stm32f4xx_hal_cortex.o
 .debug_line    0x0000000000003637      0x869 Drivers/STM32F4xx_HAL_Driver/Src/stm32f4xx_hal_gpio.o
 .debug_line    0x0000000000003ea0      0x8e2 Drivers/STM32F4xx_HAL_Driver/Src/stm32f4xx_hal_rcc.o
 .debug_line    0x0000000000004782     0x1903 Drivers/STM32F4xx_HAL_Driver/Src/stm32f4xx_hal_tim.o
 .debug_line    0x0000000000006085      0xca0 Drivers/STM32F4xx_HAL_Driver/Src/stm32f4xx_hal_tim_ex.o
 .debug_line    0x0000000000006d25      0x655 FreeRTOS/list.o
 .debug_line    0x000000000000737a     0x1021 FreeRTOS/queue.o
 .debug_line    0x000000000000839b     0x138f FreeRTOS/tasks.o
 .debug_line    0x000000000000972a      0x9f2 FreeRTOS/timers.o
 .debug_line    0x000000000000a11c      0x6d1 FreeRTOS/portable/ARM_CM4F/port.o
 .debug_line    0x000000000000a7ed      0x77a FreeRTOS/portable/MemMang/heap_4.o

.debug_str      0x0000000000000000    0xce9f9
 .debug_str     0x0000000000000000    0xc5cfe Core/Src/main.o
                                      0xc6033 (size before relaxing)
 .debug_str     0x00000000000c5cfe       0x2c Core/Src/stm32f4xx_hal_msp.o
                                      0xc0734 (size before relaxing)
 .debug_str     0x00000000000c5d2a      0x57b Core/Src/stm32f4xx_hal_timebase_tim.o
                                      0xc1096 (size before relaxing)
 .debug_str     0x00000000000c62a5       0xa6 Core/Src/stm32f4xx_it.o
                                      0xc0ad0 (size before relaxing)
 .debug_str     0x00000000000c634b       0xc4 Core/Src/system_stm32f4xx.o
                                      0xc0720 (size before relaxing)
 .debug_str     0x00000000000c640f       0x36 Core/Startup/startup_stm32f407vgtx.o
                                         0x80 (size before relaxing)
 .debug_str     0x00000000000c6445      0x542 Drivers/STM32F4xx_HAL_Driver/Src/stm32f4xx_hal.o
                                      0xc11ed (size before relaxing)
 .debug_str     0x00000000000c6987      0x392 Drivers/STM32F4xx_HAL_Driver/Src/stm32f4xx_hal_cortex.o
                                      0xc0fdc (size before relaxing)
 .debug_str     0x00000000000c6d19      0x20c Drivers/STM32F4xx_HAL_Driver/Src/stm32f4xx_hal_gpio.o
                                      0xc095f (size before relaxing)
 .debug_str     0x00000000000c6f25      0x24f Drivers/STM32F4xx_HAL_Driver/Src/stm32f4xx_hal_rcc.o
                                      0xc0b0d (size before relaxing)
 .debug_str     0x00000000000c7174      0xd6f Drivers/STM32F4xx_HAL_Driver/Src/stm32f4xx_hal_tim.o
                                      0xc182c (size before relaxing)
 .debug_str     0x00000000000c7ee3      0x4ec Drivers/STM32F4xx_HAL_Driver/Src/stm32f4xx_hal_tim_ex.o
                                      0xc102c (size before relaxing)
 .debug_str     0x00000000000c83cf     0x311d FreeRTOS/list.o
                                       0xa9d9 (size before relaxing)
 .debug_str     0x00000000000cb4ec      0x943 FreeRTOS/queue.o
                                       0xcc9d (size before relaxing)
 .debug_str     0x00000000000cbe2f     0x1bc4 FreeRTOS/tasks.o
                                       0xd9b4 (size before relaxing)
 .debug_str     0x00000000000cd9f3      0x512 FreeRTOS/timers.o
                                       0xd081 (size before relaxing)
 .debug_str     0x00000000000cdf05      0x7d8 FreeRTOS/portable/ARM_CM4F/port.o
                                       0x931d (size before relaxing)
 .debug_str     0x00000000000ce6dd      0x31c FreeRTOS/portable/MemMang/heap_4.o
                                       0xbe53 (size before relaxing)

.comment        0x0000000000000000       0x7b
 .comment       0x0000000000000000       0x7b Core/Src/main.o
                                         0x7c (size before relaxing)
 .comment       0x000000000000007b       0x7c Core/Src/stm32f4xx_hal_msp.o
 .comment       0x000000000000007b       0x7c Core/Src/stm32f4xx_hal_timebase_tim.o
 .comment       0x000000000000007b       0x7c Core/Src/stm32f4xx_it.o
 .comment       0x000000000000007b       0x7c Core/Src/system_stm32f4xx.o
 .comment       0x000000000000007b       0x7c Drivers/STM32F4xx_HAL_Driver/Src/stm32f4xx_hal.o
 .comment       0x000000000000007b       0x7c Drivers/STM32F4xx_HAL_Driver/Src/stm32f4xx_hal_cortex.o
 .comment       0x000000000000007b       0x7c Drivers/STM32F4xx_HAL_Driver/Src/stm32f4xx_hal_gpio.o
 .comment       0x000000000000007b       0x7c Drivers/STM32F4xx_HAL_Driver/Src/stm32f4xx_hal_rcc.o
 .comment       0x000000000000007b       0x7c Drivers/STM32F4xx_HAL_Driver/Src/stm32f4xx_hal_tim.o
 .comment       0x000000000000007b       0x7c Drivers/STM32F4xx_HAL_Driver/Src/stm32f4xx_hal_tim_ex.o
 .comment       0x000000000000007b       0x7c FreeRTOS/list.o
 .comment       0x000000000000007b       0x7c FreeRTOS/queue.o
 .comment       0x000000000000007b       0x7c FreeRTOS/tasks.o
 .comment       0x000000000000007b       0x7c FreeRTOS/timers.o
 .comment       0x000000000000007b       0x7c FreeRTOS/portable/ARM_CM4F/port.o
 .comment       0x000000000000007b       0x7c FreeRTOS/portable/MemMang/heap_4.o

.debug_frame    0x0000000000000000     0x3a88
 .debug_frame   0x0000000000000000       0xf4 Core/Src/main.o
 .debug_frame   0x00000000000000f4       0x38 Core/Src/stm32f4xx_hal_msp.o
 .debug_frame   0x000000000000012c       0x74 Core/Src/stm32f4xx_hal_timebase_tim.o
 .debug_frame   0x00000000000001a0       0xc4 Core/Src/stm32f4xx_it.o
 .debug_frame   0x0000000000000264       0x58 Core/Src/system_stm32f4xx.o
 .debug_frame   0x00000000000002bc      0x374 Drivers/STM32F4xx_HAL_Driver/Src/stm32f4xx_hal.o
 .debug_frame   0x0000000000000630      0x498 Drivers/STM32F4xx_HAL_Driver/Src/stm32f4xx_hal_cortex.o
 .debug_frame   0x0000000000000ac8      0x14c Drivers/STM32F4xx_HAL_Driver/Src/stm32f4xx_hal_gpio.o
 .debug_frame   0x0000000000000c14      0x1f0 Drivers/STM32F4xx_HAL_Driver/Src/stm32f4xx_hal_rcc.o
 .debug_frame   0x0000000000000e04     0x10f0 Drivers/STM32F4xx_HAL_Driver/Src/stm32f4xx_hal_tim.o
 .debug_frame   0x0000000000001ef4      0x5c0 Drivers/STM32F4xx_HAL_Driver/Src/stm32f4xx_hal_tim_ex.o
 .debug_frame   0x00000000000024b4       0xd8 FreeRTOS/list.o
 .debug_frame   0x000000000000258c      0x534 FreeRTOS/queue.o
 .debug_frame   0x0000000000002ac0      0x894 FreeRTOS/tasks.o
 .debug_frame   0x0000000000003354      0x38c FreeRTOS/timers.o
 .debug_frame   0x00000000000036e0      0x1a8 FreeRTOS/portable/ARM_CM4F/port.o
 .debug_frame   0x0000000000003888      0x12c FreeRTOS/portable/MemMang/heap_4.o
 .debug_frame   0x00000000000039b4       0x2c /opt/st/stm32cubeide_1.5.1/plugins/com.st.stm32cube.ide.mcu.externaltools.gnu-tools-for-stm32.7-2018-q2-update.linux64_1.5.0.202011040924/tools/bin/../lib/gcc/arm-none-eabi/7.3.1/../../../../arm-none-eabi/lib/thumb/v7e-m/fpv4-sp/hard/libc_nano.a(lib_a-init.o)
 .debug_frame   0x00000000000039e0       0x28 /opt/st/stm32cubeide_1.5.1/plugins/com.st.stm32cube.ide.mcu.externaltools.gnu-tools-for-stm32.7-2018-q2-update.linux64_1.5.0.202011040924/tools/bin/../lib/gcc/arm-none-eabi/7.3.1/../../../../arm-none-eabi/lib/thumb/v7e-m/fpv4-sp/hard/libc_nano.a(lib_a-memcpy-stub.o)
 .debug_frame   0x0000000000003a08       0x20 /opt/st/stm32cubeide_1.5.1/plugins/com.st.stm32cube.ide.mcu.externaltools.gnu-tools-for-stm32.7-2018-q2-update.linux64_1.5.0.202011040924/tools/bin/../lib/gcc/arm-none-eabi/7.3.1/../../../../arm-none-eabi/lib/thumb/v7e-m/fpv4-sp/hard/libc_nano.a(lib_a-memset.o)
 .debug_frame   0x0000000000003a28       0x2c /opt/st/stm32cubeide_1.5.1/plugins/com.st.stm32cube.ide.mcu.externaltools.gnu-tools-for-stm32.7-2018-q2-update.linux64_1.5.0.202011040924/tools/bin/../lib/gcc/arm-none-eabi/7.3.1/thumb/v7e-m/fpv4-sp/hard/libgcc.a(_aeabi_uldivmod.o)
 .debug_frame   0x0000000000003a54       0x34 /opt/st/stm32cubeide_1.5.1/plugins/com.st.stm32cube.ide.mcu.externaltools.gnu-tools-for-stm32.7-2018-q2-update.linux64_1.5.0.202011040924/tools/bin/../lib/gcc/arm-none-eabi/7.3.1/thumb/v7e-m/fpv4-sp/hard/libgcc.a(_udivmoddi4.o)
