main.c:102:6:SD_RdWrTest	16	static
main.c:123:5:main	32	static
main.c:198:6:SystemClock_Config	104	static
main.c:246:13:MX_I2C1_Init	8	static
main.c:278:13:MX_I2S3_Init	8	static
main.c:310:6:MX_SPI1_Init	8	static
main.c:346:13:MX_UART4_Init	8	static
main.c:375:13:MX_DMA_Init	16	static
main.c:392:13:MX_GPIO_Init	56	static
main.c:437:5:__io_putchar	24	static
main.c:442:6:Task1	600	static
main.c:473:6:Task2	592	static
main.c:497:6:Task3	16	static
main.c:512:6:HAL_GPIO_EXTI_Callback	16	static
main.c:542:6:HAL_TIM_PeriodElapsedCallback	16	static
main.c:563:6:Error_Handler	4	static,ignoring_inline_asm
