mmc_sd.c:9:6:SPI1_Error	8	static
mmc_sd.c:17:9:SPI1_ReadWriteByte	32	static
mmc_sd.c:33:9:SD_SPI_ReadWriteByte	16	static
mmc_sd.c:39:6:SD_SPI_Init	8	static
mmc_sd.c:50:6:SD_DisSelect	8	static
mmc_sd.c:60:9:SD_Select	8	static
mmc_sd.c:72:9:SD_WaitReady	16	static
mmc_sd.c:89:9:SD_GetResponse	24	static
mmc_sd.c:103:9:SD_RecvData	16	static
mmc_sd.c:127:9:SD_SendBlock	24	static
mmc_sd.c:150:9:SD_SendCmd	24	static
mmc_sd.c:180:9:SD_GetCID	24	static
mmc_sd.c:199:9:SD_GetCSD	24	static
mmc_sd.c:215:10:SD_GetSectorCount	32	static
mmc_sd.c:239:9:SD_Idle_Sta	16	static
mmc_sd.c:262:9:SD_Initialize	32	static
mmc_sd.c:343:9:SD_ReadDisk	32	static
mmc_sd.c:377:9:SD_WriteDisk	32	static
