Archive member included to satisfy reference by file (symbol)

/opt/st/stm32cubeide_1.5.1/plugins/com.st.stm32cube.ide.mcu.externaltools.gnu-tools-for-stm32.7-2018-q2-update.linux64_1.5.0.202011040924/tools/bin/../lib/gcc/arm-none-eabi/7.3.1/../../../../arm-none-eabi/lib/thumb/v7e-m/fpv4-sp/hard/libc_nano.a(lib_a-errno.o)
                              Core/Src/syscalls.o (__errno)
/opt/st/stm32cubeide_1.5.1/plugins/com.st.stm32cube.ide.mcu.externaltools.gnu-tools-for-stm32.7-2018-q2-update.linux64_1.5.0.202011040924/tools/bin/../lib/gcc/arm-none-eabi/7.3.1/../../../../arm-none-eabi/lib/thumb/v7e-m/fpv4-sp/hard/libc_nano.a(lib_a-exit.o)
                              /opt/st/stm32cubeide_1.5.1/plugins/com.st.stm32cube.ide.mcu.externaltools.gnu-tools-for-stm32.7-2018-q2-update.linux64_1.5.0.202011040924/tools/bin/../lib/gcc/arm-none-eabi/7.3.1/../../../../arm-none-eabi/lib/thumb/v7e-m/fpv4-sp/hard/crt0.o (exit)
/opt/st/stm32cubeide_1.5.1/plugins/com.st.stm32cube.ide.mcu.externaltools.gnu-tools-for-stm32.7-2018-q2-update.linux64_1.5.0.202011040924/tools/bin/../lib/gcc/arm-none-eabi/7.3.1/../../../../arm-none-eabi/lib/thumb/v7e-m/fpv4-sp/hard/libc_nano.a(lib_a-impure.o)
                              /opt/st/stm32cubeide_1.5.1/plugins/com.st.stm32cube.ide.mcu.externaltools.gnu-tools-for-stm32.7-2018-q2-update.linux64_1.5.0.202011040924/tools/bin/../lib/gcc/arm-none-eabi/7.3.1/../../../../arm-none-eabi/lib/thumb/v7e-m/fpv4-sp/hard/libc_nano.a(lib_a-exit.o) (_global_impure_ptr)
/opt/st/stm32cubeide_1.5.1/plugins/com.st.stm32cube.ide.mcu.externaltools.gnu-tools-for-stm32.7-2018-q2-update.linux64_1.5.0.202011040924/tools/bin/../lib/gcc/arm-none-eabi/7.3.1/../../../../arm-none-eabi/lib/thumb/v7e-m/fpv4-sp/hard/libc_nano.a(lib_a-init.o)
                              /opt/st/stm32cubeide_1.5.1/plugins/com.st.stm32cube.ide.mcu.externaltools.gnu-tools-for-stm32.7-2018-q2-update.linux64_1.5.0.202011040924/tools/bin/../lib/gcc/arm-none-eabi/7.3.1/../../../../arm-none-eabi/lib/thumb/v7e-m/fpv4-sp/hard/crt0.o (__libc_init_array)
/opt/st/stm32cubeide_1.5.1/plugins/com.st.stm32cube.ide.mcu.externaltools.gnu-tools-for-stm32.7-2018-q2-update.linux64_1.5.0.202011040924/tools/bin/../lib/gcc/arm-none-eabi/7.3.1/../../../../arm-none-eabi/lib/thumb/v7e-m/fpv4-sp/hard/libc_nano.a(lib_a-memcpy-stub.o)
                              FreeRTOS/queue.o (memcpy)
/opt/st/stm32cubeide_1.5.1/plugins/com.st.stm32cube.ide.mcu.externaltools.gnu-tools-for-stm32.7-2018-q2-update.linux64_1.5.0.202011040924/tools/bin/../lib/gcc/arm-none-eabi/7.3.1/../../../../arm-none-eabi/lib/thumb/v7e-m/fpv4-sp/hard/libc_nano.a(lib_a-memset.o)
                              /opt/st/stm32cubeide_1.5.1/plugins/com.st.stm32cube.ide.mcu.externaltools.gnu-tools-for-stm32.7-2018-q2-update.linux64_1.5.0.202011040924/tools/bin/../lib/gcc/arm-none-eabi/7.3.1/../../../../arm-none-eabi/lib/thumb/v7e-m/fpv4-sp/hard/crt0.o (memset)
/opt/st/stm32cubeide_1.5.1/plugins/com.st.stm32cube.ide.mcu.externaltools.gnu-tools-for-stm32.7-2018-q2-update.linux64_1.5.0.202011040924/tools/bin/../lib/gcc/arm-none-eabi/7.3.1/../../../../arm-none-eabi/lib/thumb/v7e-m/fpv4-sp/hard/libc_nano.a(lib_a-sprintf.o)
                              FreeRTOS/tasks.o (sprintf)
/opt/st/stm32cubeide_1.5.1/plugins/com.st.stm32cube.ide.mcu.externaltools.gnu-tools-for-stm32.7-2018-q2-update.linux64_1.5.0.202011040924/tools/bin/../lib/gcc/arm-none-eabi/7.3.1/../../../../arm-none-eabi/lib/thumb/v7e-m/fpv4-sp/hard/libc_nano.a(lib_a-strcmp.o)
                              FreeRTOS/tasks.o (strcmp)
/opt/st/stm32cubeide_1.5.1/plugins/com.st.stm32cube.ide.mcu.externaltools.gnu-tools-for-stm32.7-2018-q2-update.linux64_1.5.0.202011040924/tools/bin/../lib/gcc/arm-none-eabi/7.3.1/../../../../arm-none-eabi/lib/thumb/v7e-m/fpv4-sp/hard/libc_nano.a(lib_a-strlen.o)
                              FreeRTOS/tasks.o (strlen)
/opt/st/stm32cubeide_1.5.1/plugins/com.st.stm32cube.ide.mcu.externaltools.gnu-tools-for-stm32.7-2018-q2-update.linux64_1.5.0.202011040924/tools/bin/../lib/gcc/arm-none-eabi/7.3.1/../../../../arm-none-eabi/lib/thumb/v7e-m/fpv4-sp/hard/libc_nano.a(lib_a-nano-svfprintf.o)
                              /opt/st/stm32cubeide_1.5.1/plugins/com.st.stm32cube.ide.mcu.externaltools.gnu-tools-for-stm32.7-2018-q2-update.linux64_1.5.0.202011040924/tools/bin/../lib/gcc/arm-none-eabi/7.3.1/../../../../arm-none-eabi/lib/thumb/v7e-m/fpv4-sp/hard/libc_nano.a(lib_a-sprintf.o) (_svfprintf_r)
/opt/st/stm32cubeide_1.5.1/plugins/com.st.stm32cube.ide.mcu.externaltools.gnu-tools-for-stm32.7-2018-q2-update.linux64_1.5.0.202011040924/tools/bin/../lib/gcc/arm-none-eabi/7.3.1/../../../../arm-none-eabi/lib/thumb/v7e-m/fpv4-sp/hard/libc_nano.a(lib_a-nano-vfprintf_i.o)
[...]
Memory Configuration

Name             Origin             Length             Attributes
CCMRAM           0x0000000010000000 0x0000000000010000 xrw
RAM              0x0000000020000000 0x0000000000020000 xrw
FLASH            0x0000000008000000 0x0000000000100000 xr
*default*        0x0000000000000000 0xffffffffffffffff

Linker script and memory map

LOAD /opt/st/stm32cubeide_1.5.1/plugins/com.st.stm32cube.ide.mcu.externaltools.gnu-tools-for-stm32.7-2018-q2-update.linux64_1.5.0.202011040924/tools/bin/../lib/gcc/arm-none-eabi/7.3.1/thumb/v7e-m/fpv4-sp/hard/crti.o
LOAD /opt/st/stm32cubeide_1.5.1/plugins/com.st.stm32cube.ide.mcu.externaltools.gnu-tools-for-stm32.7-2018-q2-update.linux64_1.5.0.202011040924/tools/bin/../lib/gcc/arm-none-eabi/7.3.1/thumb/v7e-m/fpv4-sp/hard/crtbegin.o
LOAD /opt/st/stm32cubeide_1.5.1/plugins/com.st.stm32cube.ide.mcu.externaltools.gnu-tools-for-stm32.7-2018-q2-update.linux64_1.5.0.202011040924/tools/bin/../lib/gcc/arm-none-eabi/7.3.1/../../../../arm-none-eabi/lib/thumb/v7e-m/fpv4-sp/hard/crt0.o
LOAD Core/Src/main.o
LOAD Core/Src/stm32f4xx_hal_msp.o
LOAD Core/Src/stm32f4xx_hal_timebase_tim.o
LOAD Core/Src/stm32f4xx_it.o
LOAD Core/Src/syscalls.o
LOAD Core/Src/sysmem.o
LOAD Core/Src/system_stm32f4xx.o
LOAD Core/Startup/startup_stm32f407vgtx.o
LOAD Drivers/STM32F4xx_HAL_Driver/Src/stm32f4xx_hal.o
LOAD Drivers/STM32F4xx_HAL_Driver/Src/stm32f4xx_hal_cortex.o
LOAD Drivers/STM32F4xx_HAL_Driver/Src/stm32f4xx_hal_dma.o
LOAD Drivers/STM32F4xx_HAL_Driver/Src/stm32f4xx_hal_dma_ex.o
LOAD Drivers/STM32F4xx_HAL_Driver/Src/stm32f4xx_hal_exti.o
LOAD Drivers/STM32F4xx_HAL_Driver/Src/stm32f4xx_hal_flash.o
LOAD Drivers/STM32F4xx_HAL_Driver/Src/stm32f4xx_hal_flash_ex.o
LOAD Drivers/STM32F4xx_HAL_Driver/Src/stm32f4xx_hal_flash_ramfunc.o
LOAD Drivers/STM32F4xx_HAL_Driver/Src/stm32f4xx_hal_gpio.o
LOAD Drivers/STM32F4xx_HAL_Driver/Src/stm32f4xx_hal_pwr.o
LOAD Drivers/STM32F4xx_HAL_Driver/Src/stm32f4xx_hal_pwr_ex.o
LOAD Drivers/STM32F4xx_HAL_Driver/Src/stm32f4xx_hal_rcc.o
LOAD Drivers/STM32F4xx_HAL_Driver/Src/stm32f4xx_hal_rcc_ex.o
LOAD Drivers/STM32F4xx_HAL_Driver/Src/stm32f4xx_hal_tim.o
LOAD Drivers/STM32F4xx_HAL_Driver/Src/stm32f4xx_hal_tim_ex.o
LOAD Drivers/STM32F4xx_HAL_Driver/Src/stm32f4xx_hal_uart.o
LOAD FreeRTOS/croutine.o
LOAD FreeRTOS/event_groups.o
LOAD FreeRTOS/list.o
LOAD FreeRTOS/queue.o
LOAD FreeRTOS/stream_buffer.o
LOAD FreeRTOS/tasks.o
LOAD FreeRTOS/timers.o
LOAD FreeRTOS/portable/ARM_CM4F/port.o
LOAD FreeRTOS/portable/MemMang/heap_4.o
START GROUP
LOAD /opt/st/stm32cubeide_1.5.1/plugins/com.st.stm32cube.ide.mcu.externaltools.gnu-tools-for-stm32.7-2018-q2-update.linux64_1.5.0.202011040924/tools/bin/../lib/gcc/arm-none-eabi/7.3.1/../../../../arm-none-eabi/lib/thumb/v7e-m/fpv4-sp/hard/libc_nano.a
LOAD /opt/st/stm32cubeide_1.5.1/plugins/com.st.stm32cube.ide.mcu.externaltools.gnu-tools-for-stm32.7-2018-q2-update.linux64_1.5.0.202011040924/tools/bin/../lib/gcc/arm-none-eabi/7.3.1/../../../../arm-none-eabi/lib/thumb/v7e-m/fpv4-sp/hard/libm.a
END GROUP
START GROUP
LOAD /opt/st/stm32cubeide_1.5.1/plugins/com.st.stm32cube.ide.mcu.externaltools.gnu-tools-for-stm32.7-2018-q2-update.linux64_1.5.0.202011040924/tools/bin/../lib/gcc/arm-none-eabi/7.3.1/thumb/v7e-m/fpv4-sp/hard/libgcc.a
LOAD /opt/st/stm32cubeide_1.5.1/plugins/com.st.stm32cube.ide.mcu.externaltools.gnu-tools-for-stm32.7-2018-q2-update.linux64_1.5.0.202011040924/tools/bin/../lib/gcc/arm-none-eabi/7.3.1/../../../../arm-none-eabi/lib/thumb/v7e-m/fpv4-sp/hard/libc_nano.a
END GROUP
START GROUP
LOAD /opt/st/stm32cubeide_1.5.1/plugins/com.st.stm32cube.ide.mcu.externaltools.gnu-tools-for-stm32.7-2018-q2-update.linux64_1.5.0.202011040924/tools/bin/../lib/gcc/arm-none-eabi/7.3.1/thumb/v7e-m/fpv4-sp/hard/libgcc.a
LOAD /opt/st/stm32cubeide_1.5.1/plugins/com.st.stm32cube.ide.mcu.externaltools.gnu-tools-for-stm32.7-2018-q2-update.linux64_1.5.0.202011040924/tools/bin/../lib/gcc/arm-none-eabi/7.3.1/../../../../arm-none-eabi/lib/thumb/v7e-m/fpv4-sp/hard/libc_nano.a
LOAD /opt/st/stm32cubeide_1.5.1/plugins/com.st.stm32cube.ide.mcu.externaltools.gnu-tools-for-stm32.7-2018-q2-update.linux64_1.5.0.202011040924/tools/bin/../lib/gcc/arm-none-eabi/7.3.1/../../../../arm-none-eabi/lib/thumb/v7e-m/fpv4-sp/hard/libnosys.a
END GROUP
START GROUP
LOAD /opt/st/stm32cubeide_1.5.1/plugins/com.st.stm32cube.ide.mcu.externaltools.gnu-tools-for-stm32.7-2018-q2-update.linux64_1.5.0.202011040924/tools/bin/../lib/gcc/arm-none-eabi/7.3.1/thumb/v7e-m/fpv4-sp/hard/libgcc.a
LOAD /opt/st/stm32cubeide_1.5.1/plugins/com.st.stm32cube.ide.mcu.externaltools.gnu-tools-for-stm32.7-2018-q2-update.linux64_1.5.0.202011040924/tools/bin/../lib/gcc/arm-none-eabi/7.3.1/../../../../arm-none-eabi/lib/thumb/v7e-m/fpv4-sp/hard/libc_nano.a
LOAD /opt/st/stm32cubeide_1.5.1/plugins/com.st.stm32cube.ide.mcu.externaltools.gnu-tools-for-stm32.7-2018-q2-update.linux64_1.5.0.202011040924/tools/bin/../lib/gcc/arm-none-eabi/7.3.1/../../../../arm-none-eabi/lib/thumb/v7e-m/fpv4-sp/hard/libnosys.a
END GROUP
LOAD /opt/st/stm32cubeide_1.5.1/plugins/com.st.stm32cube.ide.mcu.externaltools.gnu-tools-for-stm32.7-2018-q2-update.linux64_1.5.0.202011040924/tools/bin/../lib/gcc/arm-none-eabi/7.3.1/thumb/v7e-m/fpv4-sp/hard/crtend.o
LOAD /opt/st/stm32cubeide_1.5.1/plugins/com.st.stm32cube.ide.mcu.externaltools.gnu-tools-for-stm32.7-2018-q2-update.linux64_1.5.0.202011040924/tools/bin/../lib/gcc/arm-none-eabi/7.3.1/thumb/v7e-m/fpv4-sp/hard/crtn.o
                0x0000000020020000                _estack = (ORIGIN (RAM) + LENGTH (RAM))
                0x0000000000000200                _Min_Heap_Size = 0x200
                0x0000000000000400                _Min_Stack_Size = 0x400

.isr_vector     0x0000000008000000      0x188
                0x0000000008000000                . = ALIGN (0x4)
 *(.isr_vector)
 .isr_vector    0x0000000008000000      0x188 Core/Startup/startup_stm32f407vgtx.o
                0x0000000008000000                g_pfnVectors
                0x0000000008000188                . = ALIGN (0x4)

.text           0x0000000008000190     0x5ee8
                0x0000000008000190                . = ALIGN (0x4)
 *(.text)
 .text          0x0000000008000190       0x40 /opt/st/stm32cubeide_1.5.1/plugins/com.st.stm32cube.ide.mcu.externaltools.gnu-tools-for-stm32.7-2018-q2-update.linux64_1.5.0.202011040924/tools/bin/../lib/gcc/arm-none-eabi/7.3.1/thumb/v7e-m/fpv4-sp/hard/crtbegin.o
 .text          0x00000000080001d0       0x14 /opt/st/stm32cubeide_1.5.1/plugins/com.st.stm32cube.ide.mcu.externaltools.gnu-tools-for-stm32.7-2018-q2-update.linux64_1.5.0.202011040924/tools/bin/../lib/gcc/arm-none-eabi/7.3.1/../../../../arm-none-eabi/lib/thumb/v7e-m/fpv4-sp/hard/libc_nano.a(lib_a-strcmp.o)
                0x00000000080001d0                strcmp
 .text          0x00000000080001e4       0x10 /opt/st/stm32cubeide_1.5.1/plugins/com.st.stm32cube.ide.mcu.externaltools.gnu-tools-for-stm32.7-2018-q2-update.linux64_1.5.0.202011040924/tools/bin/../lib/gcc/arm-none-eabi/7.3.1/../../../../arm-none-eabi/lib/thumb/v7e-m/fpv4-sp/hard/libc_nano.a(lib_a-strlen.o)
                0x00000000080001e4                strlen
 *fill*         0x00000000080001f4        0xc 
 .text          0x0000000008000200       0xa0 /opt/st/stm32cubeide_1.5.1/plugins/com.st.stm32cube.ide.mcu.externaltools.gnu-tools-for-stm32.7-2018-q2-update.linux64_1.5.0.202011040924/tools/bin/../lib/gcc/arm-none-eabi/7.3.1/../../../../arm-none-eabi/lib/thumb/v7e-m/fpv4-sp/hard/libc_nano.a(lib_a-memchr.o)
                0x0000000008000200                memchr
 .text          0x00000000080002a0       0x30 /opt/st/stm32cubeide_1.5.1/plugins/com.st.stm32cube.ide.mcu.externaltools.gnu-tools-for-stm32.7-2018-q2-update.linux64_1.5.0.202011040924/tools/bin/../lib/gcc/arm-none-eabi/7.3.1/thumb/v7e-m/fpv4-sp/hard/libgcc.a(_aeabi_uldivmod.o)
                0x00000000080002a0                __aeabi_uldivmod
 .text          0x00000000080002d0      0x2cc /opt/st/stm32cubeide_1.5.1/plugins/com.st.stm32cube.ide.mcu.externaltools.gnu-tools-for-stm32.7-2018-q2-update.linux64_1.5.0.202011040924/tools/bin/../lib/gcc/arm-none-eabi/7.3.1/thumb/v7e-m/fpv4-sp/hard/libgcc.a(_udivmoddi4.o)
                0x00000000080002d0                __udivmoddi4
 .text          0x000000000800059c        0x4 /opt/st/stm32cubeide_1.5.1/plugins/com.st.stm32cube.ide.mcu.externaltools.gnu-tools-for-stm32.7-2018-q2-update.linux64_1.5.0.202011040924/tools/bin/../lib/gcc/arm-none-eabi/7.3.1/thumb/v7e-m/fpv4-sp/hard/libgcc.a(_dvmd_tls.o)
                0x000000000800059c                __aeabi_ldiv0
                0x000000000800059c                __aeabi_idiv0
 *(.text*)
 .text.main     0x00000000080005a0       0x8c Core/Src/main.o
                0x00000000080005a0                main
 .text.SystemClock_Config
                0x000000000800062c       0xbc Core/Src/main.o
                0x000000000800062c                SystemClock_Config
 .text.MX_USART2_UART_Init
                0x00000000080006e8       0x54 Core/Src/main.o
 .text.MX_GPIO_Init
                0x000000000800073c       0x88 Core/Src/main.o
 .text.TaskMonitor_App
                0x00000000080007c4       0x22 Core/Src/main.o
                0x00000000080007c4                TaskMonitor_App
 *fill*         0x00000000080007e6        0x2 
 .text.red_blink
                0x00000000080007e8       0x28 Core/Src/main.o
                0x00000000080007e8                red_blink
 .text.green_blink
                0x0000000008000810       0x28 Core/Src/main.o
                0x0000000008000810                green_blink
 .text.task_delay
                0x0000000008000838        0xc Core/Src/main.o
                0x0000000008000838                task_delay
 .text.HAL_TIM_PeriodElapsedCallback
                0x0000000008000844       0x24 Core/Src/main.o
                0x0000000008000844                HAL_TIM_PeriodElapsedCallback
 .text.Error_Handler
                0x0000000008000868        0x8 Core/Src/main.o
                0x0000000008000868                Error_Handler
 .text.HAL_MspInit
                0x0000000008000870       0x50 Core/Src/stm32f4xx_hal_msp.o
                0x0000000008000870                HAL_MspInit
 .text.HAL_UART_MspInit
                0x00000000080008c0       0x90 Core/Src/stm32f4xx_hal_msp.o
                0x00000000080008c0                HAL_UART_MspInit
 .text.HAL_InitTick
                0x0000000008000950       0xb0 Core/Src/stm32f4xx_hal_timebase_tim.o
                0x0000000008000950                HAL_InitTick
 .text.NMI_Handler
                0x0000000008000a00        0x6 Core/Src/stm32f4xx_it.o
                0x0000000008000a00                NMI_Handler
 .text.HardFault_Handler
                0x0000000008000a06        0x6 Core/Src/stm32f4xx_it.o
                0x0000000008000a06                HardFault_Handler
 .text.MemManage_Handler
                0x0000000008000a0c        0x6 Core/Src/stm32f4xx_it.o
                0x0000000008000a0c                MemManage_Handler
 .text.BusFault_Handler
                0x0000000008000a12        0x6 Core/Src/stm32f4xx_it.o
                0x0000000008000a12                BusFault_Handler
 .text.UsageFault_Handler
                0x0000000008000a18        0x6 Core/Src/stm32f4xx_it.o
                0x0000000008000a18                UsageFault_Handler
 .text.DebugMon_Handler
                0x0000000008000a1e        0xe Core/Src/stm32f4xx_it.o
                0x0000000008000a1e                DebugMon_Handler
 .text.TIM7_IRQHandler
                0x0000000008000a2c       0x14 Core/Src/stm32f4xx_it.o
                0x0000000008000a2c                TIM7_IRQHandler
 .text._sbrk    0x0000000008000a40       0x6c Core/Src/sysmem.o
                0x0000000008000a40                _sbrk
 .text.SystemInit
                0x0000000008000aac       0x2c Core/Src/system_stm32f4xx.o
                0x0000000008000aac                SystemInit
 .text.Reset_Handler
                0x0000000008000ad8       0x50 Core/Startup/startup_stm32f407vgtx.o
                0x0000000008000ad8                Reset_Handler
 .text.Default_Handler
                0x0000000008000b28        0x2 Core/Startup/startup_stm32f407vgtx.o
                0x0000000008000b28                RTC_Alarm_IRQHandler
                0x0000000008000b28                HASH_RNG_IRQHandler
                0x0000000008000b28                EXTI2_IRQHandler
                0x0000000008000b28                TIM8_CC_IRQHandler
                0x0000000008000b28                TIM1_CC_IRQHandler
                0x0000000008000b28                DMA2_Stream5_IRQHandler
                0x0000000008000b28                DMA1_Stream5_IRQHandler
                0x0000000008000b28                PVD_IRQHandler
                0x0000000008000b28                SDIO_IRQHandler
                0x0000000008000b28                TAMP_STAMP_IRQHandler
                0x0000000008000b28                CAN2_RX1_IRQHandler
                0x0000000008000b28                EXTI3_IRQHandler
                0x0000000008000b28                TIM8_TRG_COM_TIM14_IRQHandler
                0x0000000008000b28                TIM1_UP_TIM10_IRQHandler
                0x0000000008000b28                TIM8_UP_TIM13_IRQHandler
                0x0000000008000b28                I2C3_ER_IRQHandler
                0x0000000008000b28                EXTI0_IRQHandler
                0x0000000008000b28                I2C2_EV_IRQHandler
                0x0000000008000b28                DMA1_Stream2_IRQHandler
                0x0000000008000b28                CAN1_RX0_IRQHandler
                0x0000000008000b28                FPU_IRQHandler
                0x0000000008000b28                OTG_HS_WKUP_IRQHandler
                0x0000000008000b28                CAN2_SCE_IRQHandler
                0x0000000008000b28                DMA2_Stream2_IRQHandler
                0x0000000008000b28                SPI1_IRQHandler
                0x0000000008000b28                TIM6_DAC_IRQHandler
                0x0000000008000b28                TIM1_BRK_TIM9_IRQHandler
                0x0000000008000b28                DCMI_IRQHandler
                0x0000000008000b28                CAN2_RX0_IRQHandler
                0x0000000008000b28                DMA2_Stream3_IRQHandler
                0x0000000008000b28                USART6_IRQHandler
                0x0000000008000b28                USART3_IRQHandler
                0x0000000008000b28                CAN1_RX1_IRQHandler
                0x0000000008000b28                UART5_IRQHandler
                0x0000000008000b28                DMA2_Stream0_IRQHandler
                0x0000000008000b28                TIM4_IRQHandler
                0x0000000008000b28                I2C1_EV_IRQHandler
                0x0000000008000b28                DMA1_Stream6_IRQHandler
                0x0000000008000b28                DMA1_Stream1_IRQHandler
                0x0000000008000b28                UART4_IRQHandler
                0x0000000008000b28                TIM3_IRQHandler
                0x0000000008000b28                RCC_IRQHandler
                0x0000000008000b28                TIM8_BRK_TIM12_IRQHandler
                0x0000000008000b28                Default_Handler
                0x0000000008000b28                EXTI15_10_IRQHandler
                0x0000000008000b28                ADC_IRQHandler
                0x0000000008000b28                DMA1_Stream7_IRQHandler
                0x0000000008000b28                CAN2_TX_IRQHandler
                0x0000000008000b28                TIM5_IRQHandler
                0x0000000008000b28                DMA2_Stream7_IRQHandler
                0x0000000008000b28                I2C3_EV_IRQHandler
                0x0000000008000b28                EXTI9_5_IRQHandler
                0x0000000008000b28                RTC_WKUP_IRQHandler
                0x0000000008000b28                ETH_WKUP_IRQHandler
                0x0000000008000b28                SPI2_IRQHandler
                0x0000000008000b28                OTG_HS_EP1_IN_IRQHandler
                0x0000000008000b28                DMA1_Stream0_IRQHandler
                0x0000000008000b28                CAN1_TX_IRQHandler
                0x0000000008000b28                EXTI4_IRQHandler
                0x0000000008000b28                FSMC_IRQHandler
                0x0000000008000b28                ETH_IRQHandler
                0x0000000008000b28                OTG_HS_EP1_OUT_IRQHandler
                0x0000000008000b28                WWDG_IRQHandler
                0x0000000008000b28                TIM2_IRQHandler
                0x0000000008000b28                OTG_FS_WKUP_IRQHandler
                0x0000000008000b28                TIM1_TRG_COM_TIM11_IRQHandler
                0x0000000008000b28                OTG_HS_IRQHandler
                0x0000000008000b28                EXTI1_IRQHandler
                0x0000000008000b28                USART2_IRQHandler
                0x0000000008000b28                I2C2_ER_IRQHandler
                0x0000000008000b28                DMA2_Stream1_IRQHandler
                0x0000000008000b28                CAN1_SCE_IRQHandler
                0x0000000008000b28                FLASH_IRQHandler
                0x0000000008000b28                DMA2_Stream4_IRQHandler
                0x0000000008000b28                USART1_IRQHandler
                0x0000000008000b28                OTG_FS_IRQHandler
                0x0000000008000b28                SPI3_IRQHandler
                0x0000000008000b28                DMA1_Stream4_IRQHandler
                0x0000000008000b28                I2C1_ER_IRQHandler
                0x0000000008000b28                DMA2_Stream6_IRQHandler
                0x0000000008000b28                DMA1_Stream3_IRQHandler
 *fill*         0x0000000008000b2a        0x2 
 .text.HAL_Init
                0x0000000008000b2c       0x44 Drivers/STM32F4xx_HAL_Driver/Src/stm32f4xx_hal.o
                0x0000000008000b2c                HAL_Init
 .text.HAL_IncTick
                0x0000000008000b70       0x28 Drivers/STM32F4xx_HAL_Driver/Src/stm32f4xx_hal.o
                0x0000000008000b70                HAL_IncTick
 .text.HAL_GetTick
                0x0000000008000b98       0x18 Drivers/STM32F4xx_HAL_Driver/Src/stm32f4xx_hal.o
                0x0000000008000b98                HAL_GetTick
 .text.__NVIC_SetPriorityGrouping
                0x0000000008000bb0       0x48 Drivers/STM32F4xx_HAL_Driver/Src/stm32f4xx_hal_cortex.o
 .text.__NVIC_GetPriorityGrouping
                0x0000000008000bf8       0x1c Drivers/STM32F4xx_HAL_Driver/Src/stm32f4xx_hal_cortex.o
 .text.__NVIC_EnableIRQ
                0x0000000008000c14       0x3c Drivers/STM32F4xx_HAL_Driver/Src/stm32f4xx_hal_cortex.o
 .text.__NVIC_SetPriority
                0x0000000008000c50       0x54 Drivers/STM32F4xx_HAL_Driver/Src/stm32f4xx_hal_cortex.o
 .text.NVIC_EncodePriority
                0x0000000008000ca4       0x66 Drivers/STM32F4xx_HAL_Driver/Src/stm32f4xx_hal_cortex.o
 .text.HAL_NVIC_SetPriorityGrouping
                0x0000000008000d0a       0x16 Drivers/STM32F4xx_HAL_Driver/Src/stm32f4xx_hal_cortex.o
                0x0000000008000d0a                HAL_NVIC_SetPriorityGrouping
 .text.HAL_NVIC_SetPriority
                0x0000000008000d20       0x38 Drivers/STM32F4xx_HAL_Driver/Src/stm32f4xx_hal_cortex.o
                0x0000000008000d20                HAL_NVIC_SetPriority
 .text.HAL_NVIC_EnableIRQ
                0x0000000008000d58       0x1c Drivers/STM32F4xx_HAL_Driver/Src/stm32f4xx_hal_cortex.o
                0x0000000008000d58                HAL_NVIC_EnableIRQ
 .text.HAL_GPIO_Init
                0x0000000008000d74      0x334 Drivers/STM32F4xx_HAL_Driver/Src/stm32f4xx_hal_gpio.o
                0x0000000008000d74                HAL_GPIO_Init
 .text.HAL_GPIO_WritePin
                0x00000000080010a8       0x32 Drivers/STM32F4xx_HAL_Driver/Src/stm32f4xx_hal_gpio.o
                0x00000000080010a8                HAL_GPIO_WritePin
 .text.HAL_GPIO_TogglePin
                0x00000000080010da       0x36 Drivers/STM32F4xx_HAL_Driver/Src/stm32f4xx_hal_gpio.o
                0x00000000080010da                HAL_GPIO_TogglePin
 .text.HAL_RCC_OscConfig
                0x0000000008001110      0x4e0 Drivers/STM32F4xx_HAL_Driver/Src/stm32f4xx_hal_rcc.o
                0x0000000008001110                HAL_RCC_OscConfig
 .text.HAL_RCC_ClockConfig
                0x00000000080015f0      0x1cc Drivers/STM32F4xx_HAL_Driver/Src/stm32f4xx_hal_rcc.o
                0x00000000080015f0                HAL_RCC_ClockConfig
 .text.HAL_RCC_GetSysClockFreq
                0x00000000080017bc      0x164 Drivers/STM32F4xx_HAL_Driver/Src/stm32f4xx_hal_rcc.o
                0x00000000080017bc                HAL_RCC_GetSysClockFreq
 .text.HAL_RCC_GetHCLKFreq
                0x0000000008001920       0x18 Drivers/STM32F4xx_HAL_Driver/Src/stm32f4xx_hal_rcc.o
                0x0000000008001920                HAL_RCC_GetHCLKFreq
 .text.HAL_RCC_GetPCLK1Freq
                0x0000000008001938       0x28 Drivers/STM32F4xx_HAL_Driver/Src/stm32f4xx_hal_rcc.o
                0x0000000008001938                HAL_RCC_GetPCLK1Freq
 .text.HAL_RCC_GetPCLK2Freq
                0x0000000008001960       0x28 Drivers/STM32F4xx_HAL_Driver/Src/stm32f4xx_hal_rcc.o
                0x0000000008001960                HAL_RCC_GetPCLK2Freq
 .text.HAL_RCC_GetClockConfig
                0x0000000008001988       0x64 Drivers/STM32F4xx_HAL_Driver/Src/stm32f4xx_hal_rcc.o
                0x0000000008001988                HAL_RCC_GetClockConfig
 .text.HAL_TIM_Base_Init
                0x00000000080019ec       0x56 Drivers/STM32F4xx_HAL_Driver/Src/stm32f4xx_hal_tim.o
                0x00000000080019ec                HAL_TIM_Base_Init
 .text.HAL_TIM_Base_MspInit
                0x0000000008001a42       0x14 Drivers/STM32F4xx_HAL_Driver/Src/stm32f4xx_hal_tim.o
                0x0000000008001a42                HAL_TIM_Base_MspInit
 .text.HAL_TIM_Base_Start_IT
                0x0000000008001a56       0x48 Drivers/STM32F4xx_HAL_Driver/Src/stm32f4xx_hal_tim.o
                0x0000000008001a56                HAL_TIM_Base_Start_IT
 .text.HAL_TIM_IRQHandler
                0x0000000008001a9e      0x210 Drivers/STM32F4xx_HAL_Driver/Src/stm32f4xx_hal_tim.o
                0x0000000008001a9e                HAL_TIM_IRQHandler
 .text.HAL_TIM_OC_DelayElapsedCallback
                0x0000000008001cae       0x14 Drivers/STM32F4xx_HAL_Driver/Src/stm32f4xx_hal_tim.o
                0x0000000008001cae                HAL_TIM_OC_DelayElapsedCallback
 .text.HAL_TIM_IC_CaptureCallback
                0x0000000008001cc2       0x14 Drivers/STM32F4xx_HAL_Driver/Src/stm32f4xx_hal_tim.o
                0x0000000008001cc2                HAL_TIM_IC_CaptureCallback
 .text.HAL_TIM_PWM_PulseFinishedCallback
                0x0000000008001cd6       0x14 Drivers/STM32F4xx_HAL_Driver/Src/stm32f4xx_hal_tim.o
                0x0000000008001cd6                HAL_TIM_PWM_PulseFinishedCallback
 .text.HAL_TIM_TriggerCallback
                0x0000000008001cea       0x14 Drivers/STM32F4xx_HAL_Driver/Src/stm32f4xx_hal_tim.o
                0x0000000008001cea                HAL_TIM_TriggerCallback
 *fill*         0x0000000008001cfe        0x2 
 .text.TIM_Base_SetConfig
                0x0000000008001d00      0x140 Drivers/STM32F4xx_HAL_Driver/Src/stm32f4xx_hal_tim.o
                0x0000000008001d00                TIM_Base_SetConfig
 .text.HAL_TIMEx_CommutCallback
                0x0000000008001e40       0x14 Drivers/STM32F4xx_HAL_Driver/Src/stm32f4xx_hal_tim_ex.o
                0x0000000008001e40                HAL_TIMEx_CommutCallback
 .text.HAL_TIMEx_BreakCallback
                0x0000000008001e54       0x14 Drivers/STM32F4xx_HAL_Driver/Src/stm32f4xx_hal_tim_ex.o
                0x0000000008001e54                HAL_TIMEx_BreakCallback
 .text.HAL_UART_Init
                0x0000000008001e68       0x9a Drivers/STM32F4xx_HAL_Driver/Src/stm32f4xx_hal_uart.o
                0x0000000008001e68                HAL_UART_Init
 .text.HAL_UART_Transmit
                0x0000000008001f02      0x132 Drivers/STM32F4xx_HAL_Driver/Src/stm32f4xx_hal_uart.o
                0x0000000008001f02                HAL_UART_Transmit
 .text.UART_WaitOnFlagUntilTimeout
                0x0000000008002034       0x94 Drivers/STM32F4xx_HAL_Driver/Src/stm32f4xx_hal_uart.o
 .text.UART_SetConfig
                0x00000000080020c8      0x6f8 Drivers/STM32F4xx_HAL_Driver/Src/stm32f4xx_hal_uart.o
 .text.vListInitialise
                0x00000000080027c0       0x40 FreeRTOS/list.o
                0x00000000080027c0                vListInitialise
 .text.vListInitialiseItem
                0x0000000008002800       0x1a FreeRTOS/list.o
                0x0000000008002800                vListInitialiseItem
 .text.vListInsertEnd
                0x000000000800281a       0x48 FreeRTOS/list.o
                0x000000000800281a                vListInsertEnd
 .text.vListInsert
                0x0000000008002862       0x72 FreeRTOS/list.o
                0x0000000008002862                vListInsert
 .text.uxListRemove
                0x00000000080028d4       0x54 FreeRTOS/list.o
                0x00000000080028d4                uxListRemove
 .text.xQueueGenericReset
                0x0000000008002928       0xd0 FreeRTOS/queue.o
                0x0000000008002928                xQueueGenericReset
 .text.xQueueGenericCreate
                0x00000000080029f8       0x76 FreeRTOS/queue.o
                0x00000000080029f8                xQueueGenericCreate
 .text.prvInitialiseNewQueue
                0x0000000008002a6e       0x46 FreeRTOS/queue.o
 .text.xQueueGenericSend
                0x0000000008002ab4      0x1f4 FreeRTOS/queue.o
                0x0000000008002ab4                xQueueGenericSend
 .text.xQueueGenericSendFromISR
                0x0000000008002ca8      0x128 FreeRTOS/queue.o
                0x0000000008002ca8                xQueueGenericSendFromISR
 .text.xQueueReceive
                0x0000000008002dd0      0x1b8 FreeRTOS/queue.o
                0x0000000008002dd0                xQueueReceive
 .text.prvCopyDataToQueue
                0x0000000008002f88       0xd4 FreeRTOS/queue.o
 .text.prvCopyDataFromQueue
                0x000000000800305c       0x4c FreeRTOS/queue.o
 .text.prvUnlockQueue
                0x00000000080030a8       0xa4 FreeRTOS/queue.o
 .text.prvIsQueueEmpty
                0x000000000800314c       0x2c FreeRTOS/queue.o
 .text.prvIsQueueFull
                0x0000000008003178       0x30 FreeRTOS/queue.o
 .text.vQueueAddToRegistry
                0x00000000080031a8       0x50 FreeRTOS/queue.o
                0x00000000080031a8                vQueueAddToRegistry
 .text.vQueueWaitForMessageRestricted
                0x00000000080031f8       0x68 FreeRTOS/queue.o
                0x00000000080031f8                vQueueWaitForMessageRestricted
 .text.xTaskCreate
                0x0000000008003260       0x82 FreeRTOS/tasks.o
                0x0000000008003260                xTaskCreate
 .text.Uint32ConvertHex
                0x00000000080032e2       0xe8 FreeRTOS/tasks.o
                0x00000000080032e2                Uint32ConvertHex
 *fill*         0x00000000080033ca        0x2 
 .text.TaskMonitor
                0x00000000080033cc      0x94c FreeRTOS/tasks.o
                0x00000000080033cc                TaskMonitor
 .text.prvInitialiseNewTask
                0x0000000008003d18      0x11c FreeRTOS/tasks.o
 .text.prvAddNewTaskToReadyList
                0x0000000008003e34       0xdc FreeRTOS/tasks.o
 .text.vTaskDelay
                0x0000000008003f10       0x68 FreeRTOS/tasks.o
                0x0000000008003f10                vTaskDelay
 .text.vTaskStartScheduler
                0x0000000008003f78       0x98 FreeRTOS/tasks.o
                0x0000000008003f78                vTaskStartScheduler
 .text.vTaskSuspendAll
                0x0000000008004010       0x1c FreeRTOS/tasks.o
                0x0000000008004010                vTaskSuspendAll
 .text.xTaskResumeAll
                0x000000000800402c      0x138 FreeRTOS/tasks.o
                0x000000000800402c                xTaskResumeAll
 .text.xTaskGetTickCount
                0x0000000008004164       0x20 FreeRTOS/tasks.o
                0x0000000008004164                xTaskGetTickCount
 .text.xTaskIncrementTick
                0x0000000008004184      0x170 FreeRTOS/tasks.o
                0x0000000008004184                xTaskIncrementTick
 .text.vTaskSwitchContext
                0x00000000080042f4       0xb4 FreeRTOS/tasks.o
                0x00000000080042f4                vTaskSwitchContext
 .text.vTaskPlaceOnEventList
                0x00000000080043a8       0x48 FreeRTOS/tasks.o
                0x00000000080043a8                vTaskPlaceOnEventList
 .text.vTaskPlaceOnEventListRestricted
                0x00000000080043f0       0x54 FreeRTOS/tasks.o
                0x00000000080043f0                vTaskPlaceOnEventListRestricted
 .text.xTaskRemoveFromEventList
                0x0000000008004444       0xc4 FreeRTOS/tasks.o
                0x0000000008004444                xTaskRemoveFromEventList
 .text.vTaskInternalSetTimeOutState
                0x0000000008004508       0x2c FreeRTOS/tasks.o
                0x0000000008004508                vTaskInternalSetTimeOutState
 .text.xTaskCheckForTimeOut
                0x0000000008004534       0xc0 FreeRTOS/tasks.o
                0x0000000008004534                xTaskCheckForTimeOut
 .text.vTaskMissedYield
                0x00000000080045f4       0x18 FreeRTOS/tasks.o
                0x00000000080045f4                vTaskMissedYield
 .text.prvIdleTask
                0x000000000800460c       0x30 FreeRTOS/tasks.o
 .text.prvInitialiseTaskLists
                0x000000000800463c       0x80 FreeRTOS/tasks.o
 .text.prvCheckTasksWaitingTermination
                0x00000000080046bc       0x58 FreeRTOS/tasks.o
 .text.prvDeleteTCB
                0x0000000008004714       0x20 FreeRTOS/tasks.o
 .text.prvResetNextTaskUnblockTime
                0x0000000008004734       0x40 FreeRTOS/tasks.o
 .text.xTaskGetSchedulerState
                0x0000000008004774       0x3c FreeRTOS/tasks.o
                0x0000000008004774                xTaskGetSchedulerState
 .text.xTaskPriorityDisinherit
                0x00000000080047b0      0x108 FreeRTOS/tasks.o
                0x00000000080047b0                xTaskPriorityDisinherit
 .text.prvAddCurrentTaskToDelayedList
                0x00000000080048b8       0xcc FreeRTOS/tasks.o
 .text.xTimerCreateTimerTask
                0x0000000008004984       0x64 FreeRTOS/timers.o
                0x0000000008004984                xTimerCreateTimerTask
 .text.xTimerGenericCommand
                0x00000000080049e8       0x98 FreeRTOS/timers.o
                0x00000000080049e8                xTimerGenericCommand
 .text.prvProcessExpiredTimer
                0x0000000008004a80       0x98 FreeRTOS/timers.o
 .text.prvTimerTask
                0x0000000008004b18       0x24 FreeRTOS/timers.o
 .text.prvProcessTimerOrBlockTask
                0x0000000008004b3c       0x9c FreeRTOS/timers.o
 .text.prvGetNextExpireTime
                0x0000000008004bd8       0x48 FreeRTOS/timers.o
 .text.prvSampleTimeNow
                0x0000000008004c20       0x40 FreeRTOS/timers.o
 .text.prvInsertTimerInActiveList
                0x0000000008004c60       0x84 FreeRTOS/timers.o
 .text.prvProcessReceivedCommands
                0x0000000008004ce4      0x188 FreeRTOS/timers.o
 .text.prvSwitchTimerLists
                0x0000000008004e6c       0xc8 FreeRTOS/timers.o
 .text.prvCheckForValidListAndQueue
                0x0000000008004f34       0x6c FreeRTOS/timers.o
 .text.pxPortInitialiseStack
                0x0000000008004fa0       0x68 FreeRTOS/portable/ARM_CM4F/port.o
                0x0000000008004fa0                pxPortInitialiseStack
 .text.prvTaskExitError
                0x0000000008005008       0x54 FreeRTOS/portable/ARM_CM4F/port.o
 *fill*         0x000000000800505c        0x4 
 .text.SVC_Handler
                0x0000000008005060       0x28 FreeRTOS/portable/ARM_CM4F/port.o
                0x0000000008005060                SVC_Handler
 .text.prvPortStartFirstTask
                0x0000000008005088       0x28 FreeRTOS/portable/ARM_CM4F/port.o
 .text.xPortStartScheduler
                0x00000000080050b0      0x15c FreeRTOS/portable/ARM_CM4F/port.o
                0x00000000080050b0                xPortStartScheduler
 .text.vPortEnterCritical
                0x000000000800520c       0x5c FreeRTOS/portable/ARM_CM4F/port.o
                0x000000000800520c                vPortEnterCritical
 .text.vPortExitCritical
                0x0000000008005268       0x50 FreeRTOS/portable/ARM_CM4F/port.o
                0x0000000008005268                vPortExitCritical
 *fill*         0x00000000080052b8        0x8 
 .text.PendSV_Handler
                0x00000000080052c0       0x68 FreeRTOS/portable/ARM_CM4F/port.o
                0x00000000080052c0                PendSV_Handler
 .text.SysTick_Handler
                0x0000000008005328       0x40 FreeRTOS/portable/ARM_CM4F/port.o
                0x0000000008005328                SysTick_Handler
 .text.vPortSetupTimerInterrupt
                0x0000000008005368       0x48 FreeRTOS/portable/ARM_CM4F/port.o
                0x0000000008005368                vPortSetupTimerInterrupt
 .text.vPortEnableVFP
                0x00000000080053b0       0x14 FreeRTOS/portable/ARM_CM4F/port.o
 .text.vPortValidateInterruptPriority
                0x00000000080053c4       0x7c FreeRTOS/portable/ARM_CM4F/port.o
                0x00000000080053c4                vPortValidateInterruptPriority
 .text.pvPortMalloc
                0x0000000008005440      0x184 FreeRTOS/portable/MemMang/heap_4.o
                0x0000000008005440                pvPortMalloc
 .text.vPortFree
                0x00000000080055c4       0xb0 FreeRTOS/portable/MemMang/heap_4.o
                0x00000000080055c4                vPortFree
 .text.prvHeapInit
                0x0000000008005674       0xc4 FreeRTOS/portable/MemMang/heap_4.o
 .text.prvInsertBlockIntoFreeList
                0x0000000008005738       0xb4 FreeRTOS/portable/MemMang/heap_4.o
 .text.__errno  0x00000000080057ec        0xc /opt/st/stm32cubeide_1.5.1/plugins/com.st.stm32cube.ide.mcu.externaltools.gnu-tools-for-stm32.7-2018-q2-update.linux64_1.5.0.202011040924/tools/bin/../lib/gcc/arm-none-eabi/7.3.1/../../../../arm-none-eabi/lib/thumb/v7e-m/fpv4-sp/hard/libc_nano.a(lib_a-errno.o)
                0x00000000080057ec                __errno
 .text.__libc_init_array
                0x00000000080057f8       0x48 /opt/st/stm32cubeide_1.5.1/plugins/com.st.stm32cube.ide.mcu.externaltools.gnu-tools-for-stm32.7-2018-q2-update.linux64_1.5.0.202011040924/tools/bin/../lib/gcc/arm-none-eabi/7.3.1/../../../../arm-none-eabi/lib/thumb/v7e-m/fpv4-sp/hard/libc_nano.a(lib_a-init.o)
                0x00000000080057f8                __libc_init_array
 .text.memcpy   0x0000000008005840       0x16 /opt/st/stm32cubeide_1.5.1/plugins/com.st.stm32cube.ide.mcu.externaltools.gnu-tools-for-stm32.7-2018-q2-update.linux64_1.5.0.202011040924/tools/bin/../lib/gcc/arm-none-eabi/7.3.1/../../../../arm-none-eabi/lib/thumb/v7e-m/fpv4-sp/hard/libc_nano.a(lib_a-memcpy-stub.o)
                0x0000000008005840                memcpy
 .text.memset   0x0000000008005856       0x10 /opt/st/stm32cubeide_1.5.1/plugins/com.st.stm32cube.ide.mcu.externaltools.gnu-tools-for-stm32.7-2018-q2-update.linux64_1.5.0.202011040924/tools/bin/../lib/gcc/arm-none-eabi/7.3.1/../../../../arm-none-eabi/lib/thumb/v7e-m/fpv4-sp/hard/libc_nano.a(lib_a-memset.o)
                0x0000000008005856                memset
 *fill*         0x0000000008005866        0x2 
 .text.sprintf  0x0000000008005868       0x40 /opt/st/stm32cubeide_1.5.1/plugins/com.st.stm32cube.ide.mcu.externaltools.gnu-tools-for-stm32.7-2018-q2-update.linux64_1.5.0.202011040924/tools/bin/../lib/gcc/arm-none-eabi/7.3.1/../../../../arm-none-eabi/lib/thumb/v7e-m/fpv4-sp/hard/libc_nano.a(lib_a-sprintf.o)
                0x0000000008005868                sprintf
                0x0000000008005868                siprintf
 .text.__ssputs_r
                0x00000000080058a8       0xb4 /opt/st/stm32cubeide_1.5.1/plugins/com.st.stm32cube.ide.mcu.externaltools.gnu-tools-for-stm32.7-2018-q2-update.linux64_1.5.0.202011040924/tools/bin/../lib/gcc/arm-none-eabi/7.3.1/../../../../arm-none-eabi/lib/thumb/v7e-m/fpv4-sp/hard/libc_nano.a(lib_a-nano-svfprintf.o)
                0x00000000080058a8                __ssputs_r
 .text._svfprintf_r
                0x000000000800595c      0x1f0 /opt/st/stm32cubeide_1.5.1/plugins/com.st.stm32cube.ide.mcu.externaltools.gnu-tools-for-stm32.7-2018-q2-update.linux64_1.5.0.202011040924/tools/bin/../lib/gcc/arm-none-eabi/7.3.1/../../../../arm-none-eabi/lib/thumb/v7e-m/fpv4-sp/hard/libc_nano.a(lib_a-nano-svfprintf.o)
                0x000000000800595c                _svfprintf_r
                0x000000000800595c                _svfiprintf_r
 .text._printf_common
                0x0000000008005b4c       0xea /opt/st/stm32cubeide_1.5.1/plugins/com.st.stm32cube.ide.mcu.externaltools.gnu-tools-for-stm32.7-2018-q2-update.linux64_1.5.0.202011040924/tools/bin/../lib/gcc/arm-none-eabi/7.3.1/../../../../arm-none-eabi/lib/thumb/v7e-m/fpv4-sp/hard/libc_nano.a(lib_a-nano-vfprintf_i.o)
                0x0000000008005b4c                _printf_common
 *fill*         0x0000000008005c36        0x2 
 .text._printf_i
                0x0000000008005c38      0x224 /opt/st/stm32cubeide_1.5.1/plugins/com.st.stm32cube.ide.mcu.externaltools.gnu-tools-for-stm32.7-2018-q2-update.linux64_1.5.0.202011040924/tools/bin/../lib/gcc/arm-none-eabi/7.3.1/../../../../arm-none-eabi/lib/thumb/v7e-m/fpv4-sp/hard/libc_nano.a(lib_a-nano-vfprintf_i.o)
                0x0000000008005c38                _printf_i
 .text.memmove  0x0000000008005e5c       0x32 /opt/st/stm32cubeide_1.5.1/plugins/com.st.stm32cube.ide.mcu.externaltools.gnu-tools-for-stm32.7-2018-q2-update.linux64_1.5.0.202011040924/tools/bin/../lib/gcc/arm-none-eabi/7.3.1/../../../../arm-none-eabi/lib/thumb/v7e-m/fpv4-sp/hard/libc_nano.a(lib_a-memmove.o)
                0x0000000008005e5c                memmove
 *fill*         0x0000000008005e8e        0x2 
 .text._free_r  0x0000000008005e90       0x9c /opt/st/stm32cubeide_1.5.1/plugins/com.st.stm32cube.ide.mcu.externaltools.gnu-tools-for-stm32.7-2018-q2-update.linux64_1.5.0.202011040924/tools/bin/../lib/gcc/arm-none-eabi/7.3.1/../../../../arm-none-eabi/lib/thumb/v7e-m/fpv4-sp/hard/libc_nano.a(lib_a-nano-freer.o)
                0x0000000008005e90                _free_r
 .text._malloc_r
                0x0000000008005f2c       0xb4 /opt/st/stm32cubeide_1.5.1/plugins/com.st.stm32cube.ide.mcu.externaltools.gnu-tools-for-stm32.7-2018-q2-update.linux64_1.5.0.202011040924/tools/bin/../lib/gcc/arm-none-eabi/7.3.1/../../../../arm-none-eabi/lib/thumb/v7e-m/fpv4-sp/hard/libc_nano.a(lib_a-nano-mallocr.o)
                0x0000000008005f2c                _malloc_r
 .text._realloc_r
                0x0000000008005fe0       0x4c /opt/st/stm32cubeide_1.5.1/plugins/com.st.stm32cube.ide.mcu.externaltools.gnu-tools-for-stm32.7-2018-q2-update.linux64_1.5.0.202011040924/tools/bin/../lib/gcc/arm-none-eabi/7.3.1/../../../../arm-none-eabi/lib/thumb/v7e-m/fpv4-sp/hard/libc_nano.a(lib_a-nano-reallocr.o)
                0x0000000008005fe0                _realloc_r
 .text._sbrk_r  0x000000000800602c       0x20 /opt/st/stm32cubeide_1.5.1/plugins/com.st.stm32cube.ide.mcu.externaltools.gnu-tools-for-stm32.7-2018-q2-update.linux64_1.5.0.202011040924/tools/bin/../lib/gcc/arm-none-eabi/7.3.1/../../../../arm-none-eabi/lib/thumb/v7e-m/fpv4-sp/hard/libc_nano.a(lib_a-sbrkr.o)
                0x000000000800602c                _sbrk_r
 .text.__malloc_lock
                0x000000000800604c        0x2 /opt/st/stm32cubeide_1.5.1/plugins/com.st.stm32cube.ide.mcu.externaltools.gnu-tools-for-stm32.7-2018-q2-update.linux64_1.5.0.202011040924/tools/bin/../lib/gcc/arm-none-eabi/7.3.1/../../../../arm-none-eabi/lib/thumb/v7e-m/fpv4-sp/hard/libc_nano.a(lib_a-mlock.o)
                0x000000000800604c                __malloc_lock
 .text.__malloc_unlock
                0x000000000800604e        0x2 /opt/st/stm32cubeide_1.5.1/plugins/com.st.stm32cube.ide.mcu.externaltools.gnu-tools-for-stm32.7-2018-q2-update.linux64_1.5.0.202011040924/tools/bin/../lib/gcc/arm-none-eabi/7.3.1/../../../../arm-none-eabi/lib/thumb/v7e-m/fpv4-sp/hard/libc_nano.a(lib_a-mlock.o)
                0x000000000800604e                __malloc_unlock
 .text._malloc_usable_size_r
                0x0000000008006050       0x10 /opt/st/stm32cubeide_1.5.1/plugins/com.st.stm32cube.ide.mcu.externaltools.gnu-tools-for-stm32.7-2018-q2-update.linux64_1.5.0.202011040924/tools/bin/../lib/gcc/arm-none-eabi/7.3.1/../../../../arm-none-eabi/lib/thumb/v7e-m/fpv4-sp/hard/libc_nano.a(lib_a-nano-msizer.o)
                0x0000000008006050                _malloc_usable_size_r
 *(.glue_7)
 .glue_7        0x0000000008006060        0x0 linker stubs
 *(.glue_7t)
 .glue_7t       0x0000000008006060        0x0 linker stubs
 *(.eh_frame)
 .eh_frame      0x0000000008006060        0x0 /opt/st/stm32cubeide_1.5.1/plugins/com.st.stm32cube.ide.mcu.externaltools.gnu-tools-for-stm32.7-2018-q2-update.linux64_1.5.0.202011040924/tools/bin/../lib/gcc/arm-none-eabi/7.3.1/thumb/v7e-m/fpv4-sp/hard/crtbegin.o
 *(.init)
 .init          0x0000000008006060        0x4 /opt/st/stm32cubeide_1.5.1/plugins/com.st.stm32cube.ide.mcu.externaltools.gnu-tools-for-stm32.7-2018-q2-update.linux64_1.5.0.202011040924/tools/bin/../lib/gcc/arm-none-eabi/7.3.1/thumb/v7e-m/fpv4-sp/hard/crti.o
                0x0000000008006060                _init
 .init          0x0000000008006064        0x8 /opt/st/stm32cubeide_1.5.1/plugins/com.st.stm32cube.ide.mcu.externaltools.gnu-tools-for-stm32.7-2018-q2-update.linux64_1.5.0.202011040924/tools/bin/../lib/gcc/arm-none-eabi/7.3.1/thumb/v7e-m/fpv4-sp/hard/crtn.o
 *(.fini)
 .fini          0x000000000800606c        0x4 /opt/st/stm32cubeide_1.5.1/plugins/com.st.stm32cube.ide.mcu.externaltools.gnu-tools-for-stm32.7-2018-q2-update.linux64_1.5.0.202011040924/tools/bin/../lib/gcc/arm-none-eabi/7.3.1/thumb/v7e-m/fpv4-sp/hard/crti.o
                0x000000000800606c                _fini
 .fini          0x0000000008006070        0x8 /opt/st/stm32cubeide_1.5.1/plugins/com.st.stm32cube.ide.mcu.externaltools.gnu-tools-for-stm32.7-2018-q2-update.linux64_1.5.0.202011040924/tools/bin/../lib/gcc/arm-none-eabi/7.3.1/thumb/v7e-m/fpv4-sp/hard/crtn.o
                0x0000000008006078                . = ALIGN (0x4)
                0x0000000008006078                _etext = .

.vfp11_veneer   0x0000000008006078        0x0
 .vfp11_veneer  0x0000000008006078        0x0 linker stubs

.v4_bx          0x0000000008006078        0x0
 .v4_bx         0x0000000008006078        0x0 linker stubs

.iplt           0x0000000008006078        0x0
 .iplt          0x0000000008006078        0x0 /opt/st/stm32cubeide_1.5.1/plugins/com.st.stm32cube.ide.mcu.externaltools.gnu-tools-for-stm32.7-2018-q2-update.linux64_1.5.0.202011040924/tools/bin/../lib/gcc/arm-none-eabi/7.3.1/thumb/v7e-m/fpv4-sp/hard/crtbegin.o

.rodata         0x0000000008006078      0x1b0
                0x0000000008006078                . = ALIGN (0x4)
 *(.rodata)
 .rodata        0x0000000008006078       0x2f Core/Src/main.o
 *fill*         0x00000000080060a7        0x1 
 .rodata        0x00000000080060a8      0x124 FreeRTOS/tasks.o
 .rodata        0x00000000080061cc        0xd FreeRTOS/timers.o
 *(.rodata*)
 *fill*         0x00000000080061d9        0x3 
 .rodata.AHBPrescTable
                0x00000000080061dc       0x10 Core/Src/system_stm32f4xx.o
                0x00000000080061dc                AHBPrescTable
 .rodata.APBPrescTable
                0x00000000080061ec        0x8 Core/Src/system_stm32f4xx.o
                0x00000000080061ec                APBPrescTable
 .rodata._svfprintf_r.str1.1
                0x00000000080061f4       0x11 /opt/st/stm32cubeide_1.5.1/plugins/com.st.stm32cube.ide.mcu.externaltools.gnu-tools-for-stm32.7-2018-q2-update.linux64_1.5.0.202011040924/tools/bin/../lib/gcc/arm-none-eabi/7.3.1/../../../../arm-none-eabi/lib/thumb/v7e-m/fpv4-sp/hard/libc_nano.a(lib_a-nano-svfprintf.o)
 .rodata._printf_i.str1.1
                0x0000000008006205       0x22 /opt/st/stm32cubeide_1.5.1/plugins/com.st.stm32cube.ide.mcu.externaltools.gnu-tools-for-stm32.7-2018-q2-update.linux64_1.5.0.202011040924/tools/bin/../lib/gcc/arm-none-eabi/7.3.1/../../../../arm-none-eabi/lib/thumb/v7e-m/fpv4-sp/hard/libc_nano.a(lib_a-nano-vfprintf_i.o)
                0x0000000008006228                . = ALIGN (0x4)
 *fill*         0x0000000008006227        0x1 

.ARM.extab      0x0000000008006228        0x0
                0x0000000008006228                . = ALIGN (0x4)
 *(.ARM.extab* .gnu.linkonce.armextab.*)
                0x0000000008006228                . = ALIGN (0x4)

.ARM            0x0000000008006228        0x8
                0x0000000008006228                . = ALIGN (0x4)
                0x0000000008006228                __exidx_start = .
 *(.ARM.exidx*)
 .ARM.exidx     0x0000000008006228        0x8 /opt/st/stm32cubeide_1.5.1/plugins/com.st.stm32cube.ide.mcu.externaltools.gnu-tools-for-stm32.7-2018-q2-update.linux64_1.5.0.202011040924/tools/bin/../lib/gcc/arm-none-eabi/7.3.1/thumb/v7e-m/fpv4-sp/hard/libgcc.a(_udivmoddi4.o)
                0x0000000008006230                __exidx_end = .
                0x0000000008006230                . = ALIGN (0x4)

.rel.dyn        0x0000000008006230        0x0
 .rel.iplt      0x0000000008006230        0x0 /opt/st/stm32cubeide_1.5.1/plugins/com.st.stm32cube.ide.mcu.externaltools.gnu-tools-for-stm32.7-2018-q2-update.linux64_1.5.0.202011040924/tools/bin/../lib/gcc/arm-none-eabi/7.3.1/thumb/v7e-m/fpv4-sp/hard/crtbegin.o

.preinit_array  0x0000000008006230        0x0
                0x0000000008006230                . = ALIGN (0x4)
                0x0000000008006230                PROVIDE (__preinit_array_start = .)
 *(.preinit_array*)
                0x0000000008006230                PROVIDE (__preinit_array_end = .)
                0x0000000008006230                . = ALIGN (0x4)

.init_array     0x0000000008006230        0x4
                0x0000000008006230                . = ALIGN (0x4)
                0x0000000008006230                PROVIDE (__init_array_start = .)
 *(SORT_BY_NAME(.init_array.*))
 *(.init_array*)
 .init_array    0x0000000008006230        0x4 /opt/st/stm32cubeide_1.5.1/plugins/com.st.stm32cube.ide.mcu.externaltools.gnu-tools-for-stm32.7-2018-q2-update.linux64_1.5.0.202011040924/tools/bin/../lib/gcc/arm-none-eabi/7.3.1/thumb/v7e-m/fpv4-sp/hard/crtbegin.o
                0x0000000008006234                PROVIDE (__init_array_end = .)
                0x0000000008006234                . = ALIGN (0x4)

.fini_array     0x0000000008006234        0x4
                0x0000000008006234                . = ALIGN (0x4)
                [!provide]                        PROVIDE (__fini_array_start = .)
 *(SORT_BY_NAME(.fini_array.*))
 *(.fini_array*)
 .fini_array    0x0000000008006234        0x4 /opt/st/stm32cubeide_1.5.1/plugins/com.st.stm32cube.ide.mcu.externaltools.gnu-tools-for-stm32.7-2018-q2-update.linux64_1.5.0.202011040924/tools/bin/../lib/gcc/arm-none-eabi/7.3.1/thumb/v7e-m/fpv4-sp/hard/crtbegin.o
                [!provide]                        PROVIDE (__fini_array_end = .)
                0x0000000008006238                . = ALIGN (0x4)
                0x0000000008006238                _sidata = LOADADDR (.data)

.data           0x0000000020000000       0x74 load address 0x0000000008006238
                0x0000000020000000                . = ALIGN (0x4)
                0x0000000020000000                _sdata = .
 *(.data)
 *(.data*)
 .data.SystemCoreClock
                0x0000000020000000        0x4 Core/Src/system_stm32f4xx.o
                0x0000000020000000                SystemCoreClock
 .data.uwTickPrio
                0x0000000020000004        0x4 Drivers/STM32F4xx_HAL_Driver/Src/stm32f4xx_hal.o
                0x0000000020000004                uwTickPrio
 .data.uwTickFreq
                0x0000000020000008        0x1 Drivers/STM32F4xx_HAL_Driver/Src/stm32f4xx_hal.o
                0x0000000020000008                uwTickFreq
 *fill*         0x0000000020000009        0x3 
 .data.uxCriticalNesting
                0x000000002000000c        0x4 FreeRTOS/portable/ARM_CM4F/port.o
 .data._impure_ptr
                0x0000000020000010        0x4 /opt/st/stm32cubeide_1.5.1/plugins/com.st.stm32cube.ide.mcu.externaltools.gnu-tools-for-stm32.7-2018-q2-update.linux64_1.5.0.202011040924/tools/bin/../lib/gcc/arm-none-eabi/7.3.1/../../../../arm-none-eabi/lib/thumb/v7e-m/fpv4-sp/hard/libc_nano.a(lib_a-impure.o)
                0x0000000020000010                _impure_ptr
 .data.impure_data
                0x0000000020000014       0x60 /opt/st/stm32cubeide_1.5.1/plugins/com.st.stm32cube.ide.mcu.externaltools.gnu-tools-for-stm32.7-2018-q2-update.linux64_1.5.0.202011040924/tools/bin/../lib/gcc/arm-none-eabi/7.3.1/../../../../arm-none-eabi/lib/thumb/v7e-m/fpv4-sp/hard/libc_nano.a(lib_a-impure.o)
 *(.RamFunc)
 *(.RamFunc*)
                0x0000000020000074                . = ALIGN (0x4)
                0x0000000020000074                _edata = .

.igot.plt       0x0000000020000074        0x0 load address 0x00000000080062ac
 .igot.plt      0x0000000020000074        0x0 /opt/st/stm32cubeide_1.5.1/plugins/com.st.stm32cube.ide.mcu.externaltools.gnu-tools-for-stm32.7-2018-q2-update.linux64_1.5.0.202011040924/tools/bin/../lib/gcc/arm-none-eabi/7.3.1/thumb/v7e-m/fpv4-sp/hard/crtbegin.o
                0x0000000020000074                . = ALIGN (0x4)

.bss            0x0000000020000074    0x131ac load address 0x00000000080062ac
                0x0000000020000074                _sbss = .
                0x0000000020000074                __bss_start__ = _sbss
 *(.bss)
 .bss           0x0000000020000074       0x1c /opt/st/stm32cubeide_1.5.1/plugins/com.st.stm32cube.ide.mcu.externaltools.gnu-tools-for-stm32.7-2018-q2-update.linux64_1.5.0.202011040924/tools/bin/../lib/gcc/arm-none-eabi/7.3.1/thumb/v7e-m/fpv4-sp/hard/crtbegin.o
 *(.bss*)
 .bss.__sbrk_heap_end
                0x0000000020000090        0x4 Core/Src/sysmem.o
 .bss.pxCurrentTCB
                0x0000000020000094        0x4 FreeRTOS/tasks.o
                0x0000000020000094                pxCurrentTCB
 .bss.pxReadyTasksLists
                0x0000000020000098      0x12c FreeRTOS/tasks.o
 .bss.xDelayedTaskList1
                0x00000000200001c4       0x14 FreeRTOS/tasks.o
 .bss.xDelayedTaskList2
                0x00000000200001d8       0x14 FreeRTOS/tasks.o
 .bss.pxDelayedTaskList
                0x00000000200001ec        0x4 FreeRTOS/tasks.o
 .bss.pxOverflowDelayedTaskList
                0x00000000200001f0        0x4 FreeRTOS/tasks.o
 .bss.xPendingReadyList
                0x00000000200001f4       0x14 FreeRTOS/tasks.o
 .bss.xTasksWaitingTermination
                0x0000000020000208       0x14 FreeRTOS/tasks.o
 .bss.uxDeletedTasksWaitingCleanUp
                0x000000002000021c        0x4 FreeRTOS/tasks.o
 .bss.xSuspendedTaskList
                0x0000000020000220       0x14 FreeRTOS/tasks.o
 .bss.uxCurrentNumberOfTasks
                0x0000000020000234        0x4 FreeRTOS/tasks.o
 .bss.xTickCount
                0x0000000020000238        0x4 FreeRTOS/tasks.o
 .bss.uxTopReadyPriority
                0x000000002000023c        0x4 FreeRTOS/tasks.o
 .bss.xSchedulerRunning
                0x0000000020000240        0x4 FreeRTOS/tasks.o
 .bss.uxPendedTicks
                0x0000000020000244        0x4 FreeRTOS/tasks.o
 .bss.xYieldPending
                0x0000000020000248        0x4 FreeRTOS/tasks.o
 .bss.xNumOfOverflows
                0x000000002000024c        0x4 FreeRTOS/tasks.o
 .bss.uxTaskNumber
                0x0000000020000250        0x4 FreeRTOS/tasks.o
 .bss.xNextTaskUnblockTime
                0x0000000020000254        0x4 FreeRTOS/tasks.o
 .bss.xIdleTaskHandle
                0x0000000020000258        0x4 FreeRTOS/tasks.o
 .bss.uxSchedulerSuspended
                0x000000002000025c        0x4 FreeRTOS/tasks.o
 .bss.xActiveTimerList1
                0x0000000020000260       0x14 FreeRTOS/timers.o
 .bss.xActiveTimerList2
                0x0000000020000274       0x14 FreeRTOS/timers.o
 .bss.pxCurrentTimerList
                0x0000000020000288        0x4 FreeRTOS/timers.o
 .bss.pxOverflowTimerList
                0x000000002000028c        0x4 FreeRTOS/timers.o
 .bss.xTimerQueue
                0x0000000020000290        0x4 FreeRTOS/timers.o
 .bss.xTimerTaskHandle
                0x0000000020000294        0x4 FreeRTOS/timers.o
 .bss.xLastTime.9282
                0x0000000020000298        0x4 FreeRTOS/timers.o
 .bss.ucMaxSysCallPriority
                0x000000002000029c        0x1 FreeRTOS/portable/ARM_CM4F/port.o
 *fill*         0x000000002000029d        0x3 
 .bss.ulMaxPRIGROUPValue
                0x00000000200002a0        0x4 FreeRTOS/portable/ARM_CM4F/port.o
 .bss.ucHeap    0x00000000200002a4    0x12c00 FreeRTOS/portable/MemMang/heap_4.o
 .bss.xStart    0x0000000020012ea4        0x8 FreeRTOS/portable/MemMang/heap_4.o
 .bss.pxEnd     0x0000000020012eac        0x4 FreeRTOS/portable/MemMang/heap_4.o
 .bss.xFreeBytesRemaining
                0x0000000020012eb0        0x4 FreeRTOS/portable/MemMang/heap_4.o
 .bss.xMinimumEverFreeBytesRemaining
                0x0000000020012eb4        0x4 FreeRTOS/portable/MemMang/heap_4.o
 .bss.xBlockAllocatedBit
                0x0000000020012eb8        0x4 FreeRTOS/portable/MemMang/heap_4.o
 .bss.__malloc_free_list
                0x0000000020012ebc        0x4 /opt/st/stm32cubeide_1.5.1/plugins/com.st.stm32cube.ide.mcu.externaltools.gnu-tools-for-stm32.7-2018-q2-update.linux64_1.5.0.202011040924/tools/bin/../lib/gcc/arm-none-eabi/7.3.1/../../../../arm-none-eabi/lib/thumb/v7e-m/fpv4-sp/hard/libc_nano.a(lib_a-nano-mallocr.o)
                0x0000000020012ebc                __malloc_free_list
 .bss.__malloc_sbrk_start
                0x0000000020012ec0        0x4 /opt/st/stm32cubeide_1.5.1/plugins/com.st.stm32cube.ide.mcu.externaltools.gnu-tools-for-stm32.7-2018-q2-update.linux64_1.5.0.202011040924/tools/bin/../lib/gcc/arm-none-eabi/7.3.1/../../../../arm-none-eabi/lib/thumb/v7e-m/fpv4-sp/hard/libc_nano.a(lib_a-nano-mallocr.o)
                0x0000000020012ec0                __malloc_sbrk_start
 *(COMMON)
 COMMON         0x0000000020012ec4       0x40 Core/Src/main.o
                0x0000000020012ec4                huart2
 COMMON         0x0000000020012f04       0x40 Core/Src/stm32f4xx_hal_timebase_tim.o
                0x0000000020012f04                htim7
 COMMON         0x0000000020012f44        0x4 Drivers/STM32F4xx_HAL_Driver/Src/stm32f4xx_hal.o
                0x0000000020012f44                uwTick
 COMMON         0x0000000020012f48       0x40 FreeRTOS/queue.o
                0x0000000020012f48                xQueueRegistry
 COMMON         0x0000000020012f88      0x292 FreeRTOS/tasks.o
                0x0000000020012f88                green_monitor
                0x0000000020012fd0                greenblink
                0x0000000020012ffc                task_monitor
                0x0000000020013044                redblink
                0x0000000020013070                delay_monitor
                0x00000000200130b8                ptr
                0x00000000200130bc                taskmonitor
                0x00000000200130e8                idletask
                0x0000000020013114                ptr2
                0x0000000020013118                idle_monitor
                0x0000000020013160                taskdelay
                0x000000002001318c                MonitorTset
                0x00000000200131d4                red_monitor
 *fill*         0x000000002001321a        0x2 
 COMMON         0x000000002001321c        0x4 /opt/st/stm32cubeide_1.5.1/plugins/com.st.stm32cube.ide.mcu.externaltools.gnu-tools-for-stm32.7-2018-q2-update.linux64_1.5.0.202011040924/tools/bin/../lib/gcc/arm-none-eabi/7.3.1/../../../../arm-none-eabi/lib/thumb/v7e-m/fpv4-sp/hard/libc_nano.a(lib_a-reent.o)
                0x000000002001321c                errno
                0x0000000020013220                . = ALIGN (0x4)
                0x0000000020013220                _ebss = .
                0x0000000020013220                __bss_end__ = _ebss

._user_heap_stack
                0x0000000020013220      0x600 load address 0x00000000080062ac
                0x0000000020013220                . = ALIGN (0x8)
                [!provide]                        PROVIDE (end = .)
                0x0000000020013220                PROVIDE (_end = .)
                0x0000000020013420                . = (. + _Min_Heap_Size)
 *fill*         0x0000000020013220      0x200 
                0x0000000020013820                . = (. + _Min_Stack_Size)
 *fill*         0x0000000020013420      0x400 
                0x0000000020013820                . = ALIGN (0x8)

/DISCARD/
 libc.a(*)
 libm.a(*)
 libgcc.a(*)

.ARM.attributes
                0x0000000000000000       0x30
 *(.ARM.attributes)
 .ARM.attributes
                0x0000000000000000       0x22 /opt/st/stm32cubeide_1.5.1/plugins/com.st.stm32cube.ide.mcu.externaltools.gnu-tools-for-stm32.7-2018-q2-update.linux64_1.5.0.202011040924/tools/bin/../lib/gcc/arm-none-eabi/7.3.1/thumb/v7e-m/fpv4-sp/hard/crti.o
 .ARM.attributes
                0x0000000000000022       0x34 /opt/st/stm32cubeide_1.5.1/plugins/com.st.stm32cube.ide.mcu.externaltools.gnu-tools-for-stm32.7-2018-q2-update.linux64_1.5.0.202011040924/tools/bin/../lib/gcc/arm-none-eabi/7.3.1/thumb/v7e-m/fpv4-sp/hard/crtbegin.o
 .ARM.attributes
                0x0000000000000056       0x39 Core/Src/main.o
 .ARM.attributes
                0x000000000000008f       0x39 Core/Src/stm32f4xx_hal_msp.o
 .ARM.attributes
                0x00000000000000c8       0x39 Core/Src/stm32f4xx_hal_timebase_tim.o
 .ARM.attributes
                0x0000000000000101       0x39 Core/Src/stm32f4xx_it.o
 .ARM.attributes
                0x000000000000013a       0x39 Core/Src/sysmem.o
 .ARM.attributes
                0x0000000000000173       0x39 Core/Src/system_stm32f4xx.o
 .ARM.attributes
                0x00000000000001ac       0x21 Core/Startup/startup_stm32f407vgtx.o
 .ARM.attributes
                0x00000000000001cd       0x39 Drivers/STM32F4xx_HAL_Driver/Src/stm32f4xx_hal.o
 .ARM.attributes
                0x0000000000000206       0x39 Drivers/STM32F4xx_HAL_Driver/Src/stm32f4xx_hal_cortex.o
 .ARM.attributes
                0x000000000000023f       0x39 Drivers/STM32F4xx_HAL_Driver/Src/stm32f4xx_hal_gpio.o
 .ARM.attributes
                0x0000000000000278       0x39 Drivers/STM32F4xx_HAL_Driver/Src/stm32f4xx_hal_rcc.o
 .ARM.attributes
                0x00000000000002b1       0x39 Drivers/STM32F4xx_HAL_Driver/Src/stm32f4xx_hal_tim.o
 .ARM.attributes
                0x00000000000002ea       0x39 Drivers/STM32F4xx_HAL_Driver/Src/stm32f4xx_hal_tim_ex.o
 .ARM.attributes
                0x0000000000000323       0x39 Drivers/STM32F4xx_HAL_Driver/Src/stm32f4xx_hal_uart.o
 .ARM.attributes
                0x000000000000035c       0x39 FreeRTOS/list.o
 .ARM.attributes
                0x0000000000000395       0x39 FreeRTOS/queue.o
 .ARM.attributes
                0x00000000000003ce       0x39 FreeRTOS/tasks.o
 .ARM.attributes
                0x0000000000000407       0x39 FreeRTOS/timers.o
 .ARM.attributes
                0x0000000000000440       0x39 FreeRTOS/portable/ARM_CM4F/port.o
 .ARM.attributes
                0x0000000000000479       0x39 FreeRTOS/portable/MemMang/heap_4.o
 .ARM.attributes
                0x00000000000004b2       0x34 /opt/st/stm32cubeide_1.5.1/plugins/com.st.stm32cube.ide.mcu.externaltools.gnu-tools-for-stm32.7-2018-q2-update.linux64_1.5.0.202011040924/tools/bin/../lib/gcc/arm-none-eabi/7.3.1/../../../../arm-none-eabi/lib/thumb/v7e-m/fpv4-sp/hard/libc_nano.a(lib_a-errno.o)
 .ARM.attributes
                0x00000000000004e6       0x34 /opt/st/stm32cubeide_1.5.1/plugins/com.st.stm32cube.ide.mcu.externaltools.gnu-tools-for-stm32.7-2018-q2-update.linux64_1.5.0.202011040924/tools/bin/../lib/gcc/arm-none-eabi/7.3.1/../../../../arm-none-eabi/lib/thumb/v7e-m/fpv4-sp/hard/libc_nano.a(lib_a-impure.o)
 .ARM.attributes
                0x000000000000051a       0x34 /opt/st/stm32cubeide_1.5.1/plugins/com.st.stm32cube.ide.mcu.externaltools.gnu-tools-for-stm32.7-2018-q2-update.linux64_1.5.0.202011040924/tools/bin/../lib/gcc/arm-none-eabi/7.3.1/../../../../arm-none-eabi/lib/thumb/v7e-m/fpv4-sp/hard/libc_nano.a(lib_a-init.o)
 .ARM.attributes
                0x000000000000054e       0x34 /opt/st/stm32cubeide_1.5.1/plugins/com.st.stm32cube.ide.mcu.externaltools.gnu-tools-for-stm32.7-2018-q2-update.linux64_1.5.0.202011040924/tools/bin/../lib/gcc/arm-none-eabi/7.3.1/../../../../arm-none-eabi/lib/thumb/v7e-m/fpv4-sp/hard/libc_nano.a(lib_a-memcpy-stub.o)
 .ARM.attributes
                0x0000000000000582       0x34 /opt/st/stm32cubeide_1.5.1/plugins/com.st.stm32cube.ide.mcu.externaltools.gnu-tools-for-stm32.7-2018-q2-update.linux64_1.5.0.202011040924/tools/bin/../lib/gcc/arm-none-eabi/7.3.1/../../../../arm-none-eabi/lib/thumb/v7e-m/fpv4-sp/hard/libc_nano.a(lib_a-memset.o)
 .ARM.attributes
                0x00000000000005b6       0x34 /opt/st/stm32cubeide_1.5.1/plugins/com.st.stm32cube.ide.mcu.externaltools.gnu-tools-for-stm32.7-2018-q2-update.linux64_1.5.0.202011040924/tools/bin/../lib/gcc/arm-none-eabi/7.3.1/../../../../arm-none-eabi/lib/thumb/v7e-m/fpv4-sp/hard/libc_nano.a(lib_a-sprintf.o)
 .ARM.attributes
                0x00000000000005ea       0x20 /opt/st/stm32cubeide_1.5.1/plugins/com.st.stm32cube.ide.mcu.externaltools.gnu-tools-for-stm32.7-2018-q2-update.linux64_1.5.0.202011040924/tools/bin/../lib/gcc/arm-none-eabi/7.3.1/../../../../arm-none-eabi/lib/thumb/v7e-m/fpv4-sp/hard/libc_nano.a(lib_a-strcmp.o)
 .ARM.attributes
                0x000000000000060a       0x1b /opt/st/stm32cubeide_1.5.1/plugins/com.st.stm32cube.ide.mcu.externaltools.gnu-tools-for-stm32.7-2018-q2-update.linux64_1.5.0.202011040924/tools/bin/../lib/gcc/arm-none-eabi/7.3.1/../../../../arm-none-eabi/lib/thumb/v7e-m/fpv4-sp/hard/libc_nano.a(lib_a-strlen.o)
 .ARM.attributes
                0x0000000000000625       0x34 /opt/st/stm32cubeide_1.5.1/plugins/com.st.stm32cube.ide.mcu.externaltools.gnu-tools-for-stm32.7-2018-q2-update.linux64_1.5.0.202011040924/tools/bin/../lib/gcc/arm-none-eabi/7.3.1/../../../../arm-none-eabi/lib/thumb/v7e-m/fpv4-sp/hard/libc_nano.a(lib_a-nano-svfprintf.o)
 .ARM.attributes
                0x0000000000000659       0x34 /opt/st/stm32cubeide_1.5.1/plugins/com.st.stm32cube.ide.mcu.externaltools.gnu-tools-for-stm32.7-2018-q2-update.linux64_1.5.0.202011040924/tools/bin/../lib/gcc/arm-none-eabi/7.3.1/../../../../arm-none-eabi/lib/thumb/v7e-m/fpv4-sp/hard/libc_nano.a(lib_a-nano-vfprintf_i.o)
 .ARM.attributes
                0x000000000000068d       0x20 /opt/st/stm32cubeide_1.5.1/plugins/com.st.stm32cube.ide.mcu.externaltools.gnu-tools-for-stm32.7-2018-q2-update.linux64_1.5.0.202011040924/tools/bin/../lib/gcc/arm-none-eabi/7.3.1/../../../../arm-none-eabi/lib/thumb/v7e-m/fpv4-sp/hard/libc_nano.a(lib_a-memchr.o)
 .ARM.attributes
                0x00000000000006ad       0x34 /opt/st/stm32cubeide_1.5.1/plugins/com.st.stm32cube.ide.mcu.externaltools.gnu-tools-for-stm32.7-2018-q2-update.linux64_1.5.0.202011040924/tools/bin/../lib/gcc/arm-none-eabi/7.3.1/../../../../arm-none-eabi/lib/thumb/v7e-m/fpv4-sp/hard/libc_nano.a(lib_a-memmove.o)
 .ARM.attributes
                0x00000000000006e1       0x34 /opt/st/stm32cubeide_1.5.1/plugins/com.st.stm32cube.ide.mcu.externaltools.gnu-tools-for-stm32.7-2018-q2-update.linux64_1.5.0.202011040924/tools/bin/../lib/gcc/arm-none-eabi/7.3.1/../../../../arm-none-eabi/lib/thumb/v7e-m/fpv4-sp/hard/libc_nano.a(lib_a-nano-freer.o)
 .ARM.attributes
                0x0000000000000715       0x34 /opt/st/stm32cubeide_1.5.1/plugins/com.st.stm32cube.ide.mcu.externaltools.gnu-tools-for-stm32.7-2018-q2-update.linux64_1.5.0.202011040924/tools/bin/../lib/gcc/arm-none-eabi/7.3.1/../../../../arm-none-eabi/lib/thumb/v7e-m/fpv4-sp/hard/libc_nano.a(lib_a-nano-mallocr.o)
 .ARM.attributes
                0x0000000000000749       0x34 /opt/st/stm32cubeide_1.5.1/plugins/com.st.stm32cube.ide.mcu.externaltools.gnu-tools-for-stm32.7-2018-q2-update.linux64_1.5.0.202011040924/tools/bin/../lib/gcc/arm-none-eabi/7.3.1/../../../../arm-none-eabi/lib/thumb/v7e-m/fpv4-sp/hard/libc_nano.a(lib_a-nano-reallocr.o)
 .ARM.attributes
                0x000000000000077d       0x34 /opt/st/stm32cubeide_1.5.1/plugins/com.st.stm32cube.ide.mcu.externaltools.gnu-tools-for-stm32.7-2018-q2-update.linux64_1.5.0.202011040924/tools/bin/../lib/gcc/arm-none-eabi/7.3.1/../../../../arm-none-eabi/lib/thumb/v7e-m/fpv4-sp/hard/libc_nano.a(lib_a-sbrkr.o)
 .ARM.attributes
                0x00000000000007b1       0x34 /opt/st/stm32cubeide_1.5.1/plugins/com.st.stm32cube.ide.mcu.externaltools.gnu-tools-for-stm32.7-2018-q2-update.linux64_1.5.0.202011040924/tools/bin/../lib/gcc/arm-none-eabi/7.3.1/../../../../arm-none-eabi/lib/thumb/v7e-m/fpv4-sp/hard/libc_nano.a(lib_a-mlock.o)
 .ARM.attributes
                0x00000000000007e5       0x34 /opt/st/stm32cubeide_1.5.1/plugins/com.st.stm32cube.ide.mcu.externaltools.gnu-tools-for-stm32.7-2018-q2-update.linux64_1.5.0.202011040924/tools/bin/../lib/gcc/arm-none-eabi/7.3.1/../../../../arm-none-eabi/lib/thumb/v7e-m/fpv4-sp/hard/libc_nano.a(lib_a-nano-msizer.o)
 .ARM.attributes
                0x0000000000000819       0x34 /opt/st/stm32cubeide_1.5.1/plugins/com.st.stm32cube.ide.mcu.externaltools.gnu-tools-for-stm32.7-2018-q2-update.linux64_1.5.0.202011040924/tools/bin/../lib/gcc/arm-none-eabi/7.3.1/../../../../arm-none-eabi/lib/thumb/v7e-m/fpv4-sp/hard/libc_nano.a(lib_a-reent.o)
 .ARM.attributes
                0x000000000000084d       0x22 /opt/st/stm32cubeide_1.5.1/plugins/com.st.stm32cube.ide.mcu.externaltools.gnu-tools-for-stm32.7-2018-q2-update.linux64_1.5.0.202011040924/tools/bin/../lib/gcc/arm-none-eabi/7.3.1/thumb/v7e-m/fpv4-sp/hard/libgcc.a(_aeabi_uldivmod.o)
 .ARM.attributes
                0x000000000000086f       0x34 /opt/st/stm32cubeide_1.5.1/plugins/com.st.stm32cube.ide.mcu.externaltools.gnu-tools-for-stm32.7-2018-q2-update.linux64_1.5.0.202011040924/tools/bin/../lib/gcc/arm-none-eabi/7.3.1/thumb/v7e-m/fpv4-sp/hard/libgcc.a(_udivmoddi4.o)
 .ARM.attributes
                0x00000000000008a3       0x22 /opt/st/stm32cubeide_1.5.1/plugins/com.st.stm32cube.ide.mcu.externaltools.gnu-tools-for-stm32.7-2018-q2-update.linux64_1.5.0.202011040924/tools/bin/../lib/gcc/arm-none-eabi/7.3.1/thumb/v7e-m/fpv4-sp/hard/libgcc.a(_dvmd_tls.o)
 .ARM.attributes
                0x00000000000008c5       0x22 /opt/st/stm32cubeide_1.5.1/plugins/com.st.stm32cube.ide.mcu.externaltools.gnu-tools-for-stm32.7-2018-q2-update.linux64_1.5.0.202011040924/tools/bin/../lib/gcc/arm-none-eabi/7.3.1/thumb/v7e-m/fpv4-sp/hard/crtn.o
OUTPUT(Embedded_OS_Lab3_P76091331.elf elf32-littlearm)

.debug_info     0x0000000000000000    0x143ec
 .debug_info    0x0000000000000000     0x164c Core/Src/main.o
 .debug_info    0x000000000000164c      0x941 Core/Src/stm32f4xx_hal_msp.o
 .debug_info    0x0000000000001f8d      0xb2d Core/Src/stm32f4xx_hal_timebase_tim.o
 .debug_info    0x0000000000002aba      0x6b8 Core/Src/stm32f4xx_it.o
 .debug_info    0x0000000000003172      0x985 Core/Src/sysmem.o
 .debug_info    0x0000000000003af7      0x554 Core/Src/system_stm32f4xx.o
 .debug_info    0x000000000000404b       0x22 Core/Startup/startup_stm32f407vgtx.o
 .debug_info    0x000000000000406d      0x945 Drivers/STM32F4xx_HAL_Driver/Src/stm32f4xx_hal.o
 .debug_info    0x00000000000049b2      0xe28 Drivers/STM32F4xx_HAL_Driver/Src/stm32f4xx_hal_cortex.o
 .debug_info    0x00000000000057da      0x7b5 Drivers/STM32F4xx_HAL_Driver/Src/stm32f4xx_hal_gpio.o
 .debug_info    0x0000000000005f8f      0x904 Drivers/STM32F4xx_HAL_Driver/Src/stm32f4xx_hal_rcc.o
 .debug_info    0x0000000000006893     0x24a9 Drivers/STM32F4xx_HAL_Driver/Src/stm32f4xx_hal_tim.o
 .debug_info    0x0000000000008d3c     0x1157 Drivers/STM32F4xx_HAL_Driver/Src/stm32f4xx_hal_tim_ex.o
 .debug_info    0x0000000000009e93     0x124c Drivers/STM32F4xx_HAL_Driver/Src/stm32f4xx_hal_uart.o
 .debug_info    0x000000000000b0df      0xacb FreeRTOS/list.o
 .debug_info    0x000000000000bbaa     0x244c FreeRTOS/queue.o
 .debug_info    0x000000000000dff6     0x2ecf FreeRTOS/tasks.o
 .debug_info    0x0000000000010ec5     0x198f FreeRTOS/timers.o
 .debug_info    0x0000000000012854      0xa81 FreeRTOS/portable/ARM_CM4F/port.o
 .debug_info    0x00000000000132d5     0x1117 FreeRTOS/portable/MemMang/heap_4.o

.debug_abbrev   0x0000000000000000     0x2ac9
 .debug_abbrev  0x0000000000000000      0x2de Core/Src/main.o
 .debug_abbrev  0x00000000000002de      0x18c Core/Src/stm32f4xx_hal_msp.o
 .debug_abbrev  0x000000000000046a      0x19d Core/Src/stm32f4xx_hal_timebase_tim.o
 .debug_abbrev  0x0000000000000607      0x15a Core/Src/stm32f4xx_it.o
 .debug_abbrev  0x0000000000000761      0x19b Core/Src/sysmem.o
 .debug_abbrev  0x00000000000008fc      0x12b Core/Src/system_stm32f4xx.o
 .debug_abbrev  0x0000000000000a27       0x12 Core/Startup/startup_stm32f407vgtx.o
 .debug_abbrev  0x0000000000000a39      0x1c7 Drivers/STM32F4xx_HAL_Driver/Src/stm32f4xx_hal.o
 .debug_abbrev  0x0000000000000c00      0x2fa Drivers/STM32F4xx_HAL_Driver/Src/stm32f4xx_hal_cortex.o
 .debug_abbrev  0x0000000000000efa      0x1c9 Drivers/STM32F4xx_HAL_Driver/Src/stm32f4xx_hal_gpio.o
 .debug_abbrev  0x00000000000010c3      0x245 Drivers/STM32F4xx_HAL_Driver/Src/stm32f4xx_hal_rcc.o
 .debug_abbrev  0x0000000000001308      0x230 Drivers/STM32F4xx_HAL_Driver/Src/stm32f4xx_hal_tim.o
 .debug_abbrev  0x0000000000001538      0x21e Drivers/STM32F4xx_HAL_Driver/Src/stm32f4xx_hal_tim_ex.o
 .debug_abbrev  0x0000000000001756      0x242 Drivers/STM32F4xx_HAL_Driver/Src/stm32f4xx_hal_uart.o
 .debug_abbrev  0x0000000000001998      0x1cf FreeRTOS/list.o
 .debug_abbrev  0x0000000000001b67      0x343 FreeRTOS/queue.o
 .debug_abbrev  0x0000000000001eaa      0x381 FreeRTOS/tasks.o
 .debug_abbrev  0x000000000000222b      0x300 FreeRTOS/timers.o
 .debug_abbrev  0x000000000000252b      0x2c1 FreeRTOS/portable/ARM_CM4F/port.o
 .debug_abbrev  0x00000000000027ec      0x2dd FreeRTOS/portable/MemMang/heap_4.o

.debug_aranges  0x0000000000000000     0x1048
 .debug_aranges
                0x0000000000000000       0x68 Core/Src/main.o
 .debug_aranges
                0x0000000000000068       0x30 Core/Src/stm32f4xx_hal_msp.o
 .debug_aranges
                0x0000000000000098       0x30 Core/Src/stm32f4xx_hal_timebase_tim.o
 .debug_aranges
                0x00000000000000c8       0x50 Core/Src/stm32f4xx_it.o
 .debug_aranges
                0x0000000000000118       0x20 Core/Src/sysmem.o
 .debug_aranges
                0x0000000000000138       0x28 Core/Src/system_stm32f4xx.o
 .debug_aranges
                0x0000000000000160       0x28 Core/Startup/startup_stm32f407vgtx.o
 .debug_aranges
                0x0000000000000188       0xf0 Drivers/STM32F4xx_HAL_Driver/Src/stm32f4xx_hal.o
 .debug_aranges
                0x0000000000000278      0x118 Drivers/STM32F4xx_HAL_Driver/Src/stm32f4xx_hal_cortex.o
 .debug_aranges
                0x0000000000000390       0x58 Drivers/STM32F4xx_HAL_Driver/Src/stm32f4xx_hal_gpio.o
 .debug_aranges
                0x00000000000003e8       0x88 Drivers/STM32F4xx_HAL_Driver/Src/stm32f4xx_hal_rcc.o
 .debug_aranges
                0x0000000000000470      0x3a8 Drivers/STM32F4xx_HAL_Driver/Src/stm32f4xx_hal_tim.o
 .debug_aranges
                0x0000000000000818      0x150 Drivers/STM32F4xx_HAL_Driver/Src/stm32f4xx_hal_tim_ex.o
 .debug_aranges
                0x0000000000000968      0x1d0 Drivers/STM32F4xx_HAL_Driver/Src/stm32f4xx_hal_uart.o
 .debug_aranges
                0x0000000000000b38       0x40 FreeRTOS/list.o
 .debug_aranges
                0x0000000000000b78      0x130 FreeRTOS/queue.o
 .debug_aranges
                0x0000000000000ca8      0x200 FreeRTOS/tasks.o
 .debug_aranges
                0x0000000000000ea8       0xd0 FreeRTOS/timers.o
 .debug_aranges
                0x0000000000000f78       0x80 FreeRTOS/portable/ARM_CM4F/port.o
 .debug_aranges
                0x0000000000000ff8       0x50 FreeRTOS/portable/MemMang/heap_4.o

.debug_ranges   0x0000000000000000      0xf10
 .debug_ranges  0x0000000000000000       0x58 Core/Src/main.o
 .debug_ranges  0x0000000000000058       0x20 Core/Src/stm32f4xx_hal_msp.o
 .debug_ranges  0x0000000000000078       0x20 Core/Src/stm32f4xx_hal_timebase_tim.o
 .debug_ranges  0x0000000000000098       0x40 Core/Src/stm32f4xx_it.o
 .debug_ranges  0x00000000000000d8       0x10 Core/Src/sysmem.o
 .debug_ranges  0x00000000000000e8       0x18 Core/Src/system_stm32f4xx.o
 .debug_ranges  0x0000000000000100       0x20 Core/Startup/startup_stm32f407vgtx.o
 .debug_ranges  0x0000000000000120       0xe0 Drivers/STM32F4xx_HAL_Driver/Src/stm32f4xx_hal.o
 .debug_ranges  0x0000000000000200      0x108 Drivers/STM32F4xx_HAL_Driver/Src/stm32f4xx_hal_cortex.o
 .debug_ranges  0x0000000000000308       0x48 Drivers/STM32F4xx_HAL_Driver/Src/stm32f4xx_hal_gpio.o
 .debug_ranges  0x0000000000000350       0x78 Drivers/STM32F4xx_HAL_Driver/Src/stm32f4xx_hal_rcc.o
 .debug_ranges  0x00000000000003c8      0x398 Drivers/STM32F4xx_HAL_Driver/Src/stm32f4xx_hal_tim.o
 .debug_ranges  0x0000000000000760      0x140 Drivers/STM32F4xx_HAL_Driver/Src/stm32f4xx_hal_tim_ex.o
 .debug_ranges  0x00000000000008a0      0x1c0 Drivers/STM32F4xx_HAL_Driver/Src/stm32f4xx_hal_uart.o
 .debug_ranges  0x0000000000000a60       0x30 FreeRTOS/list.o
 .debug_ranges  0x0000000000000a90      0x120 FreeRTOS/queue.o
 .debug_ranges  0x0000000000000bb0      0x1f0 FreeRTOS/tasks.o
 .debug_ranges  0x0000000000000da0       0xc0 FreeRTOS/timers.o
 .debug_ranges  0x0000000000000e60       0x70 FreeRTOS/portable/ARM_CM4F/port.o
 .debug_ranges  0x0000000000000ed0       0x40 FreeRTOS/portable/MemMang/heap_4.o

.debug_macro    0x0000000000000000    0x22d16
 .debug_macro   0x0000000000000000      0x39b Core/Src/main.o
 .debug_macro   0x000000000000039b      0xa5a Core/Src/main.o
 .debug_macro   0x0000000000000df5      0x294 Core/Src/main.o
 .debug_macro   0x0000000000001089       0x2e Core/Src/main.o
 .debug_macro   0x00000000000010b7       0x2f Core/Src/main.o
 .debug_macro   0x00000000000010e6       0x22 Core/Src/main.o
 .debug_macro   0x0000000000001108       0x8e Core/Src/main.o
 .debug_macro   0x0000000000001196       0x51 Core/Src/main.o
 .debug_macro   0x00000000000011e7       0xef Core/Src/main.o
 .debug_macro   0x00000000000012d6       0x6a Core/Src/main.o
 .debug_macro   0x0000000000001340      0x1df Core/Src/main.o
 .debug_macro   0x000000000000151f       0x1c Core/Src/main.o
 .debug_macro   0x000000000000153b       0x22 Core/Src/main.o
 .debug_macro   0x000000000000155d       0xdf Core/Src/main.o
 .debug_macro   0x000000000000163c     0x102d Core/Src/main.o
 .debug_macro   0x0000000000002669      0x11f Core/Src/main.o
 .debug_macro   0x0000000000002788    0x15e3c Core/Src/main.o
 .debug_macro   0x00000000000185c4       0x43 Core/Src/main.o
 .debug_macro   0x0000000000018607     0x3659 Core/Src/main.o
 .debug_macro   0x000000000001bc60      0x174 Core/Src/main.o
 .debug_macro   0x000000000001bdd4       0x5a Core/Src/main.o
 .debug_macro   0x000000000001be2e      0x96b Core/Src/main.o
 .debug_macro   0x000000000001c799      0x9fe Core/Src/main.o
 .debug_macro   0x000000000001d197      0x117 Core/Src/main.o
 .debug_macro   0x000000000001d2ae      0x13e Core/Src/main.o
 .debug_macro   0x000000000001d3ec       0x27 Core/Src/main.o
 .debug_macro   0x000000000001d413      0x174 Core/Src/main.o
 .debug_macro   0x000000000001d587      0x287 Core/Src/main.o
 .debug_macro   0x000000000001d80e       0x5f Core/Src/main.o
 .debug_macro   0x000000000001d86d      0x236 Core/Src/main.o
 .debug_macro   0x000000000001daa3      0x12c Core/Src/main.o
 .debug_macro   0x000000000001dbcf      0x21e Core/Src/main.o
 .debug_macro   0x000000000001dded       0x2e Core/Src/main.o
 .debug_macro   0x000000000001de1b      0x11a Core/Src/main.o
 .debug_macro   0x000000000001df35       0x7e Core/Src/main.o
 .debug_macro   0x000000000001dfb3       0x89 Core/Src/main.o
 .debug_macro   0x000000000001e03c      0x8a0 Core/Src/main.o
 .debug_macro   0x000000000001e8dc       0x47 Core/Src/main.o
 .debug_macro   0x000000000001e923      0x287 Core/Src/main.o
 .debug_macro   0x000000000001ebaa      0x12d Core/Src/main.o
 .debug_macro   0x000000000001ecd7       0x1c Core/Src/main.o
 .debug_macro   0x000000000001ecf3      0x10c Core/Src/main.o
 .debug_macro   0x000000000001edff      0x15a Core/Src/main.o
 .debug_macro   0x000000000001ef59       0xe4 Core/Src/main.o
 .debug_macro   0x000000000001f03d       0x1c Core/Src/main.o
 .debug_macro   0x000000000001f059       0x26 Core/Src/main.o
 .debug_macro   0x000000000001f07f      0x4cc Core/Src/main.o
 .debug_macro   0x000000000001f54b       0xbc Core/Src/main.o
 .debug_macro   0x000000000001f607       0xaa Core/Src/main.o
 .debug_macro   0x000000000001f6b1       0x46 Core/Src/main.o
 .debug_macro   0x000000000001f6f7       0x18 Core/Src/main.o
 .debug_macro   0x000000000001f70f       0x3c Core/Src/main.o
 .debug_macro   0x000000000001f74b       0x34 Core/Src/main.o
 .debug_macro   0x000000000001f77f       0x16 Core/Src/main.o
 .debug_macro   0x000000000001f795       0x35 Core/Src/main.o
 .debug_macro   0x000000000001f7ca      0x32a Core/Src/main.o
 .debug_macro   0x000000000001faf4       0x10 Core/Src/main.o
 .debug_macro   0x000000000001fb04       0x52 Core/Src/main.o
 .debug_macro   0x000000000001fb56       0x1f Core/Src/main.o
 .debug_macro   0x000000000001fb75       0x43 Core/Src/main.o
 .debug_macro   0x000000000001fbb8       0x20 Core/Src/main.o
 .debug_macro   0x000000000001fbd8      0x1a3 Core/Src/main.o
 .debug_macro   0x000000000001fd7b       0x10 Core/Src/main.o
 .debug_macro   0x000000000001fd8b       0x1c Core/Src/main.o
 .debug_macro   0x000000000001fda7       0x52 Core/Src/main.o
 .debug_macro   0x000000000001fdf9       0x40 Core/Src/main.o
 .debug_macro   0x000000000001fe39       0x10 Core/Src/main.o
 .debug_macro   0x000000000001fe49       0x40 Core/Src/main.o
 .debug_macro   0x000000000001fe89       0xd7 Core/Src/main.o
 .debug_macro   0x000000000001ff60       0x1c Core/Src/main.o
 .debug_macro   0x000000000001ff7c       0x3d Core/Src/main.o
 .debug_macro   0x000000000001ffb9       0x16 Core/Src/main.o
 .debug_macro   0x000000000001ffcf      0x145 Core/Src/main.o
 .debug_macro   0x0000000000020114      0x1dd Core/Src/stm32f4xx_hal_msp.o
 .debug_macro   0x00000000000202f1      0x1ce Core/Src/stm32f4xx_hal_timebase_tim.o
 .debug_macro   0x00000000000204bf      0x1e7 Core/Src/stm32f4xx_it.o
 .debug_macro   0x00000000000206a6       0xee Core/Src/sysmem.o
 .debug_macro   0x0000000000020794      0x23b Core/Src/sysmem.o
 .debug_macro   0x00000000000209cf      0x1d4 Core/Src/system_stm32f4xx.o
 .debug_macro   0x0000000000020ba3      0x22e Drivers/STM32F4xx_HAL_Driver/Src/stm32f4xx_hal.o
 .debug_macro   0x0000000000020dd1      0x1ce Drivers/STM32F4xx_HAL_Driver/Src/stm32f4xx_hal_cortex.o
 .debug_macro   0x0000000000020f9f      0x204 Drivers/STM32F4xx_HAL_Driver/Src/stm32f4xx_hal_gpio.o
 .debug_macro   0x00000000000211a3      0x1f2 Drivers/STM32F4xx_HAL_Driver/Src/stm32f4xx_hal_rcc.o
 .debug_macro   0x0000000000021395      0x1cf Drivers/STM32F4xx_HAL_Driver/Src/stm32f4xx_hal_tim.o
 .debug_macro   0x0000000000021564      0x1ce Drivers/STM32F4xx_HAL_Driver/Src/stm32f4xx_hal_tim_ex.o
 .debug_macro   0x0000000000021732      0x1cf Drivers/STM32F4xx_HAL_Driver/Src/stm32f4xx_hal_uart.o
 .debug_macro   0x0000000000021901      0x17a FreeRTOS/list.o
 .debug_macro   0x0000000000021a7b      0x36f FreeRTOS/queue.o
 .debug_macro   0x0000000000021dea       0x16 FreeRTOS/queue.o
 .debug_macro   0x0000000000021e00       0x20 FreeRTOS/queue.o
 .debug_macro   0x0000000000021e20       0x80 FreeRTOS/queue.o
 .debug_macro   0x0000000000021ea0      0x497 FreeRTOS/tasks.o
 .debug_macro   0x0000000000022337       0x10 FreeRTOS/tasks.o
 .debug_macro   0x0000000000022347      0x335 FreeRTOS/timers.o
 .debug_macro   0x000000000002267c       0x97 FreeRTOS/timers.o
 .debug_macro   0x0000000000022713      0x2fc FreeRTOS/portable/ARM_CM4F/port.o
 .debug_macro   0x0000000000022a0f      0x307 FreeRTOS/portable/MemMang/heap_4.o

.debug_line     0x0000000000000000     0xd6b5
 .debug_line    0x0000000000000000      0xabb Core/Src/main.o
 .debug_line    0x0000000000000abb      0x6cc Core/Src/stm32f4xx_hal_msp.o
 .debug_line    0x0000000000001187      0x6d1 Core/Src/stm32f4xx_hal_timebase_tim.o
 .debug_line    0x0000000000001858      0x723 Core/Src/stm32f4xx_it.o
 .debug_line    0x0000000000001f7b      0x49a Core/Src/sysmem.o
 .debug_line    0x0000000000002415      0x6b8 Core/Src/system_stm32f4xx.o
 .debug_line    0x0000000000002acd       0x85 Core/Startup/startup_stm32f407vgtx.o
 .debug_line    0x0000000000002b52      0x8a2 Drivers/STM32F4xx_HAL_Driver/Src/stm32f4xx_hal.o
 .debug_line    0x00000000000033f4      0x9c6 Drivers/STM32F4xx_HAL_Driver/Src/stm32f4xx_hal_cortex.o
 .debug_line    0x0000000000003dba      0x881 Drivers/STM32F4xx_HAL_Driver/Src/stm32f4xx_hal_gpio.o
 .debug_line    0x000000000000463b      0x8fa Drivers/STM32F4xx_HAL_Driver/Src/stm32f4xx_hal_rcc.o
 .debug_line    0x0000000000004f35     0x191b Drivers/STM32F4xx_HAL_Driver/Src/stm32f4xx_hal_tim.o
 .debug_line    0x0000000000006850      0xcb8 Drivers/STM32F4xx_HAL_Driver/Src/stm32f4xx_hal_tim_ex.o
 .debug_line    0x0000000000007508      0xfb0 Drivers/STM32F4xx_HAL_Driver/Src/stm32f4xx_hal_uart.o
 .debug_line    0x00000000000084b8      0x654 FreeRTOS/list.o
 .debug_line    0x0000000000008b0c     0x12bb FreeRTOS/queue.o
 .debug_line    0x0000000000009dc7     0x17bc FreeRTOS/tasks.o
 .debug_line    0x000000000000b583      0xcde FreeRTOS/timers.o
 .debug_line    0x000000000000c261      0xa01 FreeRTOS/portable/ARM_CM4F/port.o
 .debug_line    0x000000000000cc62      0xa53 FreeRTOS/portable/MemMang/heap_4.o

.debug_str      0x0000000000000000    0xd1559
 .debug_str     0x0000000000000000    0xca7d7 Core/Src/main.o
                                      0xcab78 (size before relaxing)
 .debug_str     0x00000000000ca7d7       0x56 Core/Src/stm32f4xx_hal_msp.o
                                      0xc28c8 (size before relaxing)
 .debug_str     0x00000000000ca82d      0x57b Core/Src/stm32f4xx_hal_timebase_tim.o
                                      0xc2dbf (size before relaxing)
 .debug_str     0x00000000000cada8       0xa2 Core/Src/stm32f4xx_it.o
                                      0xc27be (size before relaxing)
 .debug_str     0x00000000000cae4a      0x369 Core/Src/sysmem.o
                                       0x5f73 (size before relaxing)
 .debug_str     0x00000000000cb1b3       0xc4 Core/Src/system_stm32f4xx.o
                                      0xc2449 (size before relaxing)
 .debug_str     0x00000000000cb277       0x36 Core/Startup/startup_stm32f407vgtx.o
                                         0x80 (size before relaxing)
 .debug_str     0x00000000000cb2ad      0x542 Drivers/STM32F4xx_HAL_Driver/Src/stm32f4xx_hal.o
                                      0xc2f16 (size before relaxing)
 .debug_str     0x00000000000cb7ef      0x392 Drivers/STM32F4xx_HAL_Driver/Src/stm32f4xx_hal_cortex.o
                                      0xc2d05 (size before relaxing)
 .debug_str     0x00000000000cbb81      0x20c Drivers/STM32F4xx_HAL_Driver/Src/stm32f4xx_hal_gpio.o
                                      0xc2688 (size before relaxing)
 .debug_str     0x00000000000cbd8d      0x24f Drivers/STM32F4xx_HAL_Driver/Src/stm32f4xx_hal_rcc.o
                                      0xc2836 (size before relaxing)
 .debug_str     0x00000000000cbfdc      0xd6f Drivers/STM32F4xx_HAL_Driver/Src/stm32f4xx_hal_tim.o
                                      0xc3555 (size before relaxing)
 .debug_str     0x00000000000ccd4b      0x4ec Drivers/STM32F4xx_HAL_Driver/Src/stm32f4xx_hal_tim_ex.o
                                      0xc2d55 (size before relaxing)
 .debug_str     0x00000000000cd237      0x516 Drivers/STM32F4xx_HAL_Driver/Src/stm32f4xx_hal_uart.o
                                      0xc2c95 (size before relaxing)
 .debug_str     0x00000000000cd74d      0x23a FreeRTOS/list.o
                                       0xa840 (size before relaxing)
 .debug_str     0x00000000000cd987     0x107a FreeRTOS/queue.o
                                      0xca66e (size before relaxing)
 .debug_str     0x00000000000cea01     0x1c49 FreeRTOS/tasks.o
                                      0xcc610 (size before relaxing)
 .debug_str     0x00000000000d064a      0x4fd FreeRTOS/timers.o
                                      0xcaa6f (size before relaxing)
 .debug_str     0x00000000000d0b47      0x7e0 FreeRTOS/portable/ARM_CM4F/port.o
                                      0xc6d6b (size before relaxing)
 .debug_str     0x00000000000d1327      0x232 FreeRTOS/portable/MemMang/heap_4.o
                                      0xc975f (size before relaxing)

.comment        0x0000000000000000       0x7b
 .comment       0x0000000000000000       0x7b Core/Src/main.o
                                         0x7c (size before relaxing)
 .comment       0x000000000000007b       0x7c Core/Src/stm32f4xx_hal_msp.o
 .comment       0x000000000000007b       0x7c Core/Src/stm32f4xx_hal_timebase_tim.o
 .comment       0x000000000000007b       0x7c Core/Src/stm32f4xx_it.o
 .comment       0x000000000000007b       0x7c Core/Src/sysmem.o
 .comment       0x000000000000007b       0x7c Core/Src/system_stm32f4xx.o
 .comment       0x000000000000007b       0x7c Drivers/STM32F4xx_HAL_Driver/Src/stm32f4xx_hal.o
 .comment       0x000000000000007b       0x7c Drivers/STM32F4xx_HAL_Driver/Src/stm32f4xx_hal_cortex.o
 .comment       0x000000000000007b       0x7c Drivers/STM32F4xx_HAL_Driver/Src/stm32f4xx_hal_gpio.o
 .comment       0x000000000000007b       0x7c Drivers/STM32F4xx_HAL_Driver/Src/stm32f4xx_hal_rcc.o
 .comment       0x000000000000007b       0x7c Drivers/STM32F4xx_HAL_Driver/Src/stm32f4xx_hal_tim.o
 .comment       0x000000000000007b       0x7c Drivers/STM32F4xx_HAL_Driver/Src/stm32f4xx_hal_tim_ex.o
 .comment       0x000000000000007b       0x7c Drivers/STM32F4xx_HAL_Driver/Src/stm32f4xx_hal_uart.o
 .comment       0x000000000000007b       0x7c FreeRTOS/list.o
 .comment       0x000000000000007b       0x7c FreeRTOS/queue.o
 .comment       0x000000000000007b       0x7c FreeRTOS/tasks.o
 .comment       0x000000000000007b       0x7c FreeRTOS/timers.o
 .comment       0x000000000000007b       0x7c FreeRTOS/portable/ARM_CM4F/port.o
 .comment       0x000000000000007b       0x7c FreeRTOS/portable/MemMang/heap_4.o

.debug_frame    0x0000000000000000     0x46c8
 .debug_frame   0x0000000000000000      0x14c Core/Src/main.o
 .debug_frame   0x000000000000014c       0x80 Core/Src/stm32f4xx_hal_msp.o
 .debug_frame   0x00000000000001cc       0x74 Core/Src/stm32f4xx_hal_timebase_tim.o
 .debug_frame   0x0000000000000240       0xc4 Core/Src/stm32f4xx_it.o
 .debug_frame   0x0000000000000304       0x34 Core/Src/sysmem.o
 .debug_frame   0x0000000000000338       0x58 Core/Src/system_stm32f4xx.o
 .debug_frame   0x0000000000000390      0x374 Drivers/STM32F4xx_HAL_Driver/Src/stm32f4xx_hal.o
 .debug_frame   0x0000000000000704      0x498 Drivers/STM32F4xx_HAL_Driver/Src/stm32f4xx_hal_cortex.o
 .debug_frame   0x0000000000000b9c      0x14c Drivers/STM32F4xx_HAL_Driver/Src/stm32f4xx_hal_gpio.o
 .debug_frame   0x0000000000000ce8      0x1f0 Drivers/STM32F4xx_HAL_Driver/Src/stm32f4xx_hal_rcc.o
 .debug_frame   0x0000000000000ed8     0x10f0 Drivers/STM32F4xx_HAL_Driver/Src/stm32f4xx_hal_tim.o
 .debug_frame   0x0000000000001fc8      0x5c0 Drivers/STM32F4xx_HAL_Driver/Src/stm32f4xx_hal_tim_ex.o
 .debug_frame   0x0000000000002588      0x844 Drivers/STM32F4xx_HAL_Driver/Src/stm32f4xx_hal_uart.o
 .debug_frame   0x0000000000002dcc       0xd8 FreeRTOS/list.o
 .debug_frame   0x0000000000002ea4      0x530 FreeRTOS/queue.o
 .debug_frame   0x00000000000033d4      0x8cc FreeRTOS/tasks.o
 .debug_frame   0x0000000000003ca0      0x368 FreeRTOS/timers.o
 .debug_frame   0x0000000000004008      0x1a8 FreeRTOS/portable/ARM_CM4F/port.o
 .debug_frame   0x00000000000041b0      0x108 FreeRTOS/portable/MemMang/heap_4.o
 .debug_frame   0x00000000000042b8       0x20 /opt/st/stm32cubeide_1.5.1/plugins/com.st.stm32cube.ide.mcu.externaltools.gnu-tools-for-stm32.7-2018-q2-update.linux64_1.5.0.202011040924/tools/bin/../lib/gcc/arm-none-eabi/7.3.1/../../../../arm-none-eabi/lib/thumb/v7e-m/fpv4-sp/hard/libc_nano.a(lib_a-errno.o)
 .debug_frame   0x00000000000042d8       0x2c /opt/st/stm32cubeide_1.5.1/plugins/com.st.stm32cube.ide.mcu.externaltools.gnu-tools-for-stm32.7-2018-q2-update.linux64_1.5.0.202011040924/tools/bin/../lib/gcc/arm-none-eabi/7.3.1/../../../../arm-none-eabi/lib/thumb/v7e-m/fpv4-sp/hard/libc_nano.a(lib_a-init.o)
 .debug_frame   0x0000000000004304       0x28 /opt/st/stm32cubeide_1.5.1/plugins/com.st.stm32cube.ide.mcu.externaltools.gnu-tools-for-stm32.7-2018-q2-update.linux64_1.5.0.202011040924/tools/bin/../lib/gcc/arm-none-eabi/7.3.1/../../../../arm-none-eabi/lib/thumb/v7e-m/fpv4-sp/hard/libc_nano.a(lib_a-memcpy-stub.o)
 .debug_frame   0x000000000000432c       0x20 /opt/st/stm32cubeide_1.5.1/plugins/com.st.stm32cube.ide.mcu.externaltools.gnu-tools-for-stm32.7-2018-q2-update.linux64_1.5.0.202011040924/tools/bin/../lib/gcc/arm-none-eabi/7.3.1/../../../../arm-none-eabi/lib/thumb/v7e-m/fpv4-sp/hard/libc_nano.a(lib_a-memset.o)
 .debug_frame   0x000000000000434c       0x6c /opt/st/stm32cubeide_1.5.1/plugins/com.st.stm32cube.ide.mcu.externaltools.gnu-tools-for-stm32.7-2018-q2-update.linux64_1.5.0.202011040924/tools/bin/../lib/gcc/arm-none-eabi/7.3.1/../../../../arm-none-eabi/lib/thumb/v7e-m/fpv4-sp/hard/libc_nano.a(lib_a-sprintf.o)
 .debug_frame   0x00000000000043b8       0x20 /opt/st/stm32cubeide_1.5.1/plugins/com.st.stm32cube.ide.mcu.externaltools.gnu-tools-for-stm32.7-2018-q2-update.linux64_1.5.0.202011040924/tools/bin/../lib/gcc/arm-none-eabi/7.3.1/../../../../arm-none-eabi/lib/thumb/v7e-m/fpv4-sp/hard/libc_nano.a(lib_a-strcmp.o)
 .debug_frame   0x00000000000043d8       0x90 /opt/st/stm32cubeide_1.5.1/plugins/com.st.stm32cube.ide.mcu.externaltools.gnu-tools-for-stm32.7-2018-q2-update.linux64_1.5.0.202011040924/tools/bin/../lib/gcc/arm-none-eabi/7.3.1/../../../../arm-none-eabi/lib/thumb/v7e-m/fpv4-sp/hard/libc_nano.a(lib_a-nano-svfprintf.o)
 .debug_frame   0x0000000000004468       0x60 /opt/st/stm32cubeide_1.5.1/plugins/com.st.stm32cube.ide.mcu.externaltools.gnu-tools-for-stm32.7-2018-q2-update.linux64_1.5.0.202011040924/tools/bin/../lib/gcc/arm-none-eabi/7.3.1/../../../../arm-none-eabi/lib/thumb/v7e-m/fpv4-sp/hard/libc_nano.a(lib_a-nano-vfprintf_i.o)
 .debug_frame   0x00000000000044c8       0x28 /opt/st/stm32cubeide_1.5.1/plugins/com.st.stm32cube.ide.mcu.externaltools.gnu-tools-for-stm32.7-2018-q2-update.linux64_1.5.0.202011040924/tools/bin/../lib/gcc/arm-none-eabi/7.3.1/../../../../arm-none-eabi/lib/thumb/v7e-m/fpv4-sp/hard/libc_nano.a(lib_a-memmove.o)
 .debug_frame   0x00000000000044f0       0x38 /opt/st/stm32cubeide_1.5.1/plugins/com.st.stm32cube.ide.mcu.externaltools.gnu-tools-for-stm32.7-2018-q2-update.linux64_1.5.0.202011040924/tools/bin/../lib/gcc/arm-none-eabi/7.3.1/../../../../arm-none-eabi/lib/thumb/v7e-m/fpv4-sp/hard/libc_nano.a(lib_a-nano-freer.o)
 .debug_frame   0x0000000000004528       0x2c /opt/st/stm32cubeide_1.5.1/plugins/com.st.stm32cube.ide.mcu.externaltools.gnu-tools-for-stm32.7-2018-q2-update.linux64_1.5.0.202011040924/tools/bin/../lib/gcc/arm-none-eabi/7.3.1/../../../../arm-none-eabi/lib/thumb/v7e-m/fpv4-sp/hard/libc_nano.a(lib_a-nano-mallocr.o)
 .debug_frame   0x0000000000004554       0x3c /opt/st/stm32cubeide_1.5.1/plugins/com.st.stm32cube.ide.mcu.externaltools.gnu-tools-for-stm32.7-2018-q2-update.linux64_1.5.0.202011040924/tools/bin/../lib/gcc/arm-none-eabi/7.3.1/../../../../arm-none-eabi/lib/thumb/v7e-m/fpv4-sp/hard/libc_nano.a(lib_a-nano-reallocr.o)
 .debug_frame   0x0000000000004590       0x2c /opt/st/stm32cubeide_1.5.1/plugins/com.st.stm32cube.ide.mcu.externaltools.gnu-tools-for-stm32.7-2018-q2-update.linux64_1.5.0.202011040924/tools/bin/../lib/gcc/arm-none-eabi/7.3.1/../../../../arm-none-eabi/lib/thumb/v7e-m/fpv4-sp/hard/libc_nano.a(lib_a-sbrkr.o)
 .debug_frame   0x00000000000045bc       0x30 /opt/st/stm32cubeide_1.5.1/plugins/com.st.stm32cube.ide.mcu.externaltools.gnu-tools-for-stm32.7-2018-q2-update.linux64_1.5.0.202011040924/tools/bin/../lib/gcc/arm-none-eabi/7.3.1/../../../../arm-none-eabi/lib/thumb/v7e-m/fpv4-sp/hard/libc_nano.a(lib_a-mlock.o)
 .debug_frame   0x00000000000045ec       0x20 /opt/st/stm32cubeide_1.5.1/plugins/com.st.stm32cube.ide.mcu.externaltools.gnu-tools-for-stm32.7-2018-q2-update.linux64_1.5.0.202011040924/tools/bin/../lib/gcc/arm-none-eabi/7.3.1/../../../../arm-none-eabi/lib/thumb/v7e-m/fpv4-sp/hard/libc_nano.a(lib_a-nano-msizer.o)
 .debug_frame   0x000000000000460c       0x5c /opt/st/stm32cubeide_1.5.1/plugins/com.st.stm32cube.ide.mcu.externaltools.gnu-tools-for-stm32.7-2018-q2-update.linux64_1.5.0.202011040924/tools/bin/../lib/gcc/arm-none-eabi/7.3.1/../../../../arm-none-eabi/lib/thumb/v7e-m/fpv4-sp/hard/libc_nano.a(lib_a-reent.o)
 .debug_frame   0x0000000000004668       0x2c /opt/st/stm32cubeide_1.5.1/plugins/com.st.stm32cube.ide.mcu.externaltools.gnu-tools-for-stm32.7-2018-q2-update.linux64_1.5.0.202011040924/tools/bin/../lib/gcc/arm-none-eabi/7.3.1/thumb/v7e-m/fpv4-sp/hard/libgcc.a(_aeabi_uldivmod.o)
 .debug_frame   0x0000000000004694       0x34 /opt/st/stm32cubeide_1.5.1/plugins/com.st.stm32cube.ide.mcu.externaltools.gnu-tools-for-stm32.7-2018-q2-update.linux64_1.5.0.202011040924/tools/bin/../lib/gcc/arm-none-eabi/7.3.1/thumb/v7e-m/fpv4-sp/hard/libgcc.a(_udivmoddi4.o)